Component: ARM Compiler 5.06 update 7 (build 960) Tool: armlink [4d3601]

==============================================================================

Section Cross References

    system_stm32f10x.o(i.SetSysClock) refers to system_stm32f10x.o(i.SetSysClockTo72) for SetSysClockTo72
    system_stm32f10x.o(i.SystemCoreClockUpdate) refers to system_stm32f10x.o(.data) for SystemCoreClock
    system_stm32f10x.o(i.SystemInit) refers to system_stm32f10x.o(i.SetSysClock) for SetSysClock
    startup_stm32f10x_hd.o(STACK) refers (Special) to heapauxi.o(.text) for __use_two_region_memory
    startup_stm32f10x_hd.o(HEAP) refers (Special) to heapauxi.o(.text) for __use_two_region_memory
    startup_stm32f10x_hd.o(RESET) refers (Special) to heapauxi.o(.text) for __use_two_region_memory
    startup_stm32f10x_hd.o(RESET) refers to startup_stm32f10x_hd.o(STACK) for __initial_sp
    startup_stm32f10x_hd.o(RESET) refers to startup_stm32f10x_hd.o(.text) for Reset_Handler
    startup_stm32f10x_hd.o(RESET) refers to stm32f10x_it.o(i.NMI_Handler) for NMI_Handler
    startup_stm32f10x_hd.o(RESET) refers to stm32f10x_it.o(i.HardFault_Handler) for HardFault_Handler
    startup_stm32f10x_hd.o(RESET) refers to stm32f10x_it.o(i.MemManage_Handler) for MemManage_Handler
    startup_stm32f10x_hd.o(RESET) refers to stm32f10x_it.o(i.BusFault_Handler) for BusFault_Handler
    startup_stm32f10x_hd.o(RESET) refers to stm32f10x_it.o(i.UsageFault_Handler) for UsageFault_Handler
    startup_stm32f10x_hd.o(RESET) refers to stm32f10x_it.o(i.SVC_Handler) for SVC_Handler
    startup_stm32f10x_hd.o(RESET) refers to stm32f10x_it.o(i.DebugMon_Handler) for DebugMon_Handler
    startup_stm32f10x_hd.o(RESET) refers to stm32f10x_it.o(i.PendSV_Handler) for PendSV_Handler
    startup_stm32f10x_hd.o(RESET) refers to stm32f10x_it.o(i.SysTick_Handler) for SysTick_Handler
    startup_stm32f10x_hd.o(RESET) refers to uart.o(i.USART2_IRQHandler) for USART2_IRQHandler
    startup_stm32f10x_hd.o(RESET) refers to motor.o(i.TIM6_IRQHandler) for TIM6_IRQHandler
    startup_stm32f10x_hd.o(RESET) refers to 6050control.o(i.TIM7_IRQHandler) for TIM7_IRQHandler
    startup_stm32f10x_hd.o(.text) refers (Special) to heapauxi.o(.text) for __use_two_region_memory
    startup_stm32f10x_hd.o(.text) refers to __main.o(!!!main) for __main
    startup_stm32f10x_hd.o(.text) refers to startup_stm32f10x_hd.o(HEAP) for Heap_Mem
    startup_stm32f10x_hd.o(.text) refers to startup_stm32f10x_hd.o(STACK) for Stack_Mem
    stm32f10x_adc.o(i.ADC_DeInit) refers to stm32f10x_rcc.o(i.RCC_APB2PeriphResetCmd) for RCC_APB2PeriphResetCmd
    stm32f10x_bkp.o(i.BKP_DeInit) refers to stm32f10x_rcc.o(i.RCC_BackupResetCmd) for RCC_BackupResetCmd
    stm32f10x_can.o(i.CAN_DeInit) refers to stm32f10x_rcc.o(i.RCC_APB1PeriphResetCmd) for RCC_APB1PeriphResetCmd
    stm32f10x_can.o(i.CAN_GetITStatus) refers to stm32f10x_can.o(i.CheckITStatus) for CheckITStatus
    stm32f10x_cec.o(i.CEC_DeInit) refers to stm32f10x_rcc.o(i.RCC_APB1PeriphResetCmd) for RCC_APB1PeriphResetCmd
    stm32f10x_dac.o(i.DAC_DeInit) refers to stm32f10x_rcc.o(i.RCC_APB1PeriphResetCmd) for RCC_APB1PeriphResetCmd
    stm32f10x_flash.o(i.FLASH_EnableWriteProtection) refers to stm32f10x_flash.o(i.FLASH_WaitForLastOperation) for FLASH_WaitForLastOperation
    stm32f10x_flash.o(i.FLASH_EraseAllBank1Pages) refers to stm32f10x_flash.o(i.FLASH_WaitForLastBank1Operation) for FLASH_WaitForLastBank1Operation
    stm32f10x_flash.o(i.FLASH_EraseAllPages) refers to stm32f10x_flash.o(i.FLASH_WaitForLastOperation) for FLASH_WaitForLastOperation
    stm32f10x_flash.o(i.FLASH_EraseOptionBytes) refers to stm32f10x_flash.o(i.FLASH_GetReadOutProtectionStatus) for FLASH_GetReadOutProtectionStatus
    stm32f10x_flash.o(i.FLASH_EraseOptionBytes) refers to stm32f10x_flash.o(i.FLASH_WaitForLastOperation) for FLASH_WaitForLastOperation
    stm32f10x_flash.o(i.FLASH_ErasePage) refers to stm32f10x_flash.o(i.FLASH_WaitForLastOperation) for FLASH_WaitForLastOperation
    stm32f10x_flash.o(i.FLASH_ProgramHalfWord) refers to stm32f10x_flash.o(i.FLASH_WaitForLastOperation) for FLASH_WaitForLastOperation
    stm32f10x_flash.o(i.FLASH_ProgramOptionByteData) refers to stm32f10x_flash.o(i.FLASH_WaitForLastOperation) for FLASH_WaitForLastOperation
    stm32f10x_flash.o(i.FLASH_ProgramWord) refers to stm32f10x_flash.o(i.FLASH_WaitForLastOperation) for FLASH_WaitForLastOperation
    stm32f10x_flash.o(i.FLASH_ReadOutProtection) refers to stm32f10x_flash.o(i.FLASH_WaitForLastOperation) for FLASH_WaitForLastOperation
    stm32f10x_flash.o(i.FLASH_UserOptionByteConfig) refers to stm32f10x_flash.o(i.FLASH_WaitForLastOperation) for FLASH_WaitForLastOperation
    stm32f10x_flash.o(i.FLASH_WaitForLastBank1Operation) refers to stm32f10x_flash.o(i.FLASH_GetBank1Status) for FLASH_GetBank1Status
    stm32f10x_flash.o(i.FLASH_WaitForLastOperation) refers to stm32f10x_flash.o(i.FLASH_GetBank1Status) for FLASH_GetBank1Status
[...]
    .ARM.Collect$$rtentry$$0000000C          0x080001f6   Section        0  __rtentry2.o(.ARM.Collect$$rtentry$$0000000C)
    .ARM.Collect$$rtentry$$0000000D          0x080001f6   Section        8  __rtentry2.o(.ARM.Collect$$rtentry$$0000000D)
    .ARM.Collect$$rtexit$$00000000           0x080001fe   Section        2  rtexit.o(.ARM.Collect$$rtexit$$00000000)
    .ARM.Collect$$rtexit$$00000002           0x08000200   Section        0  rtexit2.o(.ARM.Collect$$rtexit$$00000002)
    .ARM.Collect$$rtexit$$00000003           0x08000200   Section        4  rtexit2.o(.ARM.Collect$$rtexit$$00000003)
    .ARM.Collect$$rtexit$$00000004           0x08000204   Section        6  rtexit2.o(.ARM.Collect$$rtexit$$00000004)
    .text                                    0x0800020c   Section       56  startup_stm32f10x_hd.o(.text)
    .text                                    0x08000244   Section      100  rt_memcpy_w.o(.text)
    .text                                    0x080002a8   Section        0  heapauxi.o(.text)
    .text                                    0x080002ae   Section       74  sys_stackheap_outer.o(.text)
    .text                                    0x080002f8   Section        0  exit.o(.text)
    .text                                    0x0800030c   Section        8  libspace.o(.text)
    .text                                    0x08000314   Section        0  sys_exit.o(.text)
    .text                                    0x08000320   Section        2  use_no_semi.o(.text)
    .text                                    0x08000322   Section        0  indicate_semi.o(.text)
    i.BusFault_Handler                       0x08000322   Section        0  stm32f10x_it.o(i.BusFault_Handler)
    i.DebugMon_Handler                       0x08000326   Section        0  stm32f10x_it.o(i.DebugMon_Handler)
    i.Delay_ms                               0x08000328   Section        0  delay.o(i.Delay_ms)
    i.Delay_us                               0x08000340   Section        0  delay.o(i.Delay_us)
    i.GPIO_Init                              0x0800036e   Section        0  stm32f10x_gpio.o(i.GPIO_Init)
    i.GPIO_PinRemapConfig                    0x08000484   Section        0  stm32f10x_gpio.o(i.GPIO_PinRemapConfig)
    i.GPIO_ReadInputDataBit                  0x08000514   Section        0  stm32f10x_gpio.o(i.GPIO_ReadInputDataBit)
    i.GPIO_ResetBits                         0x08000526   Section        0  stm32f10x_gpio.o(i.GPIO_ResetBits)
    i.GPIO_SetBits                           0x0800052a   Section        0  stm32f10x_gpio.o(i.GPIO_SetBits)
    i.HardFault_Handler                      0x0800052e   Section        0  stm32f10x_it.o(i.HardFault_Handler)
    i.I2C_AcknowledgeConfig                  0x08000532   Section        0  stm32f10x_i2c.o(i.I2C_AcknowledgeConfig)
    i.I2C_CheckEvent                         0x0800054a   Section        0  stm32f10x_i2c.o(i.I2C_CheckEvent)
    i.I2C_Cmd                                0x08000574   Section        0  stm32f10x_i2c.o(i.I2C_Cmd)
    i.I2C_GenerateSTART                      0x0800058c   Section        0  stm32f10x_i2c.o(i.I2C_GenerateSTART)
    i.I2C_GenerateSTOP                       0x080005a4   Section        0  stm32f10x_i2c.o(i.I2C_GenerateSTOP)
    i.I2C_Init                               0x080005bc   Section        0  stm32f10x_i2c.o(i.I2C_Init)
    i.I2C_ReceiveData                        0x080006a8   Section        0  stm32f10x_i2c.o(i.I2C_ReceiveData)
    i.I2C_Send7bitAddress                    0x080006b0   Section        0  stm32f10x_i2c.o(i.I2C_Send7bitAddress)
    i.I2C_SendData                           0x080006c2   Section        0  stm32f10x_i2c.o(i.I2C_SendData)
    i.MPU6050_GetData                        0x080006c6   Section        0  mpu6050.o(i.MPU6050_GetData)
    i.MPU6050_GetID                          0x08000702   Section        0  mpu6050.o(i.MPU6050_GetID)
    i.MPU6050_Init                           0x0800070c   Section        0  mpu6050.o(i.MPU6050_Init)
    i.MPU6050_ReadReg                        0x080007fc   Section        0  mpu6050.o(i.MPU6050_ReadReg)
    i.MPU6050_WaitEvent                      0x08000894   Section        0  mpu6050.o(i.MPU6050_WaitEvent)
    i.MPU6050_WriteReg                       0x080008b8   Section        0  mpu6050.o(i.MPU6050_WriteReg)
    i.MemManage_Handler                      0x0800091c   Section        0  stm32f10x_it.o(i.MemManage_Handler)
    i.NMI_Handler                            0x08000920   Section        0  stm32f10x_it.o(i.NMI_Handler)
    i.NVIC_Init                              0x08000924   Section        0  misc.o(i.NVIC_Init)
    i.NVIC_PriorityGroupConfig               0x08000994   Section        0  misc.o(i.NVIC_PriorityGroupConfig)
    i.PendSV_Handler                         0x080009a8   Section        0  stm32f10x_it.o(i.PendSV_Handler)
    i.RCC_APB1PeriphClockCmd                 0x080009ac   Section        0  stm32f10x_rcc.o(i.RCC_APB1PeriphClockCmd)
    i.RCC_APB2PeriphClockCmd                 0x080009cc   Section        0  stm32f10x_rcc.o(i.RCC_APB2PeriphClockCmd)
    i.RCC_GetClocksFreq                      0x080009ec   Section        0  stm32f10x_rcc.o(i.RCC_GetClocksFreq)
    i.Read_BL_Direction                      0x08000ac0   Section        0  motor.o(i.Read_BL_Direction)
    i.Read_BR_Direction                      0x08000ad0   Section        0  motor.o(i.Read_BR_Direction)
    i.Read_FL_Direction                      0x08000ae4   Section        0  motor.o(i.Read_FL_Direction)
    i.Read_FR_Direction                      0x08000af8   Section        0  motor.o(i.Read_FR_Direction)
    i.SVC_Handler                            0x08000b0c   Section        0  stm32f10x_it.o(i.SVC_Handler)
    i.Serial_Init                            0x08000b10   Section        0  uart.o(i.Serial_Init)
    i.Serial_SendByte                        0x08000bc4   Section        0  uart.o(i.Serial_SendByte)
    i.SetSysClock                            0x08000be4   Section        0  system_stm32f10x.o(i.SetSysClock)
    SetSysClock                              0x08000be5   Thumb Code     8  system_stm32f10x.o(i.SetSysClock)
    i.SetSysClockTo72                        0x08000bec   Section        0  system_stm32f10x.o(i.SetSysClockTo72)
    SetSysClockTo72                          0x08000bed   Thumb Code   214  system_stm32f10x.o(i.SetSysClockTo72)
    i.SysTick_Handler                        0x08000ccc   Section        0  stm32f10x_it.o(i.SysTick_Handler)
    i.SystemInit                             0x08000cd0   Section        0  system_stm32f10x.o(i.SystemInit)
    i.TIM1_ETR_Config                        0x08000d30   Section        0  motor.o(i.TIM1_ETR_Config)
    i.TIM2_ETR_Config                        0x08000d94   Section        0  motor.o(i.TIM2_ETR_Config)
    i.TIM3_ETR_Config                        0x08000e0c   Section        0  motor.o(i.TIM3_ETR_Config)
    i.TIM6_Configuration                     0x08000e74   Section        0  motor.o(i.TIM6_Configuration)
    i.TIM6_IRQHandler                        0x08000ed4   Section        0  motor.o(i.TIM6_IRQHandler)
    i.TIM7_Configuration                     0x08001498   Section        0  6050control.o(i.TIM7_Configuration)
    i.TIM7_IRQHandler                        0x080014f8   Section        0  6050control.o(i.TIM7_IRQHandler)
    i.TIM8_ETR_Config                        0x08001574   Section        0  motor.o(i.TIM8_ETR_Config)
    i.TIM_ClearITPendingBit                  0x080015d8   Section        0  stm32f10x_tim.o(i.TIM_ClearITPendingBit)
    i.TIM_Cmd                                0x080015de   Section        0  stm32f10x_tim.o(i.TIM_Cmd)
    i.TIM_ETRClockMode2Config                0x080015f6   Section        0  stm32f10x_tim.o(i.TIM_ETRClockMode2Config)
    i.TIM_ETRConfig                          0x08001616   Section        0  stm32f10x_tim.o(i.TIM_ETRConfig)
    i.TIM_GetCounter                         0x08001632   Section        0  stm32f10x_tim.o(i.TIM_GetCounter)
    i.TIM_GetITStatus                        0x08001638   Section        0  stm32f10x_tim.o(i.TIM_GetITStatus)
    i.TIM_ITConfig                           0x0800165a   Section        0  stm32f10x_tim.o(i.TIM_ITConfig)
    i.TIM_InternalClockConfig                0x0800166c   Section        0  stm32f10x_tim.o(i.TIM_InternalClockConfig)
    i.TIM_OC1Init                            0x08001678   Section        0  stm32f10x_tim.o(i.TIM_OC1Init)
    i.TIM_OC2Init                            0x08001710   Section        0  stm32f10x_tim.o(i.TIM_OC2Init)
    i.TIM_OC3Init                            0x080017b4   Section        0  stm32f10x_tim.o(i.TIM_OC3Init)
    i.TIM_OC4Init                            0x08001854   Section        0  stm32f10x_tim.o(i.TIM_OC4Init)
    i.TIM_OCStructInit                       0x080018d0   Section        0  stm32f10x_tim.o(i.TIM_OCStructInit)
    i.TIM_SetCompare1                        0x080018e4   Section        0  stm32f10x_tim.o(i.TIM_SetCompare1)
    i.TIM_SetCompare2                        0x080018e8   Section        0  stm32f10x_tim.o(i.TIM_SetCompare2)
    i.TIM_SetCompare3                        0x080018ec   Section        0  stm32f10x_tim.o(i.TIM_SetCompare3)
    i.TIM_SetCompare4                        0x080018f0   Section        0  stm32f10x_tim.o(i.TIM_SetCompare4)
    i.TIM_SetCounter                         0x080018f6   Section        0  stm32f10x_tim.o(i.TIM_SetCounter)
    i.TIM_TimeBaseInit                       0x080018fc   Section        0  stm32f10x_tim.o(i.TIM_TimeBaseInit)
    i.UART4_Init                             0x080019a0   Section        0  uart.o(i.UART4_Init)
    i.USART2_IRQHandler                      0x08001a20   Section        0  uart.o(i.USART2_IRQHandler)
    i.USART_ClearITPendingBit                0x08001b44   Section        0  stm32f10x_usart.o(i.USART_ClearITPendingBit)
    i.USART_Cmd                              0x08001b62   Section        0  stm32f10x_usart.o(i.USART_Cmd)
    i.USART_GetFlagStatus                    0x08001b7a   Section        0  stm32f10x_usart.o(i.USART_GetFlagStatus)
    i.USART_GetITStatus                      0x08001b94   Section        0  stm32f10x_usart.o(i.USART_GetITStatus)
    i.USART_ITConfig                         0x08001be8   Section        0  stm32f10x_usart.o(i.USART_ITConfig)
    i.USART_Init                             0x08001c34   Section        0  stm32f10x_usart.o(i.USART_Init)
    i.USART_ReceiveData                      0x08001d0c   Section        0  stm32f10x_usart.o(i.USART_ReceiveData)
    i.USART_SendData                         0x08001d16   Section        0  stm32f10x_usart.o(i.USART_SendData)
    i.USART_SendFrame                        0x08001d1e   Section        0  uart.o(i.USART_SendFrame)
    i.UsageFault_Handler                     0x08001d5c   Section        0  stm32f10x_it.o(i.UsageFault_Handler)
    i.cheak_corner                           0x08001d60   Section        0  motor.o(i.cheak_corner)
    i.close_to_target                        0x08001d80   Section        0  motor.o(i.close_to_target)
    i.complementary_filter                   0x08001f28   Section        0  motor.o(i.complementary_filter)
    i.control_motor                          0x08001f5a   Section        0  motor.o(i.control_motor)
    i.dir_gpio_input_Config                  0x08001f90   Section        0  motor.o(i.dir_gpio_input_Config)
    i.get_6050_data                          0x08001fdc   Section        0  6050control.o(i.get_6050_data)
    i.init                                   0x08002094   Section        0  main.o(i.init)
    i.init_6050                              0x080020dc   Section        0  6050control.o(i.init_6050)
    i.init_gray_scale_module_gpio            0x08002150   Section        0  gpio.o(i.init_gray_scale_module_gpio)
    i.init_pid                               0x0800219c   Section        0  motor.o(i.init_pid)
    i.init_pid_angle                         0x08002278   Section        0  6050control.o(i.init_pid_angle)
    i.kalman_init                            0x080022a4   Section        0  6050control.o(i.kalman_init)
    i.kalman_update                          0x080022b2   Section        0  6050control.o(i.kalman_update)
    i.main                                   0x0800230c   Section        0  main.o(i.main)
    i.motor_dir_gpio_init                    0x08002388   Section        0  gpio.o(i.motor_dir_gpio_init)
    i.motor_dir_select                       0x08002430   Section        0  gpio.o(i.motor_dir_select)
    i.motor_init                             0x080024cc   Section        0  motor.o(i.motor_init)
    i.mpu_6050_corretion                     0x080024d8   Section        0  6050control.o(i.mpu_6050_corretion)
    i.pid_angle_init                         0x0800261c   Section        0  6050control.o(i.pid_angle_init)
    i.pid_compute                            0x08002630   Section        0  motor.o(i.pid_compute)
    i.pid_compute_angle                      0x080026d0   Section        0  6050control.o(i.pid_compute_angle)
    i.pid_init                               0x080027c4   Section        0  motor.o(i.pid_init)
    i.pwm_init                               0x080027d8   Section        0  gpio.o(i.pwm_init)
    i.pwm_set_duty_cycle                     0x08002888   Section        0  gpio.o(i.pwm_set_duty_cycle)
    i.read_gray_scale_module                 0x080028e0   Section        0  gpio.o(i.read_gray_scale_module)
    i.send_data                              0x080029d0   Section        0  uart.o(i.send_data)
    i.send_to_win                            0x08002a0c   Section        0  main.o(i.send_to_win)
    i.stop_the_car                           0x08002b14   Section        0  motor.o(i.stop_the_car)
    i.toggle_delta_v                         0x08002b88   Section        0  motor.o(i.toggle_delta_v)
    x$fpl$d2f                                0x08002b94   Section       98  d2f.o(x$fpl$d2f)
    x$fpl$dadd                               0x08002bf8   Section      336  daddsub_clz.o(x$fpl$dadd)
    _dadd1                                   0x08002c09   Thumb Code     0  daddsub_clz.o(x$fpl$dadd)
    x$fpl$dcmpinf                            0x08002d48   Section       24  dcmpi.o(x$fpl$dcmpinf)
    x$fpl$ddiv                               0x08002d60   Section      688  ddiv.o(x$fpl$ddiv)
    ddiv_entry                               0x08002d67   Thumb Code     0  ddiv.o(x$fpl$ddiv)
    x$fpl$dflt                               0x08003010   Section       46  dflt_clz.o(x$fpl$dflt)
    x$fpl$dleqf                              0x08003040   Section      120  dleqf.o(x$fpl$dleqf)
    x$fpl$dmul                               0x080030b8   Section      340  dmul.o(x$fpl$dmul)
    x$fpl$dnaninf                            0x0800320c   Section      156  dnaninf.o(x$fpl$dnaninf)
    x$fpl$dretinf                            0x080032a8   Section       12  dretinf.o(x$fpl$dretinf)
    x$fpl$drleqf                             0x080032b4   Section      108  drleqf.o(x$fpl$drleqf)
    x$fpl$dsub                               0x08003320   Section      468  daddsub_clz.o(x$fpl$dsub)
    _dsub1                                   0x08003331   Thumb Code     0  daddsub_clz.o(x$fpl$dsub)
    x$fpl$f2d                                0x080034f4   Section       86  f2d.o(x$fpl$f2d)
    x$fpl$fadd                               0x0800354c   Section      196  faddsub_clz.o(x$fpl$fadd)
    _fadd1                                   0x0800355b   Thumb Code     0  faddsub_clz.o(x$fpl$fadd)
    x$fpl$fcmpinf                            0x08003610   Section       24  fcmpi.o(x$fpl$fcmpinf)
    x$fpl$fdiv                               0x08003628   Section      388  fdiv.o(x$fpl$fdiv)
    _fdiv1                                   0x08003629   Thumb Code     0  fdiv.o(x$fpl$fdiv)
    x$fpl$ffix                               0x080037ac   Section       54  ffix.o(x$fpl$ffix)
    x$fpl$fflt                               0x080037e4   Section       48  fflt_clz.o(x$fpl$fflt)
    x$fpl$ffltu                              0x08003814   Section       38  fflt_clz.o(x$fpl$ffltu)
    x$fpl$fleqf                              0x0800383c   Section      104  fleqf.o(x$fpl$fleqf)
    x$fpl$fmul                               0x080038a4   Section      258  fmul.o(x$fpl$fmul)
    x$fpl$fnaninf                            0x080039a6   Section      140  fnaninf.o(x$fpl$fnaninf)
    x$fpl$fretinf                            0x08003a32   Section       10  fretinf.o(x$fpl$fretinf)
    x$fpl$frleqf                             0x08003a3c   Section       98  frleqf.o(x$fpl$frleqf)
    x$fpl$frsb                               0x08003a9e   Section       20  faddsub_clz.o(x$fpl$frsb)
    x$fpl$fsub                               0x08003ab4   Section      234  faddsub_clz.o(x$fpl$fsub)
    _fsub1                                   0x08003ac3   Thumb Code     0  faddsub_clz.o(x$fpl$fsub)
    x$fpl$usenofp                            0x08003b9e   Section        0  usenofp.o(x$fpl$usenofp)
    .data                                    0x20000000   Section       20  stm32f10x_rcc.o(.data)
    APBAHBPrescTable                         0x20000000   Data          16  stm32f10x_rcc.o(.data)
    ADCPrescTable                            0x20000010   Data           4  stm32f10x_rcc.o(.data)
    .data                                    0x20000014   Section       29  main.o(.data)
    .data                                    0x20000034   Section      164  motor.o(.data)
    .data                                    0x200000d8   Section       22  uart.o(.data)
    RxState                                  0x200000ec   Data           1  uart.o(.data)
    pRxPacket                                0x200000ed   Data           1  uart.o(.data)
    .data                                    0x200000ee   Section        1  mpu6050.o(.data)
    .data                                    0x200000f0   Section      132  6050control.o(.data)
    .bss                                     0x20000174   Section       88  main.o(.bss)
    .bss                                     0x200001cc   Section      168  motor.o(.bss)
    .bss                                     0x20000274   Section      112  6050control.o(.bss)
    .bss                                     0x200002e4   Section       96  libspace.o(.bss)
    HEAP                                     0x20000348   Section      512  startup_stm32f10x_hd.o(HEAP)
    Heap_Mem                                 0x20000348   Data         512  startup_stm32f10x_hd.o(HEAP)
    STACK                                    0x20000548   Section     1024  startup_stm32f10x_hd.o(STACK)
    Stack_Mem                                0x20000548   Data        1024  startup_stm32f10x_hd.o(STACK)
    __initial_sp                             0x20000948   Data           0  startup_stm32f10x_hd.o(STACK)

    Global Symbols

    Symbol Name                              Value     Ov Type        Size  Object(Section)

    BuildAttributes$$THM_ISAv4$P$D$K$B$S$PE$A:L22UL41UL21$X:L11$S22US41US21$IEEE1$IW$USESV6$~STKCKD$USESV7$~SHL$OSPACE$ROPI$EBA8$UX$STANDARDLIB$REQ8$PRES8$EABIv2 0x00000000   Number         0  anon$$obj.o ABSOLUTE
    __ARM_use_no_argv                        0x00000000   Number         0  main.o ABSOLUTE
    __ARM_exceptions_init                     - Undefined Weak Reference
    __alloca_initialize                       - Undefined Weak Reference
    __arm_fini_                               - Undefined Weak Reference
    __arm_preinit_                            - Undefined Weak Reference
    __cpp_initialize__aeabi_                  - Undefined Weak Reference
    __cxa_finalize                            - Undefined Weak Reference
    __rt_locale                               - Undefined Weak Reference
    __sigvec_lookup                           - Undefined Weak Reference
    _atexit_init                              - Undefined Weak Reference
    _call_atexit_fns                          - Undefined Weak Reference
    _clock_init                               - Undefined Weak Reference
    _fp_trap_init                             - Undefined Weak Reference
    _fp_trap_shutdown                         - Undefined Weak Reference
    _get_lc_collate                           - Undefined Weak Reference
    _get_lc_ctype                             - Undefined Weak Reference
    _get_lc_monetary                          - Undefined Weak Reference
    _get_lc_numeric                           - Undefined Weak Reference
    _get_lc_time                              - Undefined Weak Reference
    _getenv_init                              - Undefined Weak Reference
    _handle_redirection                       - Undefined Weak Reference
    _init_alloc                               - Undefined Weak Reference
    _init_user_alloc                          - Undefined Weak Reference
    _initio                                   - Undefined Weak Reference
    _rand_init                                - Undefined Weak Reference
    _signal_finish                            - Undefined Weak Reference
    _signal_init                              - Undefined Weak Reference
    _terminate_alloc                          - Undefined Weak Reference
    _terminate_user_alloc                     - Undefined Weak Reference
    _terminateio                              - Undefined Weak Reference
    __Vectors_Size                           0x00000130   Number         0  startup_stm32f10x_hd.o ABSOLUTE
    __Vectors                                0x08000000   Data           4  startup_stm32f10x_hd.o(RESET)
    __Vectors_End                            0x08000130   Data           0  startup_stm32f10x_hd.o(RESET)
    __main                                   0x08000131   Thumb Code     8  __main.o(!!!main)
    __scatterload                            0x08000139   Thumb Code     0  __scatter.o(!!!scatter)
    __scatterload_rt2                        0x08000139   Thumb Code    44  __scatter.o(!!!scatter)
    __scatterload_rt2_thumb_only             0x08000139   Thumb Code     0  __scatter.o(!!!scatter)
    __scatterload_null                       0x08000147   Thumb Code     0  __scatter.o(!!!scatter)
    __decompress                             0x0800016d   Thumb Code    90  __dczerorl2.o(!!dczerorl2)
    __decompress1                            0x0800016d   Thumb Code     0  __dczerorl2.o(!!dczerorl2)
    __scatterload_zeroinit                   0x080001c9   Thumb Code    28  __scatter_zi.o(!!handler_zi)
    __rt_lib_init                            0x080001e5   Thumb Code     0  libinit.o(.ARM.Collect$$libinit$$00000000)
    __rt_lib_init_alloca_1                   0x080001e7   Thumb Code     0  libinit2.o(.ARM.Collect$$libinit$$0000002E)
    __rt_lib_init_argv_1                     0x080001e7   Thumb Code     0  libinit2.o(.ARM.Collect$$libinit$$0000002C)
    __rt_lib_init_atexit_1                   0x080001e7   Thumb Code     0  libinit2.o(.ARM.Collect$$libinit$$0000001B)
    __rt_lib_init_clock_1                    0x080001e7   Thumb Code     0  libinit2.o(.ARM.Collect$$libinit$$00000021)
    __rt_lib_init_cpp_1                      0x080001e7   Thumb Code     0  libinit2.o(.ARM.Collect$$libinit$$00000032)
    __rt_lib_init_exceptions_1               0x080001e7   Thumb Code     0  libinit2.o(.ARM.Collect$$libinit$$00000030)
    __rt_lib_init_fp_1                       0x080001e7   Thumb Code     0  libinit2.o(.ARM.Collect$$libinit$$00000002)
    __rt_lib_init_fp_trap_1                  0x080001e7   Thumb Code     0  libinit2.o(.ARM.Collect$$libinit$$0000001F)
    __rt_lib_init_getenv_1                   0x080001e7   Thumb Code     0  libinit2.o(.ARM.Collect$$libinit$$00000023)
    __rt_lib_init_heap_1                     0x080001e7   Thumb Code     0  libinit2.o(.ARM.Collect$$libinit$$0000000A)
    __rt_lib_init_lc_collate_1               0x080001e7   Thumb Code     0  libinit2.o(.ARM.Collect$$libinit$$00000011)
    __rt_lib_init_lc_ctype_1                 0x080001e7   Thumb Code     0  libinit2.o(.ARM.Collect$$libinit$$00000013)
    __rt_lib_init_lc_monetary_1              0x080001e7   Thumb Code     0  libinit2.o(.ARM.Collect$$libinit$$00000015)
    __rt_lib_init_lc_numeric_1               0x080001e7   Thumb Code     0  libinit2.o(.ARM.Collect$$libinit$$00000017)
    __rt_lib_init_lc_time_1                  0x080001e7   Thumb Code     0  libinit2.o(.ARM.Collect$$libinit$$00000019)
    __rt_lib_init_preinit_1                  0x080001e7   Thumb Code     0  libinit2.o(.ARM.Collect$$libinit$$00000004)
    __rt_lib_init_rand_1                     0x080001e7   Thumb Code     0  libinit2.o(.ARM.Collect$$libinit$$0000000E)
    __rt_lib_init_return                     0x080001e7   Thumb Code     0  libinit2.o(.ARM.Collect$$libinit$$00000033)
    __rt_lib_init_signal_1                   0x080001e7   Thumb Code     0  libinit2.o(.ARM.Collect$$libinit$$0000001D)
    __rt_lib_init_stdio_1                    0x080001e7   Thumb Code     0  libinit2.o(.ARM.Collect$$libinit$$00000025)
    __rt_lib_init_user_alloc_1               0x080001e7   Thumb Code     0  libinit2.o(.ARM.Collect$$libinit$$0000000C)
    __rt_lib_shutdown                        0x080001e9   Thumb Code     0  libshutdown.o(.ARM.Collect$$libshutdown$$00000000)
    __rt_lib_shutdown_cpp_1                  0x080001eb   Thumb Code     0  libshutdown2.o(.ARM.Collect$$libshutdown$$00000004)
    __rt_lib_shutdown_fini_1                 0x080001eb   Thumb Code     0  libshutdown2.o(.ARM.Collect$$libshutdown$$00000002)
    __rt_lib_shutdown_fp_trap_1              0x080001eb   Thumb Code     0  libshutdown2.o(.ARM.Collect$$libshutdown$$00000009)
    __rt_lib_shutdown_heap_1                 0x080001eb   Thumb Code     0  libshutdown2.o(.ARM.Collect$$libshutdown$$00000011)
    __rt_lib_shutdown_return                 0x080001eb   Thumb Code     0  libshutdown2.o(.ARM.Collect$$libshutdown$$00000012)
    __rt_lib_shutdown_signal_1               0x080001eb   Thumb Code     0  libshutdown2.o(.ARM.Collect$$libshutdown$$0000000C)
    __rt_lib_shutdown_stdio_1                0x080001eb   Thumb Code     0  libshutdown2.o(.ARM.Collect$$libshutdown$$00000006)
    __rt_lib_shutdown_user_alloc_1           0x080001eb   Thumb Code     0  libshutdown2.o(.ARM.Collect$$libshutdown$$0000000E)
    __rt_entry                               0x080001ed   Thumb Code     0  __rtentry.o(.ARM.Collect$$rtentry$$00000000)
    __rt_entry_presh_1                       0x080001ed   Thumb Code     0  __rtentry2.o(.ARM.Collect$$rtentry$$00000002)
    __rt_entry_sh                            0x080001ed   Thumb Code     0  __rtentry4.o(.ARM.Collect$$rtentry$$00000004)
    __rt_entry_li                            0x080001f3   Thumb Code     0  __rtentry2.o(.ARM.Collect$$rtentry$$0000000A)
    __rt_entry_postsh_1                      0x080001f3   Thumb Code     0  __rtentry2.o(.ARM.Collect$$rtentry$$00000009)
    __rt_entry_main                          0x080001f7   Thumb Code     0  __rtentry2.o(.ARM.Collect$$rtentry$$0000000D)
    __rt_entry_postli_1                      0x080001f7   Thumb Code     0  __rtentry2.o(.ARM.Collect$$rtentry$$0000000C)
    __rt_exit                                0x080001ff   Thumb Code     0  rtexit.o(.ARM.Collect$$rtexit$$00000000)
    __rt_exit_ls                             0x08000201   Thumb Code     0  rtexit2.o(.ARM.Collect$$rtexit$$00000003)
    __rt_exit_prels_1                        0x08000201   Thumb Code     0  rtexit2.o(.ARM.Collect$$rtexit$$00000002)
    __rt_exit_exit                           0x08000205   Thumb Code     0  rtexit2.o(.ARM.Collect$$rtexit$$00000004)
    Reset_Handler                            0x0800020d   Thumb Code     4  startup_stm32f10x_hd.o(.text)
    ADC1_2_IRQHandler                        0x08000223   Thumb Code     0  startup_stm32f10x_hd.o(.text)
    ADC3_IRQHandler                          0x08000223   Thumb Code     0  startup_stm32f10x_hd.o(.text)
    CAN1_RX1_IRQHandler                      0x08000223   Thumb Code     0  startup_stm32f10x_hd.o(.text)
    CAN1_SCE_IRQHandler                      0x08000223   Thumb Code     0  startup_stm32f10x_hd.o(.text)
    DMA1_Channel1_IRQHandler                 0x08000223   Thumb Code     0  startup_stm32f10x_hd.o(.text)
    DMA1_Channel2_IRQHandler                 0x08000223   Thumb Code     0  startup_stm32f10x_hd.o(.text)
    DMA1_Channel3_IRQHandler                 0x08000223   Thumb Code     0  startup_stm32f10x_hd.o(.text)
    DMA1_Channel4_IRQHandler                 0x08000223   Thumb Code     0  startup_stm32f10x_hd.o(.text)
    DMA1_Channel5_IRQHandler                 0x08000223   Thumb Code     0  startup_stm32f10x_hd.o(.text)
    DMA1_Channel6_IRQHandler                 0x08000223   Thumb Code     0  startup_stm32f10x_hd.o(.text)
    DMA1_Channel7_IRQHandler                 0x08000223   Thumb Code     0  startup_stm32f10x_hd.o(.text)
    DMA2_Channel1_IRQHandler                 0x08000223   Thumb Code     0  startup_stm32f10x_hd.o(.text)
    DMA2_Channel2_IRQHandler                 0x08000223   Thumb Code     0  startup_stm32f10x_hd.o(.text)
    DMA2_Channel3_IRQHandler                 0x08000223   Thumb Code     0  startup_stm32f10x_hd.o(.text)
    DMA2_Channel4_5_IRQHandler               0x08000223   Thumb Code     0  startup_stm32f10x_hd.o(.text)
    EXTI0_IRQHandler                         0x08000223   Thumb Code     0  startup_stm32f10x_hd.o(.text)
    EXTI15_10_IRQHandler                     0x08000223   Thumb Code     0  startup_stm32f10x_hd.o(.text)
    EXTI1_IRQHandler                         0x08000223   Thumb Code     0  startup_stm32f10x_hd.o(.text)
    EXTI2_IRQHandler                         0x08000223   Thumb Code     0  startup_stm32f10x_hd.o(.text)
    EXTI3_IRQHandler                         0x08000223   Thumb Code     0  startup_stm32f10x_hd.o(.text)
    EXTI4_IRQHandler                         0x08000223   Thumb Code     0  startup_stm32f10x_hd.o(.text)
    EXTI9_5_IRQHandler                       0x08000223   Thumb Code     0  startup_stm32f10x_hd.o(.text)
    FLASH_IRQHandler                         0x08000223   Thumb Code     0  startup_stm32f10x_hd.o(.text)
    FSMC_IRQHandler                          0x08000223   Thumb Code     0  startup_stm32f10x_hd.o(.text)
    I2C1_ER_IRQHandler                       0x08000223   Thumb Code     0  startup_stm32f10x_hd.o(.text)
    I2C1_EV_IRQHandler                       0x08000223   Thumb Code     0  startup_stm32f10x_hd.o(.text)
    I2C2_ER_IRQHandler                       0x08000223   Thumb Code     0  startup_stm32f10x_hd.o(.text)
    I2C2_EV_IRQHandler                       0x08000223   Thumb Code     0  startup_stm32f10x_hd.o(.text)
    PVD_IRQHandler                           0x08000223   Thumb Code     0  startup_stm32f10x_hd.o(.text)
    RCC_IRQHandler                           0x08000223   Thumb Code     0  startup_stm32f10x_hd.o(.text)
    RTCAlarm_IRQHandler                      0x08000223   Thumb Code     0  startup_stm32f10x_hd.o(.text)
    RTC_IRQHandler                           0x08000223   Thumb Code     0  startup_stm32f10x_hd.o(.text)
    SDIO_IRQHandler                          0x08000223   Thumb Code     0  startup_stm32f10x_hd.o(.text)
    SPI1_IRQHandler                          0x08000223   Thumb Code     0  startup_stm32f10x_hd.o(.text)
    SPI2_IRQHandler                          0x08000223   Thumb Code     0  startup_stm32f10x_hd.o(.text)
    SPI3_IRQHandler                          0x08000223   Thumb Code     0  startup_stm32f10x_hd.o(.text)
    TAMPER_IRQHandler                        0x08000223   Thumb Code     0  startup_stm32f10x_hd.o(.text)
    TIM1_BRK_IRQHandler                      0x08000223   Thumb Code     0  startup_stm32f10x_hd.o(.text)
    TIM1_CC_IRQHandler                       0x08000223   Thumb Code     0  startup_stm32f10x_hd.o(.text)
    TIM1_TRG_COM_IRQHandler                  0x08000223   Thumb Code     0  startup_stm32f10x_hd.o(.text)
    TIM1_UP_IRQHandler                       0x08000223   Thumb Code     0  startup_stm32f10x_hd.o(.text)
    TIM2_IRQHandler                          0x08000223   Thumb Code     0  startup_stm32f10x_hd.o(.text)
    TIM3_IRQHandler                          0x08000223   Thumb Code     0  startup_stm32f10x_hd.o(.text)
    TIM4_IRQHandler                          0x08000223   Thumb Code     0  startup_stm32f10x_hd.o(.text)
    TIM5_IRQHandler                          0x08000223   Thumb Code     0  startup_stm32f10x_hd.o(.text)
    TIM8_BRK_IRQHandler                      0x08000223   Thumb Code     0  startup_stm32f10x_hd.o(.text)
    TIM8_CC_IRQHandler                       0x08000223   Thumb Code     0  startup_stm32f10x_hd.o(.text)
    TIM8_TRG_COM_IRQHandler                  0x08000223   Thumb Code     0  startup_stm32f10x_hd.o(.text)
    TIM8_UP_IRQHandler                       0x08000223   Thumb Code     0  startup_stm32f10x_hd.o(.text)
    UART4_IRQHandler                         0x08000223   Thumb Code     0  startup_stm32f10x_hd.o(.text)
    UART5_IRQHandler                         0x08000223   Thumb Code     0  startup_stm32f10x_hd.o(.text)
    USART1_IRQHandler                        0x08000223   Thumb Code     0  startup_stm32f10x_hd.o(.text)
    USART3_IRQHandler                        0x08000223   Thumb Code     0  startup_stm32f10x_hd.o(.text)
    USBWakeUp_IRQHandler                     0x08000223   Thumb Code     0  startup_stm32f10x_hd.o(.text)
    USB_HP_CAN1_TX_IRQHandler                0x08000223   Thumb Code     0  startup_stm32f10x_hd.o(.text)
    USB_LP_CAN1_RX0_IRQHandler               0x08000223   Thumb Code     0  startup_stm32f10x_hd.o(.text)
    WWDG_IRQHandler                          0x08000223   Thumb Code     0  startup_stm32f10x_hd.o(.text)
    __user_initial_stackheap                 0x08000225   Thumb Code     0  startup_stm32f10x_hd.o(.text)
    __aeabi_memcpy4                          0x08000245   Thumb Code     0  rt_memcpy_w.o(.text)
    __aeabi_memcpy8                          0x08000245   Thumb Code     0  rt_memcpy_w.o(.text)
    __rt_memcpy_w                            0x08000245   Thumb Code   100  rt_memcpy_w.o(.text)
    _memcpy_lastbytes_aligned                0x0800028d   Thumb Code     0  rt_memcpy_w.o(.text)
    __use_two_region_memory                  0x080002a9   Thumb Code     2  heapauxi.o(.text)
    __rt_heap_escrow$2region                 0x080002ab   Thumb Code     2  heapauxi.o(.text)
    __rt_heap_expand$2region                 0x080002ad   Thumb Code     2  heapauxi.o(.text)
    __user_setup_stackheap                   0x080002af   Thumb Code    74  sys_stackheap_outer.o(.text)
    exit                                     0x080002f9   Thumb Code    18  exit.o(.text)
    __user_libspace                          0x0800030d   Thumb Code     8  libspace.o(.text)
    __user_perproc_libspace                  0x0800030d   Thumb Code     0  libspace.o(.text)
    __user_perthread_libspace                0x0800030d   Thumb Code     0  libspace.o(.text)
    _sys_exit                                0x08000315   Thumb Code     8  sys_exit.o(.text)
    __I$use$semihosting                      0x08000321   Thumb Code     0  use_no_semi.o(.text)
    __use_no_semihosting_swi                 0x08000321   Thumb Code     2  use_no_semi.o(.text)
    BusFault_Handler                         0x08000323   Thumb Code     4  stm32f10x_it.o(i.BusFault_Handler)
    __semihosting_library_function           0x08000323   Thumb Code     0  indicate_semi.o(.text)
    DebugMon_Handler                         0x08000327   Thumb Code     2  stm32f10x_it.o(i.DebugMon_Handler)
    Delay_ms                                 0x08000329   Thumb Code    24  delay.o(i.Delay_ms)
    Delay_us                                 0x08000341   Thumb Code    46  delay.o(i.Delay_us)
    GPIO_Init                                0x0800036f   Thumb Code   278  stm32f10x_gpio.o(i.GPIO_Init)
    GPIO_PinRemapConfig                      0x08000485   Thumb Code   138  stm32f10x_gpio.o(i.GPIO_PinRemapConfig)
    GPIO_ReadInputDataBit                    0x08000515   Thumb Code    18  stm32f10x_gpio.o(i.GPIO_ReadInputDataBit)
    GPIO_ResetBits                           0x08000527   Thumb Code     4  stm32f10x_gpio.o(i.GPIO_ResetBits)
    GPIO_SetBits                             0x0800052b   Thumb Code     4  stm32f10x_gpio.o(i.GPIO_SetBits)
    HardFault_Handler                        0x0800052f   Thumb Code     4  stm32f10x_it.o(i.HardFault_Handler)
    I2C_AcknowledgeConfig                    0x08000533   Thumb Code    24  stm32f10x_i2c.o(i.I2C_AcknowledgeConfig)
    I2C_CheckEvent                           0x0800054b   Thumb Code    42  stm32f10x_i2c.o(i.I2C_CheckEvent)
    I2C_Cmd                                  0x08000575   Thumb Code    24  stm32f10x_i2c.o(i.I2C_Cmd)
    I2C_GenerateSTART                        0x0800058d   Thumb Code    24  stm32f10x_i2c.o(i.I2C_GenerateSTART)
    I2C_GenerateSTOP                         0x080005a5   Thumb Code    24  stm32f10x_i2c.o(i.I2C_GenerateSTOP)
    I2C_Init                                 0x080005bd   Thumb Code   222  stm32f10x_i2c.o(i.I2C_Init)
    I2C_ReceiveData                          0x080006a9   Thumb Code     8  stm32f10x_i2c.o(i.I2C_ReceiveData)
    I2C_Send7bitAddress                      0x080006b1   Thumb Code    18  stm32f10x_i2c.o(i.I2C_Send7bitAddress)
    I2C_SendData                             0x080006c3   Thumb Code     4  stm32f10x_i2c.o(i.I2C_SendData)
    MPU6050_GetData                          0x080006c7   Thumb Code    60  mpu6050.o(i.MPU6050_GetData)
    MPU6050_GetID                            0x08000703   Thumb Code    10  mpu6050.o(i.MPU6050_GetID)
    MPU6050_Init                             0x0800070d   Thumb Code   228  mpu6050.o(i.MPU6050_Init)
    MPU6050_ReadReg                          0x080007fd   Thumb Code   138  mpu6050.o(i.MPU6050_ReadReg)
    MPU6050_WaitEvent                        0x08000895   Thumb Code    32  mpu6050.o(i.MPU6050_WaitEvent)
    MPU6050_WriteReg                         0x080008b9   Thumb Code    86  mpu6050.o(i.MPU6050_WriteReg)
    MemManage_Handler                        0x0800091d   Thumb Code     4  stm32f10x_it.o(i.MemManage_Handler)
    NMI_Handler                              0x08000921   Thumb Code     2  stm32f10x_it.o(i.NMI_Handler)
    NVIC_Init                                0x08000925   Thumb Code   100  misc.o(i.NVIC_Init)
    NVIC_PriorityGroupConfig                 0x08000995   Thumb Code    10  misc.o(i.NVIC_PriorityGroupConfig)
    PendSV_Handler                           0x080009a9   Thumb Code     2  stm32f10x_it.o(i.PendSV_Handler)
    RCC_APB1PeriphClockCmd                   0x080009ad   Thumb Code    26  stm32f10x_rcc.o(i.RCC_APB1PeriphClockCmd)
    RCC_APB2PeriphClockCmd                   0x080009cd   Thumb Code    26  stm32f10x_rcc.o(i.RCC_APB2PeriphClockCmd)
    RCC_GetClocksFreq                        0x080009ed   Thumb Code   192  stm32f10x_rcc.o(i.RCC_GetClocksFreq)
    Read_BL_Direction                        0x08000ac1   Thumb Code    12  motor.o(i.Read_BL_Direction)
    Read_BR_Direction                        0x08000ad1   Thumb Code    14  motor.o(i.Read_BR_Direction)
    Read_FL_Direction                        0x08000ae5   Thumb Code    14  motor.o(i.Read_FL_Direction)
    Read_FR_Direction                        0x08000af9   Thumb Code    14  motor.o(i.Read_FR_Direction)
    SVC_Handler                              0x08000b0d   Thumb Code     2  stm32f10x_it.o(i.SVC_Handler)
    Serial_Init                              0x08000b11   Thumb Code   172  uart.o(i.Serial_Init)
    Serial_SendByte                          0x08000bc5   Thumb Code    28  uart.o(i.Serial_SendByte)
    SysTick_Handler                          0x08000ccd   Thumb Code     2  stm32f10x_it.o(i.SysTick_Handler)
    SystemInit                               0x08000cd1   Thumb Code    78  system_stm32f10x.o(i.SystemInit)
    TIM1_ETR_Config                          0x08000d31   Thumb Code    92  motor.o(i.TIM1_ETR_Config)
    TIM2_ETR_Config                          0x08000d95   Thumb Code   110  motor.o(i.TIM2_ETR_Config)
    TIM3_ETR_Config                          0x08000e0d   Thumb Code    94  motor.o(i.TIM3_ETR_Config)
    TIM6_Configuration                       0x08000e75   Thumb Code    92  motor.o(i.TIM6_Configuration)
    TIM6_IRQHandler                          0x08000ed5   Thumb Code  1410  motor.o(i.TIM6_IRQHandler)
    TIM7_Configuration                       0x08001499   Thumb Code    92  6050control.o(i.TIM7_Configuration)
    TIM7_IRQHandler                          0x080014f9   Thumb Code    94  6050control.o(i.TIM7_IRQHandler)
    TIM8_ETR_Config                          0x08001575   Thumb Code    90  motor.o(i.TIM8_ETR_Config)
    TIM_ClearITPendingBit                    0x080015d9   Thumb Code     6  stm32f10x_tim.o(i.TIM_ClearITPendingBit)
    TIM_Cmd                                  0x080015df   Thumb Code    24  stm32f10x_tim.o(i.TIM_Cmd)
    TIM_ETRClockMode2Config                  0x080015f7   Thumb Code    32  stm32f10x_tim.o(i.TIM_ETRClockMode2Config)
    TIM_ETRConfig                            0x08001617   Thumb Code    28  stm32f10x_tim.o(i.TIM_ETRConfig)
    TIM_GetCounter                           0x08001633   Thumb Code     6  stm32f10x_tim.o(i.TIM_GetCounter)
    TIM_GetITStatus                          0x08001639   Thumb Code    34  stm32f10x_tim.o(i.TIM_GetITStatus)
    TIM_ITConfig                             0x0800165b   Thumb Code    18  stm32f10x_tim.o(i.TIM_ITConfig)
    TIM_InternalClockConfig                  0x0800166d   Thumb Code    12  stm32f10x_tim.o(i.TIM_InternalClockConfig)
    TIM_OC1Init                              0x08001679   Thumb Code   132  stm32f10x_tim.o(i.TIM_OC1Init)
    TIM_OC2Init                              0x08001711   Thumb Code   154  stm32f10x_tim.o(i.TIM_OC2Init)
    TIM_OC3Init                              0x080017b5   Thumb Code   150  stm32f10x_tim.o(i.TIM_OC3Init)
    TIM_OC4Init                              0x08001855   Thumb Code   114  stm32f10x_tim.o(i.TIM_OC4Init)
    TIM_OCStructInit                         0x080018d1   Thumb Code    20  stm32f10x_tim.o(i.TIM_OCStructInit)
    TIM_SetCompare1                          0x080018e5   Thumb Code     4  stm32f10x_tim.o(i.TIM_SetCompare1)
    TIM_SetCompare2                          0x080018e9   Thumb Code     4  stm32f10x_tim.o(i.TIM_SetCompare2)
    TIM_SetCompare3                          0x080018ed   Thumb Code     4  stm32f10x_tim.o(i.TIM_SetCompare3)
    TIM_SetCompare4                          0x080018f1   Thumb Code     6  stm32f10x_tim.o(i.TIM_SetCompare4)
    TIM_SetCounter                           0x080018f7   Thumb Code     4  stm32f10x_tim.o(i.TIM_SetCounter)
    TIM_TimeBaseInit                         0x080018fd   Thumb Code   122  stm32f10x_tim.o(i.TIM_TimeBaseInit)
    UART4_Init                               0x080019a1   Thumb Code   120  uart.o(i.UART4_Init)
    USART2_IRQHandler                        0x08001a21   Thumb Code   254  uart.o(i.USART2_IRQHandler)
    USART_ClearITPendingBit                  0x08001b45   Thumb Code    30  stm32f10x_usart.o(i.USART_ClearITPendingBit)
    USART_Cmd                                0x08001b63   Thumb Code    24  stm32f10x_usart.o(i.USART_Cmd)
    USART_GetFlagStatus                      0x08001b7b   Thumb Code    26  stm32f10x_usart.o(i.USART_GetFlagStatus)
    USART_GetITStatus                        0x08001b95   Thumb Code    84  stm32f10x_usart.o(i.USART_GetITStatus)
    USART_ITConfig                           0x08001be9   Thumb Code    74  stm32f10x_usart.o(i.USART_ITConfig)
    USART_Init                               0x08001c35   Thumb Code   210  stm32f10x_usart.o(i.USART_Init)
    USART_ReceiveData                        0x08001d0d   Thumb Code    10  stm32f10x_usart.o(i.USART_ReceiveData)
    USART_SendData                           0x08001d17   Thumb Code     8  stm32f10x_usart.o(i.USART_SendData)
    USART_SendFrame                          0x08001d1f   Thumb Code    62  uart.o(i.USART_SendFrame)
    UsageFault_Handler                       0x08001d5d   Thumb Code     4  stm32f10x_it.o(i.UsageFault_Handler)
    cheak_corner                             0x08001d61   Thumb Code    16  motor.o(i.cheak_corner)
    close_to_target                          0x08001d81   Thumb Code   350  motor.o(i.close_to_target)
    complementary_filter                     0x08001f29   Thumb Code    50  motor.o(i.complementary_filter)
    control_motor                            0x08001f5b   Thumb Code    52  motor.o(i.control_motor)
    dir_gpio_input_Config                    0x08001f91   Thumb Code    64  motor.o(i.dir_gpio_input_Config)
    get_6050_data                            0x08001fdd   Thumb Code   134  6050control.o(i.get_6050_data)
    init                                     0x08002095   Thumb Code    70  main.o(i.init)
    init_6050                                0x080020dd   Thumb Code    92  6050control.o(i.init_6050)
    init_gray_scale_module_gpio              0x08002151   Thumb Code    64  gpio.o(i.init_gray_scale_module_gpio)
    init_pid                                 0x0800219d   Thumb Code   144  motor.o(i.init_pid)
    init_pid_angle                           0x08002279   Thumb Code    26  6050control.o(i.init_pid_angle)
    kalman_init                              0x080022a5   Thumb Code    14  6050control.o(i.kalman_init)
    kalman_update                            0x080022b3   Thumb Code    90  6050control.o(i.kalman_update)
    main                                     0x0800230d   Thumb Code    82  main.o(i.main)
    motor_dir_gpio_init                      0x08002389   Thumb Code   146  gpio.o(i.motor_dir_gpio_init)
    motor_dir_select                         0x08002431   Thumb Code   142  gpio.o(i.motor_dir_select)
    motor_init                               0x080024cd   Thumb Code    12  motor.o(i.motor_init)
    mpu_6050_corretion                       0x080024d9   Thumb Code   270  6050control.o(i.mpu_6050_corretion)
    pid_angle_init                           0x0800261d   Thumb Code    20  6050control.o(i.pid_angle_init)
    pid_compute                              0x08002631   Thumb Code   150  motor.o(i.pid_compute)
    pid_compute_angle                        0x080026d1   Thumb Code   210  6050control.o(i.pid_compute_angle)
    pid_init                                 0x080027c5   Thumb Code    20  motor.o(i.pid_init)
    pwm_init                                 0x080027d9   Thumb Code   166  gpio.o(i.pwm_init)
    pwm_set_duty_cycle                       0x08002889   Thumb Code    84  gpio.o(i.pwm_set_duty_cycle)
    read_gray_scale_module                   0x080028e1   Thumb Code   228  gpio.o(i.read_gray_scale_module)
    send_data                                0x080029d1   Thumb Code    52  uart.o(i.send_data)
    send_to_win                              0x08002a0d   Thumb Code   166  main.o(i.send_to_win)
    stop_the_car                             0x08002b15   Thumb Code    60  motor.o(i.stop_the_car)
    toggle_delta_v                           0x08002b89   Thumb Code     6  motor.o(i.toggle_delta_v)
    __aeabi_d2f                              0x08002b95   Thumb Code     0  d2f.o(x$fpl$d2f)
    _d2f                                     0x08002b95   Thumb Code    98  d2f.o(x$fpl$d2f)
    __aeabi_dadd                             0x08002bf9   Thumb Code     0  daddsub_clz.o(x$fpl$dadd)
    _dadd                                    0x08002bf9   Thumb Code   332  daddsub_clz.o(x$fpl$dadd)
    __fpl_dcmp_Inf                           0x08002d49   Thumb Code    24  dcmpi.o(x$fpl$dcmpinf)
    __aeabi_ddiv                             0x08002d61   Thumb Code     0  ddiv.o(x$fpl$ddiv)
    _ddiv                                    0x08002d61   Thumb Code   552  ddiv.o(x$fpl$ddiv)
    __aeabi_i2d                              0x08003011   Thumb Code     0  dflt_clz.o(x$fpl$dflt)
    _dflt                                    0x08003011   Thumb Code    46  dflt_clz.o(x$fpl$dflt)
    __aeabi_cdcmple                          0x08003041   Thumb Code     0  dleqf.o(x$fpl$dleqf)
    _dcmple                                  0x08003041   Thumb Code   120  dleqf.o(x$fpl$dleqf)
    __fpl_dcmple_InfNaN                      0x080030a3   Thumb Code     0  dleqf.o(x$fpl$dleqf)
    __aeabi_dmul                             0x080030b9   Thumb Code     0  dmul.o(x$fpl$dmul)
    _dmul                                    0x080030b9   Thumb Code   332  dmul.o(x$fpl$dmul)
    __fpl_dnaninf                            0x0800320d   Thumb Code   156  dnaninf.o(x$fpl$dnaninf)
    __fpl_dretinf                            0x080032a9   Thumb Code    12  dretinf.o(x$fpl$dretinf)
    __aeabi_cdrcmple                         0x080032b5   Thumb Code     0  drleqf.o(x$fpl$drleqf)
    _drcmple                                 0x080032b5   Thumb Code   108  drleqf.o(x$fpl$drleqf)
    __aeabi_dsub                             0x08003321   Thumb Code     0  daddsub_clz.o(x$fpl$dsub)
    _dsub                                    0x08003321   Thumb Code   464  daddsub_clz.o(x$fpl$dsub)
    __aeabi_f2d                              0x080034f5   Thumb Code     0  f2d.o(x$fpl$f2d)
    _f2d                                     0x080034f5   Thumb Code    86  f2d.o(x$fpl$f2d)
    __aeabi_fadd                             0x0800354d   Thumb Code     0  faddsub_clz.o(x$fpl$fadd)
    _fadd                                    0x0800354d   Thumb Code   196  faddsub_clz.o(x$fpl$fadd)
    __fpl_fcmp_Inf                           0x08003611   Thumb Code    24  fcmpi.o(x$fpl$fcmpinf)
    __aeabi_fdiv                             0x08003629   Thumb Code     0  fdiv.o(x$fpl$fdiv)
    _fdiv                                    0x08003629   Thumb Code   384  fdiv.o(x$fpl$fdiv)
    __aeabi_f2iz                             0x080037ad   Thumb Code     0  ffix.o(x$fpl$ffix)
    _ffix                                    0x080037ad   Thumb Code    54  ffix.o(x$fpl$ffix)
    __aeabi_i2f                              0x080037e5   Thumb Code     0  fflt_clz.o(x$fpl$fflt)
    _fflt                                    0x080037e5   Thumb Code    48  fflt_clz.o(x$fpl$fflt)
    __aeabi_ui2f                             0x08003815   Thumb Code     0  fflt_clz.o(x$fpl$ffltu)
    _ffltu                                   0x08003815   Thumb Code    38  fflt_clz.o(x$fpl$ffltu)
    __aeabi_cfcmple                          0x0800383d   Thumb Code     0  fleqf.o(x$fpl$fleqf)
    _fcmple                                  0x0800383d   Thumb Code   104  fleqf.o(x$fpl$fleqf)
    __fpl_fcmple_InfNaN                      0x0800388f   Thumb Code     0  fleqf.o(x$fpl$fleqf)
    __aeabi_fmul                             0x080038a5   Thumb Code     0  fmul.o(x$fpl$fmul)
    _fmul                                    0x080038a5   Thumb Code   258  fmul.o(x$fpl$fmul)
    __fpl_fnaninf                            0x080039a7   Thumb Code   140  fnaninf.o(x$fpl$fnaninf)
    __fpl_fretinf                            0x08003a33   Thumb Code    10  fretinf.o(x$fpl$fretinf)
    __aeabi_cfrcmple                         0x08003a3d   Thumb Code     0  frleqf.o(x$fpl$frleqf)
    _frcmple                                 0x08003a3d   Thumb Code    98  frleqf.o(x$fpl$frleqf)
    __aeabi_frsub                            0x08003a9f   Thumb Code     0  faddsub_clz.o(x$fpl$frsb)
    _frsb                                    0x08003a9f   Thumb Code    20  faddsub_clz.o(x$fpl$frsb)
    __aeabi_fsub                             0x08003ab5   Thumb Code     0  faddsub_clz.o(x$fpl$fsub)
    _fsub                                    0x08003ab5   Thumb Code   234  faddsub_clz.o(x$fpl$fsub)
    __I$use$fp                               0x08003b9e   Number         0  usenofp.o(x$fpl$usenofp)
    Region$$Table$$Base                      0x08003ba0   Number         0  anon$$obj.o(Region$$Table)
    Region$$Table$$Limit                     0x08003bc0   Number         0  anon$$obj.o(Region$$Table)
    speeds                                   0x20000014   Data          16  main.o(.data)
    control_flags                            0x20000024   Data           4  main.o(.data)
    send_flag                                0x20000028   Data           1  main.o(.data)
    test_flag                                0x2000002a   Data           2  main.o(.data)
    break_flag                               0x2000002c   Data           2  main.o(.data)
    test_time_flag                           0x2000002e   Data           2  main.o(.data)
    test_id                                  0x20000030   Data           1  main.o(.data)
    kp                                       0x20000034   Data           4  motor.o(.data)
    ki                                       0x20000038   Data           4  motor.o(.data)
    kd                                       0x2000003c   Data           4  motor.o(.data)
    move_kp_y                                0x20000040   Data           4  motor.o(.data)
    move_ki_y                                0x20000044   Data           4  motor.o(.data)
    move_kd_y                                0x20000048   Data           4  motor.o(.data)
    move_kp_x                                0x2000004c   Data           4  motor.o(.data)
    move_ki_x                                0x20000050   Data           4  motor.o(.data)
    move_kd_x                                0x20000054   Data           4  motor.o(.data)
    fl_counter                               0x20000058   Data           2  motor.o(.data)
    fr_counter                               0x2000005a   Data           2  motor.o(.data)
    bl_counter                               0x2000005c   Data           2  motor.o(.data)
    br_counter                               0x2000005e   Data           2  motor.o(.data)
    fl_speed                                 0x20000060   Data           4  motor.o(.data)
    fr_speed                                 0x20000064   Data           4  motor.o(.data)
    bl_speed                                 0x20000068   Data           4  motor.o(.data)
    br_speed                                 0x2000006c   Data           4  motor.o(.data)
    fl_num                                   0x20000070   Data           4  motor.o(.data)
    fr_num                                   0x20000074   Data           4  motor.o(.data)
    bl_num                                   0x20000078   Data           4  motor.o(.data)
    br_num                                   0x2000007c   Data           4  motor.o(.data)
    fl_speed_dir                             0x20000080   Data           1  motor.o(.data)
    fr_speed_dir                             0x20000081   Data           1  motor.o(.data)
    bl_speed_dir                             0x20000082   Data           1  motor.o(.data)
    br_speed_dir                             0x20000083   Data           1  motor.o(.data)
    fl_target_speed                          0x20000084   Data           4  motor.o(.data)
    fr_target_speed                          0x20000088   Data           4  motor.o(.data)
    bl_target_speed                          0x2000008c   Data           4  motor.o(.data)
    br_target_speed                          0x20000090   Data           4  motor.o(.data)
    fl_direction                             0x20000094   Data           1  motor.o(.data)
    fr_direction                             0x20000095   Data           1  motor.o(.data)
    bl_direction                             0x20000096   Data           1  motor.o(.data)
    br_direction                             0x20000097   Data           1  motor.o(.data)
    fl_dir                                   0x20000098   Data           1  motor.o(.data)
    fr_dir                                   0x20000099   Data           1  motor.o(.data)
    bl_dir                                   0x2000009a   Data           1  motor.o(.data)
    br_dir                                   0x2000009b   Data           1  motor.o(.data)
    test_a                                   0x2000009c   Data           2  motor.o(.data)
    test_b                                   0x2000009e   Data           2  motor.o(.data)
    distance_x_encoder                       0x200000a0   Data           4  motor.o(.data)
    distance_y_encoder                       0x200000a4   Data           4  motor.o(.data)
    angle_z_encoder                          0x200000a8   Data           4  motor.o(.data)
    distance_x_filter                        0x200000ac   Data           4  motor.o(.data)
    distance_y_filter                        0x200000b0   Data           4  motor.o(.data)
    delta_v_enable                           0x200000b4   Data           4  motor.o(.data)
    move_target_distance_x                   0x200000b8   Data           4  motor.o(.data)
    move_target_distance_y                   0x200000bc   Data           4  motor.o(.data)
    distance_flag                            0x200000c0   Data           1  motor.o(.data)
    left_modle                               0x200000c1   Data           5  motor.o(.data)
    right_modle                              0x200000c6   Data           5  motor.o(.data)
    front_modle                              0x200000cb   Data           5  motor.o(.data)
    back_modle                               0x200000d0   Data           5  motor.o(.data)
    corner_flag                              0x200000d5   Data           1  motor.o(.data)
    pid_distance_flag                        0x200000d6   Data           1  motor.o(.data)
    slow_flag                                0x200000d7   Data           1  motor.o(.data)
    distance_x_uart                          0x200000d8   Data           2  uart.o(.data)
    distance_y_uart                          0x200000da   Data           2  uart.o(.data)
    speed                                    0x200000dc   Data           2  uart.o(.data)
    one_move_flag                            0x200000de   Data           1  uart.o(.data)
    Serial_TxPacket                          0x200000df   Data           6  uart.o(.data)
    Serial_RxPacket                          0x200000e5   Data           6  uart.o(.data)
    Serial_RxFlag                            0x200000eb   Data           1  uart.o(.data)
    ID                                       0x200000ee   Data           1  mpu6050.o(.data)
    kp_angle                                 0x200000f0   Data           4  6050control.o(.data)
    ki_angle                                 0x200000f4   Data           4  6050control.o(.data)
    kd_angle                                 0x200000f8   Data           4  6050control.o(.data)
    delta_v                                  0x200000fc   Data           4  6050control.o(.data)
    AX                                       0x20000100   Data           2  6050control.o(.data)
    AY                                       0x20000102   Data           2  6050control.o(.data)
    AZ                                       0x20000104   Data           2  6050control.o(.data)
    GX                                       0x20000106   Data           2  6050control.o(.data)
    GY                                       0x20000108   Data           2  6050control.o(.data)
    GZ                                       0x2000010a   Data           2  6050control.o(.data)
    AX_CORR                                  0x2000010c   Data           2  6050control.o(.data)
    AY_CORR                                  0x2000010e   Data           2  6050control.o(.data)
    AZ_CORR                                  0x20000110   Data           2  6050control.o(.data)
    GX_CORR                                  0x20000112   Data           2  6050control.o(.data)
    GY_CORR                                  0x20000114   Data           2  6050control.o(.data)
    GZ_CORR                                  0x20000116   Data           2  6050control.o(.data)
    ax_corr_done                             0x20000118   Data           2  6050control.o(.data)
    ay_corr_done                             0x2000011a   Data           2  6050control.o(.data)
    az_corr_done                             0x2000011c   Data           2  6050control.o(.data)
    gx_corr_done                             0x2000011e   Data           2  6050control.o(.data)
    gy_corr_done                             0x20000120   Data           2  6050control.o(.data)
    gz_corr_done                             0x20000122   Data           2  6050control.o(.data)
    ax                                       0x20000124   Data           4  6050control.o(.data)
    ay                                       0x20000128   Data           4  6050control.o(.data)
    az                                       0x2000012c   Data           4  6050control.o(.data)
    gx                                       0x20000130   Data           4  6050control.o(.data)
    gy                                       0x20000134   Data           4  6050control.o(.data)
    gz                                       0x20000138   Data           4  6050control.o(.data)
    ax_prev                                  0x2000013c   Data           4  6050control.o(.data)
    ay_prev                                  0x20000140   Data           4  6050control.o(.data)
    az_prev                                  0x20000144   Data           4  6050control.o(.data)
    gx_prev                                  0x20000148   Data           4  6050control.o(.data)
    gy_prev                                  0x2000014c   Data           4  6050control.o(.data)
    gz_prev                                  0x20000150   Data           4  6050control.o(.data)
    interrupt_a                              0x20000154   Data           2  6050control.o(.data)
    interrupt_b                              0x20000156   Data           1  6050control.o(.data)
    angle_z                                  0x20000158   Data           4  6050control.o(.data)
    distance_x                               0x2000015c   Data           4  6050control.o(.data)
    distance_y                               0x20000160   Data           4  6050control.o(.data)
    speed_x                                  0x20000164   Data           4  6050control.o(.data)
    speed_y                                  0x20000168   Data           4  6050control.o(.data)
    ax_zero                                  0x2000016c   Data           1  6050control.o(.data)
    ay_zero                                  0x2000016d   Data           1  6050control.o(.data)
    angle_z_filter                           0x20000170   Data           4  6050control.o(.data)
    data                                     0x20000174   Data          88  main.o(.bss)
    pid_fl                                   0x200001cc   Data          28  motor.o(.bss)
    pid_fr                                   0x200001e8   Data          28  motor.o(.bss)
    pid_bl                                   0x20000204   Data          28  motor.o(.bss)
    pid_br                                   0x20000220   Data          28  motor.o(.bss)
    pid_move_x                               0x2000023c   Data          28  motor.o(.bss)
    pid_move_y                               0x20000258   Data          28  motor.o(.bss)
    state_ax                                 0x20000274   Data          20  6050control.o(.bss)
    state_ay                                 0x20000288   Data          20  6050control.o(.bss)
    state_gz                                 0x2000029c   Data          20  6050control.o(.bss)
    state_angle_z                            0x200002b0   Data          20  6050control.o(.bss)
    pid_angle                                0x200002c4   Data          32  6050control.o(.bss)
    __libspace_start                         0x200002e4   Data          96  libspace.o(.bss)
    __temporary_stack_top$libspace           0x20000344   Data           0  libspace.o(.bss)



==============================================================================

Memory Map of the image

  Image Entry point : 0x08000131

  Load Region LR_IROM1 (Base: 0x08000000, Size: 0x00003d34, Max: 0x00040000, ABSOLUTE, COMPRESSED[0x00003c04])

    Execution Region ER_IROM1 (Exec base: 0x08000000, Load base: 0x08000000, Size: 0x00003bc0, Max: 0x00040000, ABSOLUTE)

    Exec Addr    Load Addr    Size         Type   Attr      Idx    E Section Name        Object

    0x08000000   0x08000000   0x00000130   Data   RO          132    RESET               startup_stm32f10x_hd.o
    0x08000130   0x08000130   0x00000008   Code   RO         3799  * !!!main             c_w.l(__main.o)
    0x08000138   0x08000138   0x00000034   Code   RO         4025    !!!scatter          c_w.l(__scatter.o)
    0x0800016c   0x0800016c   0x0000005a   Code   RO         4023    !!dczerorl2         c_w.l(__dczerorl2.o)
    0x080001c6   0x080001c6   0x00000002   PAD
    0x080001c8   0x080001c8   0x0000001c   Code   RO         4027    !!handler_zi        c_w.l(__scatter_zi.o)
    0x080001e4   0x080001e4   0x00000002   Code   RO         3891    .ARM.Collect$$libinit$$00000000  c_w.l(libinit.o)
    0x080001e6   0x080001e6   0x00000000   Code   RO         3898    .ARM.Collect$$libinit$$00000002  c_w.l(libinit2.o)
    0x080001e6   0x080001e6   0x00000000   Code   RO         3900    .ARM.Collect$$libinit$$00000004  c_w.l(libinit2.o)
    0x080001e6   0x080001e6   0x00000000   Code   RO         3903    .ARM.Collect$$libinit$$0000000A  c_w.l(libinit2.o)
    0x080001e6   0x080001e6   0x00000000   Code   RO         3905    .ARM.Collect$$libinit$$0000000C  c_w.l(libinit2.o)
    0x080001e6   0x080001e6   0x00000000   Code   RO         3907    .ARM.Collect$$libinit$$0000000E  c_w.l(libinit2.o)
    0x080001e6   0x080001e6   0x00000000   Code   RO         3910    .ARM.Collect$$libinit$$00000011  c_w.l(libinit2.o)
    0x080001e6   0x080001e6   0x00000000   Code   RO         3912    .ARM.Collect$$libinit$$00000013  c_w.l(libinit2.o)
    0x080001e6   0x080001e6   0x00000000   Code   RO         3914    .ARM.Collect$$libinit$$00000015  c_w.l(libinit2.o)
    0x080001e6   0x080001e6   0x00000000   Code   RO         3916    .ARM.Collect$$libinit$$00000017  c_w.l(libinit2.o)
    0x080001e6   0x080001e6   0x00000000   Code   RO         3918    .ARM.Collect$$libinit$$00000019  c_w.l(libinit2.o)
    0x080001e6   0x080001e6   0x00000000   Code   RO         3920    .ARM.Collect$$libinit$$0000001B  c_w.l(libinit2.o)
    0x080001e6   0x080001e6   0x00000000   Code   RO         3922    .ARM.Collect$$libinit$$0000001D  c_w.l(libinit2.o)
    0x080001e6   0x080001e6   0x00000000   Code   RO         3924    .ARM.Collect$$libinit$$0000001F  c_w.l(libinit2.o)
    0x080001e6   0x080001e6   0x00000000   Code   RO         3926    .ARM.Collect$$libinit$$00000021  c_w.l(libinit2.o)
    0x080001e6   0x080001e6   0x00000000   Code   RO         3928    .ARM.Collect$$libinit$$00000023  c_w.l(libinit2.o)
    0x080001e6   0x080001e6   0x00000000   Code   RO         3930    .ARM.Collect$$libinit$$00000025  c_w.l(libinit2.o)
    0x080001e6   0x080001e6   0x00000000   Code   RO         3934    .ARM.Collect$$libinit$$0000002C  c_w.l(libinit2.o)
    0x080001e6   0x080001e6   0x00000000   Code   RO         3936    .ARM.Collect$$libinit$$0000002E  c_w.l(libinit2.o)
    0x080001e6   0x080001e6   0x00000000   Code   RO         3938    .ARM.Collect$$libinit$$00000030  c_w.l(libinit2.o)
    0x080001e6   0x080001e6   0x00000000   Code   RO         3940    .ARM.Collect$$libinit$$00000032  c_w.l(libinit2.o)
    0x080001e6   0x080001e6   0x00000002   Code   RO         3941    .ARM.Collect$$libinit$$00000033  c_w.l(libinit2.o)
    0x080001e8   0x080001e8   0x00000002   Code   RO         3961    .ARM.Collect$$libshutdown$$00000000  c_w.l(libshutdown.o)
    0x080001ea   0x080001ea   0x00000000   Code   RO         3974    .ARM.Collect$$libshutdown$$00000002  c_w.l(libshutdown2.o)
    0x080001ea   0x080001ea   0x00000000   Code   RO         3976    .ARM.Collect$$libshutdown$$00000004  c_w.l(libshutdown2.o)
    0x080001ea   0x080001ea   0x00000000   Code   RO         3978    .ARM.Collect$$libshutdown$$00000006  c_w.l(libshutdown2.o)
    0x080001ea   0x080001ea   0x00000000   Code   RO         3981    .ARM.Collect$$libshutdown$$00000009  c_w.l(libshutdown2.o)
    0x080001ea   0x080001ea   0x00000000   Code   RO         3984    .ARM.Collect$$libshutdown$$0000000C  c_w.l(libshutdown2.o)
    0x080001ea   0x080001ea   0x00000000   Code   RO         3986    .ARM.Collect$$libshutdown$$0000000E  c_w.l(libshutdown2.o)
    0x080001ea   0x080001ea   0x00000000   Code   RO         3989    .ARM.Collect$$libshutdown$$00000011  c_w.l(libshutdown2.o)
    0x080001ea   0x080001ea   0x00000002   Code   RO         3990    .ARM.Collect$$libshutdown$$00000012  c_w.l(libshutdown2.o)
    0x080001ec   0x080001ec   0x00000000   Code   RO         3853    .ARM.Collect$$rtentry$$00000000  c_w.l(__rtentry.o)
    0x080001ec   0x080001ec   0x00000000   Code   RO         3868    .ARM.Collect$$rtentry$$00000002  c_w.l(__rtentry2.o)
    0x080001ec   0x080001ec   0x00000006   Code   RO         3880    .ARM.Collect$$rtentry$$00000004  c_w.l(__rtentry4.o)
    0x080001f2   0x080001f2   0x00000000   Code   RO         3870    .ARM.Collect$$rtentry$$00000009  c_w.l(__rtentry2.o)
    0x080001f2   0x080001f2   0x00000004   Code   RO         3871    .ARM.Collect$$rtentry$$0000000A  c_w.l(__rtentry2.o)
    0x080001f6   0x080001f6   0x00000000   Code   RO         3873    .ARM.Collect$$rtentry$$0000000C  c_w.l(__rtentry2.o)
    0x080001f6   0x080001f6   0x00000008   Code   RO         3874    .ARM.Collect$$rtentry$$0000000D  c_w.l(__rtentry2.o)
    0x080001fe   0x080001fe   0x00000002   Code   RO         3895    .ARM.Collect$$rtexit$$00000000  c_w.l(rtexit.o)
    0x08000200   0x08000200   0x00000000   Code   RO         3943    .ARM.Collect$$rtexit$$00000002  c_w.l(rtexit2.o)
    0x08000200   0x08000200   0x00000004   Code   RO         3944    .ARM.Collect$$rtexit$$00000003  c_w.l(rtexit2.o)
    0x08000204   0x08000204   0x00000006   Code   RO         3945    .ARM.Collect$$rtexit$$00000004  c_w.l(rtexit2.o)
    0x0800020a   0x0800020a   0x00000002   PAD
    0x0800020c   0x0800020c   0x00000038   Code   RO          133    .text               startup_stm32f10x_hd.o
    0x08000244   0x08000244   0x00000064   Code   RO         3795    .text               c_w.l(rt_memcpy_w.o)
    0x080002a8   0x080002a8   0x00000006   Code   RO         3797    .text               c_w.l(heapauxi.o)
    0x080002ae   0x080002ae   0x0000004a   Code   RO         3882    .text               c_w.l(sys_stackheap_outer.o)
    0x080002f8   0x080002f8   0x00000012   Code   RO         3884    .text               c_w.l(exit.o)
    0x0800030a   0x0800030a   0x00000002   PAD
    0x0800030c   0x0800030c   0x00000008   Code   RO         3892    .text               c_w.l(libspace.o)
    0x08000314   0x08000314   0x0000000c   Code   RO         3953    .text               c_w.l(sys_exit.o)
    0x08000320   0x08000320   0x00000002   Code   RO         3964    .text               c_w.l(use_no_semi.o)
    0x08000322   0x08000322   0x00000000   Code   RO         3966    .text               c_w.l(indicate_semi.o)
    0x08000322   0x08000322   0x00000004   Code   RO         3253    i.BusFault_Handler  stm32f10x_it.o
    0x08000326   0x08000326   0x00000002   Code   RO         3254    i.DebugMon_Handler  stm32f10x_it.o
    0x08000328   0x08000328   0x00000018   Code   RO         3365    i.Delay_ms          delay.o
    0x08000340   0x08000340   0x0000002e   Code   RO         3367    i.Delay_us          delay.o
    0x0800036e   0x0800036e   0x00000116   Code   RO         1347    i.GPIO_Init         stm32f10x_gpio.o
    0x08000484   0x08000484   0x00000090   Code   RO         1349    i.GPIO_PinRemapConfig  stm32f10x_gpio.o
    0x08000514   0x08000514   0x00000012   Code   RO         1351    i.GPIO_ReadInputDataBit  stm32f10x_gpio.o
    0x08000526   0x08000526   0x00000004   Code   RO         1354    i.GPIO_ResetBits    stm32f10x_gpio.o
    0x0800052a   0x0800052a   0x00000004   Code   RO         1355    i.GPIO_SetBits      stm32f10x_gpio.o
    0x0800052e   0x0800052e   0x00000004   Code   RO         3255    i.HardFault_Handler  stm32f10x_it.o
    0x08000532   0x08000532   0x00000018   Code   RO         1459    i.I2C_AcknowledgeConfig  stm32f10x_i2c.o
    0x0800054a   0x0800054a   0x0000002a   Code   RO         1461    i.I2C_CheckEvent    stm32f10x_i2c.o
    0x08000574   0x08000574   0x00000018   Code   RO         1464    i.I2C_Cmd           stm32f10x_i2c.o
    0x0800058c   0x0800058c   0x00000018   Code   RO         1471    i.I2C_GenerateSTART  stm32f10x_i2c.o
    0x080005a4   0x080005a4   0x00000018   Code   RO         1472    i.I2C_GenerateSTOP  stm32f10x_i2c.o
    0x080005bc   0x080005bc   0x000000ec   Code   RO         1478    i.I2C_Init          stm32f10x_i2c.o
    0x080006a8   0x080006a8   0x00000008   Code   RO         1483    i.I2C_ReceiveData   stm32f10x_i2c.o
    0x080006b0   0x080006b0   0x00000012   Code   RO         1485    i.I2C_Send7bitAddress  stm32f10x_i2c.o
    0x080006c2   0x080006c2   0x00000004   Code   RO         1486    i.I2C_SendData      stm32f10x_i2c.o
    0x080006c6   0x080006c6   0x0000003c   Code   RO         3650    i.MPU6050_GetData   mpu6050.o
    0x08000702   0x08000702   0x0000000a   Code   RO         3651    i.MPU6050_GetID     mpu6050.o
    0x0800070c   0x0800070c   0x000000f0   Code   RO         3652    i.MPU6050_Init      mpu6050.o
    0x080007fc   0x080007fc   0x00000098   Code   RO         3653    i.MPU6050_ReadReg   mpu6050.o
    0x08000894   0x08000894   0x00000024   Code   RO         3654    i.MPU6050_WaitEvent  mpu6050.o
    0x080008b8   0x080008b8   0x00000064   Code   RO         3655    i.MPU6050_WriteReg  mpu6050.o
    0x0800091c   0x0800091c   0x00000004   Code   RO         3256    i.MemManage_Handler  stm32f10x_it.o
    0x08000920   0x08000920   0x00000002   Code   RO         3257    i.NMI_Handler       stm32f10x_it.o
    0x08000922   0x08000922   0x00000002   PAD
    0x08000924   0x08000924   0x00000070   Code   RO          137    i.NVIC_Init         misc.o
    0x08000994   0x08000994   0x00000014   Code   RO          138    i.NVIC_PriorityGroupConfig  misc.o
    0x080009a8   0x080009a8   0x00000002   Code   RO         3258    i.PendSV_Handler    stm32f10x_it.o
    0x080009aa   0x080009aa   0x00000002   PAD
    0x080009ac   0x080009ac   0x00000020   Code   RO         1775    i.RCC_APB1PeriphClockCmd  stm32f10x_rcc.o
    0x080009cc   0x080009cc   0x00000020   Code   RO         1777    i.RCC_APB2PeriphClockCmd  stm32f10x_rcc.o
    0x080009ec   0x080009ec   0x000000d4   Code   RO         1785    i.RCC_GetClocksFreq  stm32f10x_rcc.o
    0x08000ac0   0x08000ac0   0x00000010   Code   RO         3392    i.Read_BL_Direction  motor.o
    0x08000ad0   0x08000ad0   0x00000014   Code   RO         3393    i.Read_BR_Direction  motor.o
    0x08000ae4   0x08000ae4   0x00000014   Code   RO         3394    i.Read_FL_Direction  motor.o
    0x08000af8   0x08000af8   0x00000014   Code   RO         3395    i.Read_FR_Direction  motor.o
    0x08000b0c   0x08000b0c   0x00000002   Code   RO         3259    i.SVC_Handler       stm32f10x_it.o
    0x08000b0e   0x08000b0e   0x00000002   PAD
    0x08000b10   0x08000b10   0x000000b4   Code   RO         3562    i.Serial_Init       uart.o
    0x08000bc4   0x08000bc4   0x00000020   Code   RO         3565    i.Serial_SendByte   uart.o
    0x08000be4   0x08000be4   0x00000008   Code   RO           17    i.SetSysClock       system_stm32f10x.o
    0x08000bec   0x08000bec   0x000000e0   Code   RO           18    i.SetSysClockTo72   system_stm32f10x.o
    0x08000ccc   0x08000ccc   0x00000002   Code   RO         3260    i.SysTick_Handler   stm32f10x_it.o
    0x08000cce   0x08000cce   0x00000002   PAD
    0x08000cd0   0x08000cd0   0x00000060   Code   RO           20    i.SystemInit        system_stm32f10x.o
    0x08000d30   0x08000d30   0x00000064   Code   RO         3396    i.TIM1_ETR_Config   motor.o
    0x08000d94   0x08000d94   0x00000078   Code   RO         3397    i.TIM2_ETR_Config   motor.o
    0x08000e0c   0x08000e0c   0x00000068   Code   RO         3398    i.TIM3_ETR_Config   motor.o
    0x08000e74   0x08000e74   0x00000060   Code   RO         3399    i.TIM6_Configuration  motor.o
    0x08000ed4   0x08000ed4   0x000005c4   Code   RO         3400    i.TIM6_IRQHandler   motor.o
    0x08001498   0x08001498   0x00000060   Code   RO         3698    i.TIM7_Configuration  6050control.o
    0x080014f8   0x080014f8   0x0000007c   Code   RO         3699    i.TIM7_IRQHandler   6050control.o
    0x08001574   0x08001574   0x00000064   Code   RO         3401    i.TIM8_ETR_Config   motor.o
    0x080015d8   0x080015d8   0x00000006   Code   RO         2416    i.TIM_ClearITPendingBit  stm32f10x_tim.o
    0x080015de   0x080015de   0x00000018   Code   RO         2421    i.TIM_Cmd           stm32f10x_tim.o
    0x080015f6   0x080015f6   0x00000020   Code   RO         2428    i.TIM_ETRClockMode2Config  stm32f10x_tim.o
    0x08001616   0x08001616   0x0000001c   Code   RO         2429    i.TIM_ETRConfig     stm32f10x_tim.o
    0x08001632   0x08001632   0x00000006   Code   RO         2440    i.TIM_GetCounter    stm32f10x_tim.o
    0x08001638   0x08001638   0x00000022   Code   RO         2442    i.TIM_GetITStatus   stm32f10x_tim.o
    0x0800165a   0x0800165a   0x00000012   Code   RO         2446    i.TIM_ITConfig      stm32f10x_tim.o
    0x0800166c   0x0800166c   0x0000000c   Code   RO         2448    i.TIM_InternalClockConfig  stm32f10x_tim.o
    0x08001678   0x08001678   0x00000098   Code   RO         2450    i.TIM_OC1Init       stm32f10x_tim.o
    0x08001710   0x08001710   0x000000a4   Code   RO         2455    i.TIM_OC2Init       stm32f10x_tim.o
    0x080017b4   0x080017b4   0x000000a0   Code   RO         2460    i.TIM_OC3Init       stm32f10x_tim.o
    0x08001854   0x08001854   0x0000007c   Code   RO         2465    i.TIM_OC4Init       stm32f10x_tim.o
    0x080018d0   0x080018d0   0x00000014   Code   RO         2468    i.TIM_OCStructInit  stm32f10x_tim.o
    0x080018e4   0x080018e4   0x00000004   Code   RO         2482    i.TIM_SetCompare1   stm32f10x_tim.o
    0x080018e8   0x080018e8   0x00000004   Code   RO         2483    i.TIM_SetCompare2   stm32f10x_tim.o
    0x080018ec   0x080018ec   0x00000004   Code   RO         2484    i.TIM_SetCompare3   stm32f10x_tim.o
    0x080018f0   0x080018f0   0x00000006   Code   RO         2485    i.TIM_SetCompare4   stm32f10x_tim.o
    0x080018f6   0x080018f6   0x00000004   Code   RO         2486    i.TIM_SetCounter    stm32f10x_tim.o
    0x080018fa   0x080018fa   0x00000002   PAD
    0x080018fc   0x080018fc   0x000000a4   Code   RO         2492    i.TIM_TimeBaseInit  stm32f10x_tim.o
    0x080019a0   0x080019a0   0x00000080   Code   RO         3569    i.UART4_Init        uart.o
    0x08001a20   0x08001a20   0x00000124   Code   RO         3570    i.USART2_IRQHandler  uart.o
    0x08001b44   0x08001b44   0x0000001e   Code   RO         2957    i.USART_ClearITPendingBit  stm32f10x_usart.o
    0x08001b62   0x08001b62   0x00000018   Code   RO         2960    i.USART_Cmd         stm32f10x_usart.o
    0x08001b7a   0x08001b7a   0x0000001a   Code   RO         2963    i.USART_GetFlagStatus  stm32f10x_usart.o
    0x08001b94   0x08001b94   0x00000054   Code   RO         2964    i.USART_GetITStatus  stm32f10x_usart.o
    0x08001be8   0x08001be8   0x0000004a   Code   RO         2966    i.USART_ITConfig    stm32f10x_usart.o
    0x08001c32   0x08001c32   0x00000002   PAD
    0x08001c34   0x08001c34   0x000000d8   Code   RO         2967    i.USART_Init        stm32f10x_usart.o
    0x08001d0c   0x08001d0c   0x0000000a   Code   RO         2974    i.USART_ReceiveData  stm32f10x_usart.o
    0x08001d16   0x08001d16   0x00000008   Code   RO         2977    i.USART_SendData    stm32f10x_usart.o
    0x08001d1e   0x08001d1e   0x0000003e   Code   RO         3571    i.USART_SendFrame   uart.o
    0x08001d5c   0x08001d5c   0x00000004   Code   RO         3261    i.UsageFault_Handler  stm32f10x_it.o
    0x08001d60   0x08001d60   0x00000020   Code   RO         3402    i.cheak_corner      motor.o
    0x08001d80   0x08001d80   0x000001a8   Code   RO         3403    i.close_to_target   motor.o
    0x08001f28   0x08001f28   0x00000032   Code   RO         3404    i.complementary_filter  motor.o
    0x08001f5a   0x08001f5a   0x00000034   Code   RO         3405    i.control_motor     motor.o
    0x08001f8e   0x08001f8e   0x00000002   PAD
    0x08001f90   0x08001f90   0x0000004c   Code   RO         3408    i.dir_gpio_input_Config  motor.o
    0x08001fdc   0x08001fdc   0x000000b8   Code   RO         3700    i.get_6050_data     6050control.o
    0x08002094   0x08002094   0x00000046   Code   RO         3196    i.init              main.o
    0x080020da   0x080020da   0x00000002   PAD
    0x080020dc   0x080020dc   0x00000074   Code   RO         3701    i.init_6050         6050control.o
    0x08002150   0x08002150   0x0000004c   Code   RO         3316    i.init_gray_scale_module_gpio  gpio.o
    0x0800219c   0x0800219c   0x000000dc   Code   RO         3409    i.init_pid          motor.o
    0x08002278   0x08002278   0x0000002c   Code   RO         3702    i.init_pid_angle    6050control.o
    0x080022a4   0x080022a4   0x0000000e   Code   RO         3703    i.kalman_init       6050control.o
    0x080022b2   0x080022b2   0x0000005a   Code   RO         3704    i.kalman_update     6050control.o
    0x0800230c   0x0800230c   0x0000007c   Code   RO         3197    i.main              main.o
    0x08002388   0x08002388   0x000000a8   Code   RO         3317    i.motor_dir_gpio_init  gpio.o
    0x08002430   0x08002430   0x0000009c   Code   RO         3318    i.motor_dir_select  gpio.o
    0x080024cc   0x080024cc   0x0000000c   Code   RO         3410    i.motor_init        motor.o
    0x080024d8   0x080024d8   0x00000144   Code   RO         3706    i.mpu_6050_corretion  6050control.o
    0x0800261c   0x0800261c   0x00000014   Code   RO         3707    i.pid_angle_init    6050control.o
    0x08002630   0x08002630   0x000000a0   Code   RO         3411    i.pid_compute       motor.o
    0x080026d0   0x080026d0   0x000000f4   Code   RO         3708    i.pid_compute_angle  6050control.o
    0x080027c4   0x080027c4   0x00000014   Code   RO         3412    i.pid_init          motor.o
    0x080027d8   0x080027d8   0x000000b0   Code   RO         3319    i.pwm_init          gpio.o
    0x08002888   0x08002888   0x00000058   Code   RO         3320    i.pwm_set_duty_cycle  gpio.o
    0x080028e0   0x080028e0   0x000000f0   Code   RO         3321    i.read_gray_scale_module  gpio.o
    0x080029d0   0x080029d0   0x0000003c   Code   RO         3572    i.send_data         uart.o
    0x08002a0c   0x08002a0c   0x00000108   Code   RO         3198    i.send_to_win       main.o
    0x08002b14   0x08002b14   0x00000074   Code   RO         3413    i.stop_the_car      motor.o
    0x08002b88   0x08002b88   0x0000000c   Code   RO         3415    i.toggle_delta_v    motor.o
    0x08002b94   0x08002b94   0x00000062   Code   RO         3801    x$fpl$d2f           fz_ws.l(d2f.o)
    0x08002bf6   0x08002bf6   0x00000002   PAD
    0x08002bf8   0x08002bf8   0x00000150   Code   RO         3803    x$fpl$dadd          fz_ws.l(daddsub_clz.o)
    0x08002d48   0x08002d48   0x00000018   Code   RO         3854    x$fpl$dcmpinf       fz_ws.l(dcmpi.o)
    0x08002d60   0x08002d60   0x000002b0   Code   RO         3810    x$fpl$ddiv          fz_ws.l(ddiv.o)
    0x08003010   0x08003010   0x0000002e   Code   RO         3814    x$fpl$dflt          fz_ws.l(dflt_clz.o)
    0x0800303e   0x0800303e   0x00000002   PAD
    0x08003040   0x08003040   0x00000078   Code   RO         3819    x$fpl$dleqf         fz_ws.l(dleqf.o)
    0x080030b8   0x080030b8   0x00000154   Code   RO         3821    x$fpl$dmul          fz_ws.l(dmul.o)
    0x0800320c   0x0800320c   0x0000009c   Code   RO         3856    x$fpl$dnaninf       fz_ws.l(dnaninf.o)
    0x080032a8   0x080032a8   0x0000000c   Code   RO         3858    x$fpl$dretinf       fz_ws.l(dretinf.o)
    0x080032b4   0x080032b4   0x0000006c   Code   RO         3823    x$fpl$drleqf        fz_ws.l(drleqf.o)
    0x08003320   0x08003320   0x000001d4   Code   RO         3805    x$fpl$dsub          fz_ws.l(daddsub_clz.o)
    0x080034f4   0x080034f4   0x00000056   Code   RO         3825    x$fpl$f2d           fz_ws.l(f2d.o)
    0x0800354a   0x0800354a   0x00000002   PAD
    0x0800354c   0x0800354c   0x000000c4   Code   RO         3827    x$fpl$fadd          fz_ws.l(faddsub_clz.o)
    0x08003610   0x08003610   0x00000018   Code   RO         3860    x$fpl$fcmpinf       fz_ws.l(fcmpi.o)
    0x08003628   0x08003628   0x00000184   Code   RO         3834    x$fpl$fdiv          fz_ws.l(fdiv.o)
    0x080037ac   0x080037ac   0x00000036   Code   RO         3837    x$fpl$ffix          fz_ws.l(ffix.o)
    0x080037e2   0x080037e2   0x00000002   PAD
    0x080037e4   0x080037e4   0x00000030   Code   RO         3842    x$fpl$fflt          fz_ws.l(fflt_clz.o)
    0x08003814   0x08003814   0x00000026   Code   RO         3841    x$fpl$ffltu         fz_ws.l(fflt_clz.o)
    0x0800383a   0x0800383a   0x00000002   PAD
    0x0800383c   0x0800383c   0x00000068   Code   RO         3847    x$fpl$fleqf         fz_ws.l(fleqf.o)
    0x080038a4   0x080038a4   0x00000102   Code   RO         3849    x$fpl$fmul          fz_ws.l(fmul.o)
    0x080039a6   0x080039a6   0x0000008c   Code   RO         3862    x$fpl$fnaninf       fz_ws.l(fnaninf.o)
    0x08003a32   0x08003a32   0x0000000a   Code   RO         3864    x$fpl$fretinf       fz_ws.l(fretinf.o)
    0x08003a3c   0x08003a3c   0x00000062   Code   RO         3851    x$fpl$frleqf        fz_ws.l(frleqf.o)
    0x08003a9e   0x08003a9e   0x00000014   Code   RO         3828    x$fpl$frsb          fz_ws.l(faddsub_clz.o)
    0x08003ab2   0x08003ab2   0x00000002   PAD
    0x08003ab4   0x08003ab4   0x000000ea   Code   RO         3829    x$fpl$fsub          fz_ws.l(faddsub_clz.o)
    0x08003b9e   0x08003b9e   0x00000000   Code   RO         3866    x$fpl$usenofp       fz_ws.l(usenofp.o)
    0x08003b9e   0x08003b9e   0x00000002   PAD
    0x08003ba0   0x08003ba0   0x00000020   Data   RO         4021    Region$$Table       anon$$obj.o


    Execution Region RW_IRAM1 (Exec base: 0x20000000, Load base: 0x08003bc0, Size: 0x00000948, Max: 0x0000c000, ABSOLUTE, COMPRESSED[0x00000044])

    Exec Addr    Load Addr    Size         Type   Attr      Idx    E Section Name        Object

    0x20000000   COMPRESSED   0x00000014   Data   RW         1805    .data               stm32f10x_rcc.o
    0x20000014   COMPRESSED   0x0000001d   Data   RW         3201    .data               main.o
    0x20000031   COMPRESSED   0x00000003   PAD
    0x20000034   COMPRESSED   0x000000a4   Data   RW         3417    .data               motor.o
    0x200000d8   COMPRESSED   0x00000016   Data   RW         3573    .data               uart.o
    0x200000ee   COMPRESSED   0x00000001   Data   RW         3656    .data               mpu6050.o
    0x200000ef   COMPRESSED   0x00000001   PAD
    0x200000f0   COMPRESSED   0x00000084   Data   RW         3710    .data               6050control.o
    0x20000174        -       0x00000058   Zero   RW         3200    .bss                main.o
    0x200001cc        -       0x000000a8   Zero   RW         3416    .bss                motor.o
    0x20000274        -       0x00000070   Zero   RW         3709    .bss                6050control.o
    0x200002e4        -       0x00000060   Zero   RW         3893    .bss                c_w.l(libspace.o)
    0x20000344   COMPRESSED   0x00000004   PAD
    0x20000348        -       0x00000200   Zero   RW          131    HEAP                startup_stm32f10x_hd.o
    0x20000548        -       0x00000400   Zero   RW          130    STACK               startup_stm32f10x_hd.o


==============================================================================

Image component sizes


      Code (inc. data)   RO Data    RW Data    ZI Data      Debug   Object Name

      1256        214          0        132        112       7886   6050control.o
         0          0          0          0          0       4540   core_cm3.o
        70          0          0          0          0        890   delay.o
       904         74          0          0          0       3816   gpio.o
       458        140          0         29         88       3380   main.o
       132         22          0          0          0     206111   misc.o
      3246        572          0        164        168      15659   motor.o
       598         44          0          1          0       4007   mpu6050.o
        56         22        304          0       1536        788   startup_stm32f10x_hd.o
         0          0          0          0          0       1648   stm32f10x_adc.o
       448          6          0          0          0      12530   stm32f10x_gpio.o
       404         14          0          0          0      14468   stm32f10x_i2c.o
        26          0          0          0          0       3666   stm32f10x_it.o
       276         32          0         20          0      12926   stm32f10x_rcc.o
       966         92          0          0          0      31503   stm32f10x_tim.o
       472          6          0          0          0      12391   stm32f10x_usart.o
       328         28          0          0          0      53069   system_stm32f10x.o
       754         66          0         22          0       4625   uart.o

    ----------------------------------------------------------------------
     10410       1332        336        372       1904     393903   Object Totals
         0          0         32          0          0          0   (incl. Generated)
        16          0          0          4          0          0   (incl. Padding)

    ----------------------------------------------------------------------

      Code (inc. data)   RO Data    RW Data    ZI Data      Debug   Library Member Name

        90          0          0          0          0          0   __dczerorl2.o
         8          0          0          0          0         68   __main.o
         0          0          0          0          0          0   __rtentry.o
        12          0          0          0          0          0   __rtentry2.o
         6          0          0          0          0          0   __rtentry4.o
        52          8          0          0          0          0   __scatter.o
        28          0          0          0          0          0   __scatter_zi.o
        18          0          0          0          0         80   exit.o
         6          0          0          0          0        152   heapauxi.o
         0          0          0          0          0          0   indicate_semi.o
         2          0          0          0          0          0   libinit.o
         2          0          0          0          0          0   libinit2.o
         2          0          0          0          0          0   libshutdown.o
         2          0          0          0          0          0   libshutdown2.o
         8          4          0          0         96         68   libspace.o
       100          0          0          0          0         80   rt_memcpy_w.o
         2          0          0          0          0          0   rtexit.o
        10          0          0          0          0          0   rtexit2.o
        12          4          0          0          0         68   sys_exit.o
        74          0          0          0          0         80   sys_stackheap_outer.o
         2          0          0          0          0         68   use_no_semi.o
        98          4          0          0          0         92   d2f.o
       804         16          0          0          0        272   daddsub_clz.o
        24          0          0          0          0         68   dcmpi.o
       688        140          0          0          0        208   ddiv.o
        46          0          0          0          0         68   dflt_clz.o
       120          4          0          0          0         92   dleqf.o
       340         12          0          0          0        104   dmul.o
       156          4          0          0          0         92   dnaninf.o
        12          0          0          0          0         68   dretinf.o
       108          0          0          0          0         80   drleqf.o
        86          4          0          0          0         84   f2d.o
       450          8          0          0          0        236   faddsub_clz.o
        24          0          0          0          0         68   fcmpi.o
       388         76          0          0          0         96   fdiv.o
        54          4          0          0          0         84   ffix.o
        86          0          0          0          0        136   fflt_clz.o
       104          4          0          0          0         84   fleqf.o
       258          4          0          0          0         84   fmul.o
       140          4          0          0          0         84   fnaninf.o
        10          0          0          0          0         68   fretinf.o
        98          0          0          0          0         68   frleqf.o
         0          0          0          0          0          0   usenofp.o

    ----------------------------------------------------------------------
      4550        300          0          0        100       2900   Library Totals
        20          0          0          0          4          0   (incl. Padding)

    ----------------------------------------------------------------------

      Code (inc. data)   RO Data    RW Data    ZI Data      Debug   Library Name

       436         16          0          0         96        664   c_w.l
      4094        284          0          0          0       2236   fz_ws.l

    ----------------------------------------------------------------------
      4550        300          0          0        100       2900   Library Totals

    ----------------------------------------------------------------------

==============================================================================


      Code (inc. data)   RO Data    RW Data    ZI Data      Debug   

     14960       1632        336        372       2004     389675   Grand Totals
     14960       1632        336         68       2004     389675   ELF Image Totals (compressed)
     14960       1632        336         68          0          0   ROM Totals

==============================================================================

    Total RO  Size (Code + RO Data)                15296 (  14.94kB)
    Total RW  Size (RW Data + ZI Data)              2376 (   2.32kB)
    Total ROM Size (Code + RO Data + RW Data)      15364 (  15.00kB)

==============================================================================

