Component: ARM Compiler 5.06 update 7 (build 960) Tool: armlink [4d3601]

==============================================================================

Section Cross References

    system_stm32f10x.o(i.SetSysClock) refers to system_stm32f10x.o(i.SetSysClockTo72) for SetSysClockTo72
    system_stm32f10x.o(i.SystemCoreClockUpdate) refers to system_stm32f10x.o(.data) for SystemCoreClock
    system_stm32f10x.o(i.SystemInit) refers to system_stm32f10x.o(i.SetSysClock) for SetSysClock
    startup_stm32f10x_hd.o(STACK) refers (Special) to heapauxi.o(.text) for __use_two_region_memory
    startup_stm32f10x_hd.o(HEAP) refers (Special) to heapauxi.o(.text) for __use_two_region_memory
    startup_stm32f10x_hd.o(RESET) refers (Special) to heapauxi.o(.text) for __use_two_region_memory
    startup_stm32f10x_hd.o(RESET) refers to startup_stm32f10x_hd.o(STACK) for __initial_sp
    startup_stm32f10x_hd.o(RESET) refers to startup_stm32f10x_hd.o(.text) for Reset_Handler
    startup_stm32f10x_hd.o(RESET) refers to stm32f10x_it.o(i.NMI_Handler) for NMI_Handler
    startup_stm32f10x_hd.o(RESET) refers to stm32f10x_it.o(i.HardFault_Handler) for HardFault_Handler
    startup_stm32f10x_hd.o(RESET) refers to stm32f10x_it.o(i.MemManage_Handler) for MemManage_Handler
    startup_stm32f10x_hd.o(RESET) refers to stm32f10x_it.o(i.BusFault_Handler) for BusFault_Handler
    startup_stm32f10x_hd.o(RESET) refers to stm32f10x_it.o(i.UsageFault_Handler) for UsageFault_Handler
    startup_stm32f10x_hd.o(RESET) refers to stm32f10x_it.o(i.SVC_Handler) for SVC_Handler
    startup_stm32f10x_hd.o(RESET) refers to stm32f10x_it.o(i.DebugMon_Handler) for DebugMon_Handler
    startup_stm32f10x_hd.o(RESET) refers to stm32f10x_it.o(i.PendSV_Handler) for PendSV_Handler
    startup_stm32f10x_hd.o(RESET) refers to stm32f10x_it.o(i.SysTick_Handler) for SysTick_Handler
    startup_stm32f10x_hd.o(RESET) refers to uart.o(i.USART2_IRQHandler) for USART2_IRQHandler
    startup_stm32f10x_hd.o(RESET) refers to motor.o(i.TIM6_IRQHandler) for TIM6_IRQHandler
    startup_stm32f10x_hd.o(RESET) refers to 6050control.o(i.TIM7_IRQHandler) for TIM7_IRQHandler
    startup_stm32f10x_hd.o(.text) refers (Special) to heapauxi.o(.text) for __use_two_region_memory
    startup_stm32f10x_hd.o(.text) refers to __main.o(!!!main) for __main
    startup_stm32f10x_hd.o(.text) refers to startup_stm32f10x_hd.o(HEAP) for Heap_Mem
    startup_stm32f10x_hd.o(.text) refers to startup_stm32f10x_hd.o(STACK) for Stack_Mem
    stm32f10x_adc.o(i.ADC_DeInit) refers to stm32f10x_rcc.o(i.RCC_APB2PeriphResetCmd) for RCC_APB2PeriphResetCmd
    stm32f10x_bkp.o(i.BKP_DeInit) refers to stm32f10x_rcc.o(i.RCC_BackupResetCmd) for RCC_BackupResetCmd
    stm32f10x_can.o(i.CAN_DeInit) refers to stm32f10x_rcc.o(i.RCC_APB1PeriphResetCmd) for RCC_APB1PeriphResetCmd
    stm32f10x_can.o(i.CAN_GetITStatus) refers to stm32f10x_can.o(i.CheckITStatus) for CheckITStatus
    stm32f10x_cec.o(i.CEC_DeInit) refers to stm32f10x_rcc.o(i.RCC_APB1PeriphResetCmd) for RCC_APB1PeriphResetCmd
    stm32f10x_dac.o(i.DAC_DeInit) refers to stm32f10x_rcc.o(i.RCC_APB1PeriphResetCmd) for RCC_APB1PeriphResetCmd
    stm32f10x_flash.o(i.FLASH_EnableWriteProtection) refers to stm32f10x_flash.o(i.FLASH_WaitForLastOperation) for FLASH_WaitForLastOperation
    stm32f10x_flash.o(i.FLASH_EraseAllBank1Pages) refers to stm32f10x_flash.o(i.FLASH_WaitForLastBank1Operation) for FLASH_WaitForLastBank1Operation
    stm32f10x_flash.o(i.FLASH_EraseAllPages) refers to stm32f10x_flash.o(i.FLASH_WaitForLastOperation) for FLASH_WaitForLastOperation
    stm32f10x_flash.o(i.FLASH_EraseOptionBytes) refers to stm32f10x_flash.o(i.FLASH_GetReadOutProtectionStatus) for FLASH_GetReadOutProtectionStatus
    stm32f10x_flash.o(i.FLASH_EraseOptionBytes) refers to stm32f10x_flash.o(i.FLASH_WaitForLastOperation) for FLASH_WaitForLastOperation
    stm32f10x_flash.o(i.FLASH_ErasePage) refers to stm32f10x_flash.o(i.FLASH_WaitForLastOperation) for FLASH_WaitForLastOperation
    stm32f10x_flash.o(i.FLASH_ProgramHalfWord) refers to stm32f10x_flash.o(i.FLASH_WaitForLastOperation) for FLASH_WaitForLastOperation
    stm32f10x_flash.o(i.FLASH_ProgramOptionByteData) refers to stm32f10x_flash.o(i.FLASH_WaitForLastOperation) for FLASH_WaitForLastOperation
    stm32f10x_flash.o(i.FLASH_ProgramWord) refers to stm32f10x_flash.o(i.FLASH_WaitForLastOperation) for FLASH_WaitForLastOperation
    stm32f10x_flash.o(i.FLASH_ReadOutProtection) refers to stm32f10x_flash.o(i.FLASH_WaitForLastOperation) for FLASH_WaitForLastOperation
    stm32f10x_flash.o(i.FLASH_UserOptionByteConfig) refers to stm32f10x_flash.o(i.FLASH_WaitForLastOperation) for FLASH_WaitForLastOperation
    stm32f10x_flash.o(i.FLASH_WaitForLastBank1Operation) refers to stm32f10x_flash.o(i.FLASH_GetBank1Status) for FLASH_GetBank1Status
    stm32f10x_flash.o(i.FLASH_WaitForLastOperation) refers to stm32f10x_flash.o(i.FLASH_GetBank1Status) for FLASH_GetBank1Status
[...]
    ../clib/stdlib.c                         0x00000000   Number         0  exit.o ABSOLUTE
    ../fplib/d2f.s                           0x00000000   Number         0  d2f.o ABSOLUTE
    ../fplib/daddsub.s                       0x00000000   Number         0  daddsub_clz.o ABSOLUTE
    ../fplib/dcheck1.s                       0x00000000   Number         0  dcheck1.o ABSOLUTE
    ../fplib/dcmpi.s                         0x00000000   Number         0  dcmpi.o ABSOLUTE
    ../fplib/ddiv.s                          0x00000000   Number         0  ddiv.o ABSOLUTE
    ../fplib/dflt.s                          0x00000000   Number         0  dflt_clz.o ABSOLUTE
    ../fplib/dleqf.s                         0x00000000   Number         0  dleqf.o ABSOLUTE
    ../fplib/dmul.s                          0x00000000   Number         0  dmul.o ABSOLUTE
    ../fplib/dnaninf.s                       0x00000000   Number         0  dnaninf.o ABSOLUTE
    ../fplib/dretinf.s                       0x00000000   Number         0  dretinf.o ABSOLUTE
    ../fplib/drleqf.s                        0x00000000   Number         0  drleqf.o ABSOLUTE
    ../fplib/dsqrt.s                         0x00000000   Number         0  dsqrt_noumaal.o ABSOLUTE
    ../fplib/f2d.s                           0x00000000   Number         0  f2d.o ABSOLUTE
    ../fplib/faddsub.s                       0x00000000   Number         0  faddsub_clz.o ABSOLUTE
    ../fplib/fcmpi.s                         0x00000000   Number         0  fcmpi.o ABSOLUTE
    ../fplib/fdiv.s                          0x00000000   Number         0  fdiv.o ABSOLUTE
    ../fplib/ffix.s                          0x00000000   Number         0  ffix.o ABSOLUTE
    ../fplib/ffixu.s                         0x00000000   Number         0  ffixu.o ABSOLUTE
    ../fplib/fflt.s                          0x00000000   Number         0  fflt_clz.o ABSOLUTE
    ../fplib/fleqf.s                         0x00000000   Number         0  fleqf.o ABSOLUTE
    ../fplib/fmul.s                          0x00000000   Number         0  fmul.o ABSOLUTE
    ../fplib/fnaninf.s                       0x00000000   Number         0  fnaninf.o ABSOLUTE
    ../fplib/fpinit.s                        0x00000000   Number         0  fpinit.o ABSOLUTE
    ../fplib/fretinf.s                       0x00000000   Number         0  fretinf.o ABSOLUTE
    ../fplib/frleqf.s                        0x00000000   Number         0  frleqf.o ABSOLUTE
    ../fplib/retnan.s                        0x00000000   Number         0  retnan.o ABSOLUTE
    ../fplib/scalbn.s                        0x00000000   Number         0  scalbn.o ABSOLUTE
    ../fplib/trapv.s                         0x00000000   Number         0  trapv.o ABSOLUTE
    ../fplib/usenofp.s                       0x00000000   Number         0  usenofp.o ABSOLUTE
    ../mathlib/atan.c                        0x00000000   Number         0  atan.o ABSOLUTE
    ../mathlib/atan.c                        0x00000000   Number         0  atan_x.o ABSOLUTE
    ../mathlib/dunder.c                      0x00000000   Number         0  dunder.o ABSOLUTE
    ../mathlib/fpclassify.c                  0x00000000   Number         0  fpclassify.o ABSOLUTE
    ../mathlib/poly.c                        0x00000000   Number         0  poly.o ABSOLUTE
    ../mathlib/sqrt.c                        0x00000000   Number         0  sqrt_x.o ABSOLUTE
    ../mathlib/sqrt.c                        0x00000000   Number         0  sqrt.o ABSOLUTE
    6050control.c                            0x00000000   Number         0  6050control.o ABSOLUTE
    GPIO.c                                   0x00000000   Number         0  gpio.o ABSOLUTE
    Library\misc.c                           0x00000000   Number         0  misc.o ABSOLUTE
    Library\stm32f10x_adc.c                  0x00000000   Number         0  stm32f10x_adc.o ABSOLUTE
    Library\stm32f10x_bkp.c                  0x00000000   Number         0  stm32f10x_bkp.o ABSOLUTE
    Library\stm32f10x_can.c                  0x00000000   Number         0  stm32f10x_can.o ABSOLUTE
    Library\stm32f10x_cec.c                  0x00000000   Number         0  stm32f10x_cec.o ABSOLUTE
    Library\stm32f10x_crc.c                  0x00000000   Number         0  stm32f10x_crc.o ABSOLUTE
    Library\stm32f10x_dac.c                  0x00000000   Number         0  stm32f10x_dac.o ABSOLUTE
    Library\stm32f10x_dbgmcu.c               0x00000000   Number         0  stm32f10x_dbgmcu.o ABSOLUTE
    Library\stm32f10x_dma.c                  0x00000000   Number         0  stm32f10x_dma.o ABSOLUTE
    Library\stm32f10x_exti.c                 0x00000000   Number         0  stm32f10x_exti.o ABSOLUTE
    Library\stm32f10x_flash.c                0x00000000   Number         0  stm32f10x_flash.o ABSOLUTE
    Library\stm32f10x_fsmc.c                 0x00000000   Number         0  stm32f10x_fsmc.o ABSOLUTE
    Library\stm32f10x_gpio.c                 0x00000000   Number         0  stm32f10x_gpio.o ABSOLUTE
    Library\stm32f10x_i2c.c                  0x00000000   Number         0  stm32f10x_i2c.o ABSOLUTE
    Library\stm32f10x_iwdg.c                 0x00000000   Number         0  stm32f10x_iwdg.o ABSOLUTE
    Library\stm32f10x_pwr.c                  0x00000000   Number         0  stm32f10x_pwr.o ABSOLUTE
    Library\stm32f10x_rcc.c                  0x00000000   Number         0  stm32f10x_rcc.o ABSOLUTE
    Library\stm32f10x_rtc.c                  0x00000000   Number         0  stm32f10x_rtc.o ABSOLUTE
    Library\stm32f10x_sdio.c                 0x00000000   Number         0  stm32f10x_sdio.o ABSOLUTE
    Library\stm32f10x_spi.c                  0x00000000   Number         0  stm32f10x_spi.o ABSOLUTE
    Library\stm32f10x_tim.c                  0x00000000   Number         0  stm32f10x_tim.o ABSOLUTE
    Library\stm32f10x_usart.c                0x00000000   Number         0  stm32f10x_usart.o ABSOLUTE
    Library\stm32f10x_wwdg.c                 0x00000000   Number         0  stm32f10x_wwdg.o ABSOLUTE
    Listings\startup_stm32f10x_hd.s          0x00000000   Number         0  startup_stm32f10x_hd.o ABSOLUTE
    MPU6050.c                                0x00000000   Number         0  mpu6050.o ABSOLUTE
    Start\\core_cm3.c                        0x00000000   Number         0  core_cm3.o ABSOLUTE
    Start\core_cm3.c                         0x00000000   Number         0  core_cm3.o ABSOLUTE
    Start\system_stm32f10x.c                 0x00000000   Number         0  system_stm32f10x.o ABSOLUTE
    UART.c                                   0x00000000   Number         0  uart.o ABSOLUTE
    User\main.c                              0x00000000   Number         0  main.o ABSOLUTE
    User\stm32f10x_it.c                      0x00000000   Number         0  stm32f10x_it.o ABSOLUTE
    dc.s                                     0x00000000   Number         0  dc.o ABSOLUTE
    delay.c                                  0x00000000   Number         0  delay.o ABSOLUTE
    motor.c                                  0x00000000   Number         0  motor.o ABSOLUTE
    move.c                                   0x00000000   Number         0  move.o ABSOLUTE
    RESET                                    0x08000000   Section      304  startup_stm32f10x_hd.o(RESET)
    !!!main                                  0x08000130   Section        8  __main.o(!!!main)
    !!!scatter                               0x08000138   Section       52  __scatter.o(!!!scatter)
    !!dczerorl2                              0x0800016c   Section       90  __dczerorl2.o(!!dczerorl2)
    !!handler_zi                             0x080001c8   Section       28  __scatter_zi.o(!!handler_zi)
    .ARM.Collect$$libinit$$00000000          0x080001e4   Section        2  libinit.o(.ARM.Collect$$libinit$$00000000)
    .ARM.Collect$$libinit$$00000002          0x080001e6   Section        0  libinit2.o(.ARM.Collect$$libinit$$00000002)
    .ARM.Collect$$libinit$$00000004          0x080001e6   Section        0  libinit2.o(.ARM.Collect$$libinit$$00000004)
    .ARM.Collect$$libinit$$0000000A          0x080001e6   Section        0  libinit2.o(.ARM.Collect$$libinit$$0000000A)
    .ARM.Collect$$libinit$$0000000C          0x080001e6   Section        0  libinit2.o(.ARM.Collect$$libinit$$0000000C)
    .ARM.Collect$$libinit$$0000000E          0x080001e6   Section        0  libinit2.o(.ARM.Collect$$libinit$$0000000E)
    .ARM.Collect$$libinit$$00000011          0x080001e6   Section        0  libinit2.o(.ARM.Collect$$libinit$$00000011)
    .ARM.Collect$$libinit$$00000013          0x080001e6   Section        0  libinit2.o(.ARM.Collect$$libinit$$00000013)
    .ARM.Collect$$libinit$$00000015          0x080001e6   Section        0  libinit2.o(.ARM.Collect$$libinit$$00000015)
    .ARM.Collect$$libinit$$00000017          0x080001e6   Section        0  libinit2.o(.ARM.Collect$$libinit$$00000017)
    .ARM.Collect$$libinit$$00000019          0x080001e6   Section        0  libinit2.o(.ARM.Collect$$libinit$$00000019)
    .ARM.Collect$$libinit$$0000001B          0x080001e6   Section        0  libinit2.o(.ARM.Collect$$libinit$$0000001B)
    .ARM.Collect$$libinit$$0000001D          0x080001e6   Section        0  libinit2.o(.ARM.Collect$$libinit$$0000001D)
    .ARM.Collect$$libinit$$0000001F          0x080001e6   Section        0  libinit2.o(.ARM.Collect$$libinit$$0000001F)
    .ARM.Collect$$libinit$$00000021          0x080001e6   Section        0  libinit2.o(.ARM.Collect$$libinit$$00000021)
    .ARM.Collect$$libinit$$00000023          0x080001e6   Section        0  libinit2.o(.ARM.Collect$$libinit$$00000023)
    .ARM.Collect$$libinit$$00000025          0x080001e6   Section        0  libinit2.o(.ARM.Collect$$libinit$$00000025)
    .ARM.Collect$$libinit$$0000002C          0x080001e6   Section        0  libinit2.o(.ARM.Collect$$libinit$$0000002C)
    .ARM.Collect$$libinit$$0000002E          0x080001e6   Section        0  libinit2.o(.ARM.Collect$$libinit$$0000002E)
    .ARM.Collect$$libinit$$00000030          0x080001e6   Section        0  libinit2.o(.ARM.Collect$$libinit$$00000030)
    .ARM.Collect$$libinit$$00000032          0x080001e6   Section        0  libinit2.o(.ARM.Collect$$libinit$$00000032)
    .ARM.Collect$$libinit$$00000033          0x080001e6   Section        2  libinit2.o(.ARM.Collect$$libinit$$00000033)
    .ARM.Collect$$libshutdown$$00000000      0x080001e8   Section        2  libshutdown.o(.ARM.Collect$$libshutdown$$00000000)
    .ARM.Collect$$libshutdown$$00000002      0x080001ea   Section        0  libshutdown2.o(.ARM.Collect$$libshutdown$$00000002)
    .ARM.Collect$$libshutdown$$00000004      0x080001ea   Section        0  libshutdown2.o(.ARM.Collect$$libshutdown$$00000004)
    .ARM.Collect$$libshutdown$$00000006      0x080001ea   Section        0  libshutdown2.o(.ARM.Collect$$libshutdown$$00000006)
    .ARM.Collect$$libshutdown$$00000009      0x080001ea   Section        0  libshutdown2.o(.ARM.Collect$$libshutdown$$00000009)
    .ARM.Collect$$libshutdown$$0000000C      0x080001ea   Section        0  libshutdown2.o(.ARM.Collect$$libshutdown$$0000000C)
    .ARM.Collect$$libshutdown$$0000000E      0x080001ea   Section        0  libshutdown2.o(.ARM.Collect$$libshutdown$$0000000E)
    .ARM.Collect$$libshutdown$$00000011      0x080001ea   Section        0  libshutdown2.o(.ARM.Collect$$libshutdown$$00000011)
    .ARM.Collect$$libshutdown$$00000012      0x080001ea   Section        2  libshutdown2.o(.ARM.Collect$$libshutdown$$00000012)
    .ARM.Collect$$rtentry$$00000000          0x080001ec   Section        0  __rtentry.o(.ARM.Collect$$rtentry$$00000000)
    .ARM.Collect$$rtentry$$00000002          0x080001ec   Section        0  __rtentry2.o(.ARM.Collect$$rtentry$$00000002)
    .ARM.Collect$$rtentry$$00000004          0x080001ec   Section        6  __rtentry4.o(.ARM.Collect$$rtentry$$00000004)
    .ARM.Collect$$rtentry$$00000009          0x080001f2   Section        0  __rtentry2.o(.ARM.Collect$$rtentry$$00000009)
    .ARM.Collect$$rtentry$$0000000A          0x080001f2   Section        4  __rtentry2.o(.ARM.Collect$$rtentry$$0000000A)
    .ARM.Collect$$rtentry$$0000000C          0x080001f6   Section        0  __rtentry2.o(.ARM.Collect$$rtentry$$0000000C)
    .ARM.Collect$$rtentry$$0000000D          0x080001f6   Section        8  __rtentry2.o(.ARM.Collect$$rtentry$$0000000D)
    .ARM.Collect$$rtexit$$00000000           0x080001fe   Section        2  rtexit.o(.ARM.Collect$$rtexit$$00000000)
    .ARM.Collect$$rtexit$$00000002           0x08000200   Section        0  rtexit2.o(.ARM.Collect$$rtexit$$00000002)
    .ARM.Collect$$rtexit$$00000003           0x08000200   Section        4  rtexit2.o(.ARM.Collect$$rtexit$$00000003)
    .ARM.Collect$$rtexit$$00000004           0x08000204   Section        6  rtexit2.o(.ARM.Collect$$rtexit$$00000004)
    .text                                    0x0800020c   Section       56  startup_stm32f10x_hd.o(.text)
    .text                                    0x08000244   Section        0  heapauxi.o(.text)
    .text                                    0x0800024c   Section        8  libspace.o(.text)
    .text                                    0x08000254   Section       74  sys_stackheap_outer.o(.text)
    .text                                    0x0800029e   Section        0  exit.o(.text)
    .text                                    0x080002b0   Section        0  sys_exit.o(.text)
    .text                                    0x080002bc   Section        2  use_no_semi.o(.text)
    .text                                    0x080002be   Section        0  indicate_semi.o(.text)
    i.BusFault_Handler                       0x080002be   Section        0  stm32f10x_it.o(i.BusFault_Handler)
    i.DebugMon_Handler                       0x080002c2   Section        0  stm32f10x_it.o(i.DebugMon_Handler)
    i.Delay_us                               0x080002c4   Section        0  delay.o(i.Delay_us)
    i.GPIO_Init                              0x080002f2   Section        0  stm32f10x_gpio.o(i.GPIO_Init)
    i.GPIO_PinRemapConfig                    0x08000408   Section        0  stm32f10x_gpio.o(i.GPIO_PinRemapConfig)
    i.GPIO_ReadInputDataBit                  0x08000498   Section        0  stm32f10x_gpio.o(i.GPIO_ReadInputDataBit)
    i.GPIO_ResetBits                         0x080004aa   Section        0  stm32f10x_gpio.o(i.GPIO_ResetBits)
    i.GPIO_SetBits                           0x080004ae   Section        0  stm32f10x_gpio.o(i.GPIO_SetBits)
    i.HardFault_Handler                      0x080004b2   Section        0  stm32f10x_it.o(i.HardFault_Handler)
    i.MemManage_Handler                      0x080004b6   Section        0  stm32f10x_it.o(i.MemManage_Handler)
    i.NMI_Handler                            0x080004ba   Section        0  stm32f10x_it.o(i.NMI_Handler)
    i.NVIC_Init                              0x080004bc   Section        0  misc.o(i.NVIC_Init)
    i.NVIC_PriorityGroupConfig               0x0800052c   Section        0  misc.o(i.NVIC_PriorityGroupConfig)
    i.PendSV_Handler                         0x08000540   Section        0  stm32f10x_it.o(i.PendSV_Handler)
    i.RCC_APB1PeriphClockCmd                 0x08000544   Section        0  stm32f10x_rcc.o(i.RCC_APB1PeriphClockCmd)
    i.RCC_APB2PeriphClockCmd                 0x08000564   Section        0  stm32f10x_rcc.o(i.RCC_APB2PeriphClockCmd)
    i.RCC_GetClocksFreq                      0x08000584   Section        0  stm32f10x_rcc.o(i.RCC_GetClocksFreq)
    i.Read_BL_Direction                      0x08000658   Section        0  motor.o(i.Read_BL_Direction)
    i.Read_BR_Direction                      0x08000668   Section        0  motor.o(i.Read_BR_Direction)
    i.Read_FL_Direction                      0x0800067c   Section        0  motor.o(i.Read_FL_Direction)
    i.Read_FR_Direction                      0x08000690   Section        0  motor.o(i.Read_FR_Direction)
    i.SVC_Handler                            0x080006a4   Section        0  stm32f10x_it.o(i.SVC_Handler)
    i.Serial_Init                            0x080006a8   Section        0  uart.o(i.Serial_Init)
    i.Serial_SendArray                       0x0800075c   Section        0  uart.o(i.Serial_SendArray)
    i.Serial_SendByte                        0x08000778   Section        0  uart.o(i.Serial_SendByte)
    i.Serial_SendPacket                      0x08000798   Section        0  uart.o(i.Serial_SendPacket)
    i.SetSysClock                            0x080007b4   Section        0  system_stm32f10x.o(i.SetSysClock)
    SetSysClock                              0x080007b5   Thumb Code     8  system_stm32f10x.o(i.SetSysClock)
    i.SetSysClockTo72                        0x080007bc   Section        0  system_stm32f10x.o(i.SetSysClockTo72)
    SetSysClockTo72                          0x080007bd   Thumb Code   214  system_stm32f10x.o(i.SetSysClockTo72)
    i.SysTick_Handler                        0x0800089c   Section        0  stm32f10x_it.o(i.SysTick_Handler)
    i.SystemInit                             0x080008a0   Section        0  system_stm32f10x.o(i.SystemInit)
    i.TIM6_IRQHandler                        0x08000900   Section        0  motor.o(i.TIM6_IRQHandler)
    i.TIM7_IRQHandler                        0x08000ec4   Section        0  6050control.o(i.TIM7_IRQHandler)
    i.TIM_ClearITPendingBit                  0x08000f40   Section        0  stm32f10x_tim.o(i.TIM_ClearITPendingBit)
    i.TIM_Cmd                                0x08000f46   Section        0  stm32f10x_tim.o(i.TIM_Cmd)
    i.TIM_GetCounter                         0x08000f5e   Section        0  stm32f10x_tim.o(i.TIM_GetCounter)
    i.TIM_GetITStatus                        0x08000f64   Section        0  stm32f10x_tim.o(i.TIM_GetITStatus)
    i.TIM_InternalClockConfig                0x08000f86   Section        0  stm32f10x_tim.o(i.TIM_InternalClockConfig)
    i.TIM_OC1Init                            0x08000f94   Section        0  stm32f10x_tim.o(i.TIM_OC1Init)
    i.TIM_OC2Init                            0x0800102c   Section        0  stm32f10x_tim.o(i.TIM_OC2Init)
    i.TIM_OCStructInit                       0x080010d0   Section        0  stm32f10x_tim.o(i.TIM_OCStructInit)
    i.TIM_SetCompare1                        0x080010e4   Section        0  stm32f10x_tim.o(i.TIM_SetCompare1)
    i.TIM_SetCompare2                        0x080010e8   Section        0  stm32f10x_tim.o(i.TIM_SetCompare2)
    i.TIM_SetCompare3                        0x080010ec   Section        0  stm32f10x_tim.o(i.TIM_SetCompare3)
    i.TIM_SetCompare4                        0x080010f0   Section        0  stm32f10x_tim.o(i.TIM_SetCompare4)
    i.TIM_SetCounter                         0x080010f6   Section        0  stm32f10x_tim.o(i.TIM_SetCounter)
    i.TIM_TimeBaseInit                       0x080010fc   Section        0  stm32f10x_tim.o(i.TIM_TimeBaseInit)
    i.USART2_IRQHandler                      0x080011a0   Section        0  uart.o(i.USART2_IRQHandler)
    i.USART_ClearITPendingBit                0x080012e0   Section        0  stm32f10x_usart.o(i.USART_ClearITPendingBit)
    i.USART_Cmd                              0x080012fe   Section        0  stm32f10x_usart.o(i.USART_Cmd)
    i.USART_GetFlagStatus                    0x08001316   Section        0  stm32f10x_usart.o(i.USART_GetFlagStatus)
    i.USART_GetITStatus                      0x08001330   Section        0  stm32f10x_usart.o(i.USART_GetITStatus)
    i.USART_ITConfig                         0x08001384   Section        0  stm32f10x_usart.o(i.USART_ITConfig)
    i.USART_Init                             0x080013d0   Section        0  stm32f10x_usart.o(i.USART_Init)
    i.USART_ReceiveData                      0x080014a8   Section        0  stm32f10x_usart.o(i.USART_ReceiveData)
    i.USART_SendData                         0x080014b2   Section        0  stm32f10x_usart.o(i.USART_SendData)
    i.UsageFault_Handler                     0x080014ba   Section        0  stm32f10x_it.o(i.UsageFault_Handler)
    i.cheak_corner                           0x080014c0   Section        0  motor.o(i.cheak_corner)
    i.close_to_target                        0x080014e0   Section        0  motor.o(i.close_to_target)
    i.complementary_filter                   0x08001688   Section        0  motor.o(i.complementary_filter)
    i.control_motor                          0x080016ba   Section        0  motor.o(i.control_motor)
    i.init                                   0x080016ee   Section        0  main.o(i.init)
    i.init_gray_scale_module_gpio            0x08001704   Section        0  gpio.o(i.init_gray_scale_module_gpio)
    i.main                                   0x08001750   Section        0  main.o(i.main)
    i.motor_dir_gpio_init                    0x08001798   Section        0  gpio.o(i.motor_dir_gpio_init)
    i.motor_dir_select                       0x08001840   Section        0  gpio.o(i.motor_dir_select)
    i.motor_init                             0x080018dc   Section        0  motor.o(i.motor_init)
    i.pid_compute                            0x080018e8   Section        0  motor.o(i.pid_compute)
    i.pid_compute_angle                      0x08001988   Section        0  6050control.o(i.pid_compute_angle)
    i.pwm_init                               0x08001a7c   Section        0  gpio.o(i.pwm_init)
    i.pwm_set_duty_cycle                     0x08001b1c   Section        0  gpio.o(i.pwm_set_duty_cycle)
    i.read_gray_scale_module                 0x08001b68   Section        0  gpio.o(i.read_gray_scale_module)
    i.set_angle                              0x08001c58   Section        0  gpio.o(i.set_angle)
    i.set_speed                              0x08001cbc   Section        0  gpio.o(i.set_speed)
    i.stop_the_car                           0x08001d7c   Section        0  motor.o(i.stop_the_car)
    x$fpl$d2f                                0x08001df0   Section       98  d2f.o(x$fpl$d2f)
    x$fpl$dadd                               0x08001e54   Section      336  daddsub_clz.o(x$fpl$dadd)
    _dadd1                                   0x08001e65   Thumb Code     0  daddsub_clz.o(x$fpl$dadd)
    x$fpl$dcmpinf                            0x08001fa4   Section       24  dcmpi.o(x$fpl$dcmpinf)
    x$fpl$dflt                               0x08001fbc   Section       46  dflt_clz.o(x$fpl$dflt)
    x$fpl$dleqf                              0x08001fec   Section      120  dleqf.o(x$fpl$dleqf)
    x$fpl$dmul                               0x08002064   Section      340  dmul.o(x$fpl$dmul)
    x$fpl$dnaninf                            0x080021b8   Section      156  dnaninf.o(x$fpl$dnaninf)
    x$fpl$dretinf                            0x08002254   Section       12  dretinf.o(x$fpl$dretinf)
    x$fpl$drleqf                             0x08002260   Section      108  drleqf.o(x$fpl$drleqf)
    x$fpl$dsub                               0x080022cc   Section      468  daddsub_clz.o(x$fpl$dsub)
    _dsub1                                   0x080022dd   Thumb Code     0  daddsub_clz.o(x$fpl$dsub)
    x$fpl$f2d                                0x080024a0   Section       86  f2d.o(x$fpl$f2d)
    x$fpl$fadd                               0x080024f8   Section      196  faddsub_clz.o(x$fpl$fadd)
    _fadd1                                   0x08002507   Thumb Code     0  faddsub_clz.o(x$fpl$fadd)
    x$fpl$fcmpinf                            0x080025bc   Section       24  fcmpi.o(x$fpl$fcmpinf)
    x$fpl$fdiv                               0x080025d4   Section      388  fdiv.o(x$fpl$fdiv)
    _fdiv1                                   0x080025d5   Thumb Code     0  fdiv.o(x$fpl$fdiv)
    x$fpl$ffix                               0x08002758   Section       54  ffix.o(x$fpl$ffix)
    x$fpl$ffixu                              0x08002790   Section       62  ffixu.o(x$fpl$ffixu)
    x$fpl$fflt                               0x080027d0   Section       48  fflt_clz.o(x$fpl$fflt)
    x$fpl$ffltu                              0x08002800   Section       38  fflt_clz.o(x$fpl$ffltu)
    x$fpl$fleqf                              0x08002828   Section      104  fleqf.o(x$fpl$fleqf)
    x$fpl$fmul                               0x08002890   Section      258  fmul.o(x$fpl$fmul)
    x$fpl$fnaninf                            0x08002992   Section      140  fnaninf.o(x$fpl$fnaninf)
    x$fpl$fretinf                            0x08002a1e   Section       10  fretinf.o(x$fpl$fretinf)
    x$fpl$frleqf                             0x08002a28   Section       98  frleqf.o(x$fpl$frleqf)
    x$fpl$frsb                               0x08002a8a   Section       20  faddsub_clz.o(x$fpl$frsb)
    x$fpl$fsub                               0x08002aa0   Section      234  faddsub_clz.o(x$fpl$fsub)
    _fsub1                                   0x08002aaf   Thumb Code     0  faddsub_clz.o(x$fpl$fsub)
    x$fpl$usenofp                            0x08002b8a   Section        0  usenofp.o(x$fpl$usenofp)
    .data                                    0x20000000   Section       20  stm32f10x_rcc.o(.data)
    APBAHBPrescTable                         0x20000000   Data          16  stm32f10x_rcc.o(.data)
    ADCPrescTable                            0x20000010   Data           4  stm32f10x_rcc.o(.data)
    .data                                    0x20000014   Section       50  main.o(.data)
    .data                                    0x20000048   Section        8  gpio.o(.data)
    .data                                    0x20000050   Section      164  motor.o(.data)
    .data                                    0x200000f4   Section       30  uart.o(.data)
    RxState                                  0x20000110   Data           1  uart.o(.data)
    pRxPacket                                0x20000111   Data           1  uart.o(.data)
    .data                                    0x20000114   Section      132  6050control.o(.data)
    .bss                                     0x20000198   Section      168  motor.o(.bss)
    .bss                                     0x20000240   Section      112  6050control.o(.bss)
    .bss                                     0x200002b0   Section       96  libspace.o(.bss)
    HEAP                                     0x20000310   Section      512  startup_stm32f10x_hd.o(HEAP)
    Heap_Mem                                 0x20000310   Data         512  startup_stm32f10x_hd.o(HEAP)
    STACK                                    0x20000510   Section     1024  startup_stm32f10x_hd.o(STACK)
    Stack_Mem                                0x20000510   Data        1024  startup_stm32f10x_hd.o(STACK)
    __initial_sp                             0x20000910   Data           0  startup_stm32f10x_hd.o(STACK)

    Global Symbols

    Symbol Name                              Value     Ov Type        Size  Object(Section)

    BuildAttributes$$THM_ISAv4$P$D$K$B$S$PE$A:L22UL41UL21$X:L11$S22US41US21$IEEE1$IW$USESV6$~STKCKD$USESV7$~SHL$OTIME$ROPI$IEEEX$EBA8$UX$STANDARDLIB$REQ8$PRES8$EABIv2 0x00000000   Number         0  anon$$obj.o ABSOLUTE
    __ARM_use_no_argv                        0x00000000   Number         0  main.o ABSOLUTE
    __ARM_exceptions_init                     - Undefined Weak Reference
    __alloca_initialize                       - Undefined Weak Reference
    __arm_fini_                               - Undefined Weak Reference
    __arm_preinit_                            - Undefined Weak Reference
    __cpp_initialize__aeabi_                  - Undefined Weak Reference
    __cxa_finalize                            - Undefined Weak Reference
    __rt_locale                               - Undefined Weak Reference
    __sigvec_lookup                           - Undefined Weak Reference
    _atexit_init                              - Undefined Weak Reference
    _call_atexit_fns                          - Undefined Weak Reference
    _clock_init                               - Undefined Weak Reference
    _fp_trap_init                             - Undefined Weak Reference
    _fp_trap_shutdown                         - Undefined Weak Reference
    _get_lc_collate                           - Undefined Weak Reference
    _get_lc_ctype                             - Undefined Weak Reference
    _get_lc_monetary                          - Undefined Weak Reference
    _get_lc_numeric                           - Undefined Weak Reference
    _get_lc_time                              - Undefined Weak Reference
    _getenv_init                              - Undefined Weak Reference
    _handle_redirection                       - Undefined Weak Reference
    _init_alloc                               - Undefined Weak Reference
    _init_user_alloc                          - Undefined Weak Reference
    _initio                                   - Undefined Weak Reference
    _rand_init                                - Undefined Weak Reference
    _signal_finish                            - Undefined Weak Reference
    _signal_init                              - Undefined Weak Reference
    _terminate_alloc                          - Undefined Weak Reference
    _terminate_user_alloc                     - Undefined Weak Reference
    _terminateio                              - Undefined Weak Reference
    __Vectors_Size                           0x00000130   Number         0  startup_stm32f10x_hd.o ABSOLUTE
    __Vectors                                0x08000000   Data           4  startup_stm32f10x_hd.o(RESET)
    __Vectors_End                            0x08000130   Data           0  startup_stm32f10x_hd.o(RESET)
    __main                                   0x08000131   Thumb Code     8  __main.o(!!!main)
    __scatterload                            0x08000139   Thumb Code     0  __scatter.o(!!!scatter)
    __scatterload_rt2                        0x08000139   Thumb Code    44  __scatter.o(!!!scatter)
    __scatterload_rt2_thumb_only             0x08000139   Thumb Code     0  __scatter.o(!!!scatter)
    __scatterload_null                       0x08000147   Thumb Code     0  __scatter.o(!!!scatter)
    __decompress                             0x0800016d   Thumb Code    90  __dczerorl2.o(!!dczerorl2)
    __decompress1                            0x0800016d   Thumb Code     0  __dczerorl2.o(!!dczerorl2)
    __scatterload_zeroinit                   0x080001c9   Thumb Code    28  __scatter_zi.o(!!handler_zi)
    __rt_lib_init                            0x080001e5   Thumb Code     0  libinit.o(.ARM.Collect$$libinit$$00000000)
    __rt_lib_init_alloca_1                   0x080001e7   Thumb Code     0  libinit2.o(.ARM.Collect$$libinit$$0000002E)
    __rt_lib_init_argv_1                     0x080001e7   Thumb Code     0  libinit2.o(.ARM.Collect$$libinit$$0000002C)
    __rt_lib_init_atexit_1                   0x080001e7   Thumb Code     0  libinit2.o(.ARM.Collect$$libinit$$0000001B)
    __rt_lib_init_clock_1                    0x080001e7   Thumb Code     0  libinit2.o(.ARM.Collect$$libinit$$00000021)
    __rt_lib_init_cpp_1                      0x080001e7   Thumb Code     0  libinit2.o(.ARM.Collect$$libinit$$00000032)
    __rt_lib_init_exceptions_1               0x080001e7   Thumb Code     0  libinit2.o(.ARM.Collect$$libinit$$00000030)
    __rt_lib_init_fp_1                       0x080001e7   Thumb Code     0  libinit2.o(.ARM.Collect$$libinit$$00000002)
    __rt_lib_init_fp_trap_1                  0x080001e7   Thumb Code     0  libinit2.o(.ARM.Collect$$libinit$$0000001F)
    __rt_lib_init_getenv_1                   0x080001e7   Thumb Code     0  libinit2.o(.ARM.Collect$$libinit$$00000023)
    __rt_lib_init_heap_1                     0x080001e7   Thumb Code     0  libinit2.o(.ARM.Collect$$libinit$$0000000A)
    __rt_lib_init_lc_collate_1               0x080001e7   Thumb Code     0  libinit2.o(.ARM.Collect$$libinit$$00000011)
    __rt_lib_init_lc_ctype_1                 0x080001e7   Thumb Code     0  libinit2.o(.ARM.Collect$$libinit$$00000013)
    __rt_lib_init_lc_monetary_1              0x080001e7   Thumb Code     0  libinit2.o(.ARM.Collect$$libinit$$00000015)
    __rt_lib_init_lc_numeric_1               0x080001e7   Thumb Code     0  libinit2.o(.ARM.Collect$$libinit$$00000017)
    __rt_lib_init_lc_time_1                  0x080001e7   Thumb Code     0  libinit2.o(.ARM.Collect$$libinit$$00000019)
    __rt_lib_init_preinit_1                  0x080001e7   Thumb Code     0  libinit2.o(.ARM.Collect$$libinit$$00000004)
    __rt_lib_init_rand_1                     0x080001e7   Thumb Code     0  libinit2.o(.ARM.Collect$$libinit$$0000000E)
    __rt_lib_init_return                     0x080001e7   Thumb Code     0  libinit2.o(.ARM.Collect$$libinit$$00000033)
    __rt_lib_init_signal_1                   0x080001e7   Thumb Code     0  libinit2.o(.ARM.Collect$$libinit$$0000001D)
    __rt_lib_init_stdio_1                    0x080001e7   Thumb Code     0  libinit2.o(.ARM.Collect$$libinit$$00000025)
    __rt_lib_init_user_alloc_1               0x080001e7   Thumb Code     0  libinit2.o(.ARM.Collect$$libinit$$0000000C)
    __rt_lib_shutdown                        0x080001e9   Thumb Code     0  libshutdown.o(.ARM.Collect$$libshutdown$$00000000)
    __rt_lib_shutdown_cpp_1                  0x080001eb   Thumb Code     0  libshutdown2.o(.ARM.Collect$$libshutdown$$00000004)
    __rt_lib_shutdown_fini_1                 0x080001eb   Thumb Code     0  libshutdown2.o(.ARM.Collect$$libshutdown$$00000002)
    __rt_lib_shutdown_fp_trap_1              0x080001eb   Thumb Code     0  libshutdown2.o(.ARM.Collect$$libshutdown$$00000009)
    __rt_lib_shutdown_heap_1                 0x080001eb   Thumb Code     0  libshutdown2.o(.ARM.Collect$$libshutdown$$00000011)
    __rt_lib_shutdown_return                 0x080001eb   Thumb Code     0  libshutdown2.o(.ARM.Collect$$libshutdown$$00000012)
    __rt_lib_shutdown_signal_1               0x080001eb   Thumb Code     0  libshutdown2.o(.ARM.Collect$$libshutdown$$0000000C)
    __rt_lib_shutdown_stdio_1                0x080001eb   Thumb Code     0  libshutdown2.o(.ARM.Collect$$libshutdown$$00000006)
    __rt_lib_shutdown_user_alloc_1           0x080001eb   Thumb Code     0  libshutdown2.o(.ARM.Collect$$libshutdown$$0000000E)
    __rt_entry                               0x080001ed   Thumb Code     0  __rtentry.o(.ARM.Collect$$rtentry$$00000000)
    __rt_entry_presh_1                       0x080001ed   Thumb Code     0  __rtentry2.o(.ARM.Collect$$rtentry$$00000002)
    __rt_entry_sh                            0x080001ed   Thumb Code     0  __rtentry4.o(.ARM.Collect$$rtentry$$00000004)
    __rt_entry_li                            0x080001f3   Thumb Code     0  __rtentry2.o(.ARM.Collect$$rtentry$$0000000A)
    __rt_entry_postsh_1                      0x080001f3   Thumb Code     0  __rtentry2.o(.ARM.Collect$$rtentry$$00000009)
    __rt_entry_main                          0x080001f7   Thumb Code     0  __rtentry2.o(.ARM.Collect$$rtentry$$0000000D)
    __rt_entry_postli_1                      0x080001f7   Thumb Code     0  __rtentry2.o(.ARM.Collect$$rtentry$$0000000C)
    __rt_exit                                0x080001ff   Thumb Code     0  rtexit.o(.ARM.Collect$$rtexit$$00000000)
    __rt_exit_ls                             0x08000201   Thumb Code     0  rtexit2.o(.ARM.Collect$$rtexit$$00000003)
    __rt_exit_prels_1                        0x08000201   Thumb Code     0  rtexit2.o(.ARM.Collect$$rtexit$$00000002)
    __rt_exit_exit                           0x08000205   Thumb Code     0  rtexit2.o(.ARM.Collect$$rtexit$$00000004)
    Reset_Handler                            0x0800020d   Thumb Code     4  startup_stm32f10x_hd.o(.text)
    ADC1_2_IRQHandler                        0x08000223   Thumb Code     0  startup_stm32f10x_hd.o(.text)
    ADC3_IRQHandler                          0x08000223   Thumb Code     0  startup_stm32f10x_hd.o(.text)
    CAN1_RX1_IRQHandler                      0x08000223   Thumb Code     0  startup_stm32f10x_hd.o(.text)
    CAN1_SCE_IRQHandler                      0x08000223   Thumb Code     0  startup_stm32f10x_hd.o(.text)
    DMA1_Channel1_IRQHandler                 0x08000223   Thumb Code     0  startup_stm32f10x_hd.o(.text)
    DMA1_Channel2_IRQHandler                 0x08000223   Thumb Code     0  startup_stm32f10x_hd.o(.text)
    DMA1_Channel3_IRQHandler                 0x08000223   Thumb Code     0  startup_stm32f10x_hd.o(.text)
    DMA1_Channel4_IRQHandler                 0x08000223   Thumb Code     0  startup_stm32f10x_hd.o(.text)
    DMA1_Channel5_IRQHandler                 0x08000223   Thumb Code     0  startup_stm32f10x_hd.o(.text)
    DMA1_Channel6_IRQHandler                 0x08000223   Thumb Code     0  startup_stm32f10x_hd.o(.text)
    DMA1_Channel7_IRQHandler                 0x08000223   Thumb Code     0  startup_stm32f10x_hd.o(.text)
    DMA2_Channel1_IRQHandler                 0x08000223   Thumb Code     0  startup_stm32f10x_hd.o(.text)
    DMA2_Channel2_IRQHandler                 0x08000223   Thumb Code     0  startup_stm32f10x_hd.o(.text)
    DMA2_Channel3_IRQHandler                 0x08000223   Thumb Code     0  startup_stm32f10x_hd.o(.text)
    DMA2_Channel4_5_IRQHandler               0x08000223   Thumb Code     0  startup_stm32f10x_hd.o(.text)
    EXTI0_IRQHandler                         0x08000223   Thumb Code     0  startup_stm32f10x_hd.o(.text)
    EXTI15_10_IRQHandler                     0x08000223   Thumb Code     0  startup_stm32f10x_hd.o(.text)
    EXTI1_IRQHandler                         0x08000223   Thumb Code     0  startup_stm32f10x_hd.o(.text)
    EXTI2_IRQHandler                         0x08000223   Thumb Code     0  startup_stm32f10x_hd.o(.text)
    EXTI3_IRQHandler                         0x08000223   Thumb Code     0  startup_stm32f10x_hd.o(.text)
    EXTI4_IRQHandler                         0x08000223   Thumb Code     0  startup_stm32f10x_hd.o(.text)
    EXTI9_5_IRQHandler                       0x08000223   Thumb Code     0  startup_stm32f10x_hd.o(.text)
    FLASH_IRQHandler                         0x08000223   Thumb Code     0  startup_stm32f10x_hd.o(.text)
    FSMC_IRQHandler                          0x08000223   Thumb Code     0  startup_stm32f10x_hd.o(.text)
    I2C1_ER_IRQHandler                       0x08000223   Thumb Code     0  startup_stm32f10x_hd.o(.text)
    I2C1_EV_IRQHandler                       0x08000223   Thumb Code     0  startup_stm32f10x_hd.o(.text)
    I2C2_ER_IRQHandler                       0x08000223   Thumb Code     0  startup_stm32f10x_hd.o(.text)
    I2C2_EV_IRQHandler                       0x08000223   Thumb Code     0  startup_stm32f10x_hd.o(.text)
    PVD_IRQHandler                           0x08000223   Thumb Code     0  startup_stm32f10x_hd.o(.text)
    RCC_IRQHandler                           0x08000223   Thumb Code     0  startup_stm32f10x_hd.o(.text)
    RTCAlarm_IRQHandler                      0x08000223   Thumb Code     0  startup_stm32f10x_hd.o(.text)
    RTC_IRQHandler                           0x08000223   Thumb Code     0  startup_stm32f10x_hd.o(.text)
    SDIO_IRQHandler                          0x08000223   Thumb Code     0  startup_stm32f10x_hd.o(.text)
    SPI1_IRQHandler                          0x08000223   Thumb Code     0  startup_stm32f10x_hd.o(.text)
    SPI2_IRQHandler                          0x08000223   Thumb Code     0  startup_stm32f10x_hd.o(.text)
    SPI3_IRQHandler                          0x08000223   Thumb Code     0  startup_stm32f10x_hd.o(.text)
    TAMPER_IRQHandler                        0x08000223   Thumb Code     0  startup_stm32f10x_hd.o(.text)
    TIM1_BRK_IRQHandler                      0x08000223   Thumb Code     0  startup_stm32f10x_hd.o(.text)
    TIM1_CC_IRQHandler                       0x08000223   Thumb Code     0  startup_stm32f10x_hd.o(.text)
    TIM1_TRG_COM_IRQHandler                  0x08000223   Thumb Code     0  startup_stm32f10x_hd.o(.text)
    TIM1_UP_IRQHandler                       0x08000223   Thumb Code     0  startup_stm32f10x_hd.o(.text)
    TIM2_IRQHandler                          0x08000223   Thumb Code     0  startup_stm32f10x_hd.o(.text)
    TIM3_IRQHandler                          0x08000223   Thumb Code     0  startup_stm32f10x_hd.o(.text)
    TIM4_IRQHandler                          0x08000223   Thumb Code     0  startup_stm32f10x_hd.o(.text)
    TIM5_IRQHandler                          0x08000223   Thumb Code     0  startup_stm32f10x_hd.o(.text)
    TIM8_BRK_IRQHandler                      0x08000223   Thumb Code     0  startup_stm32f10x_hd.o(.text)
    TIM8_CC_IRQHandler                       0x08000223   Thumb Code     0  startup_stm32f10x_hd.o(.text)
    TIM8_TRG_COM_IRQHandler                  0x08000223   Thumb Code     0  startup_stm32f10x_hd.o(.text)
    TIM8_UP_IRQHandler                       0x08000223   Thumb Code     0  startup_stm32f10x_hd.o(.text)
    UART4_IRQHandler                         0x08000223   Thumb Code     0  startup_stm32f10x_hd.o(.text)
    UART5_IRQHandler                         0x08000223   Thumb Code     0  startup_stm32f10x_hd.o(.text)
    USART1_IRQHandler                        0x08000223   Thumb Code     0  startup_stm32f10x_hd.o(.text)
    USART3_IRQHandler                        0x08000223   Thumb Code     0  startup_stm32f10x_hd.o(.text)
    USBWakeUp_IRQHandler                     0x08000223   Thumb Code     0  startup_stm32f10x_hd.o(.text)
    USB_HP_CAN1_TX_IRQHandler                0x08000223   Thumb Code     0  startup_stm32f10x_hd.o(.text)
    USB_LP_CAN1_RX0_IRQHandler               0x08000223   Thumb Code     0  startup_stm32f10x_hd.o(.text)
    WWDG_IRQHandler                          0x08000223   Thumb Code     0  startup_stm32f10x_hd.o(.text)
    __user_initial_stackheap                 0x08000225   Thumb Code     0  startup_stm32f10x_hd.o(.text)
    __use_two_region_memory                  0x08000245   Thumb Code     2  heapauxi.o(.text)
    __rt_heap_escrow$2region                 0x08000247   Thumb Code     2  heapauxi.o(.text)
    __rt_heap_expand$2region                 0x08000249   Thumb Code     2  heapauxi.o(.text)
    __user_libspace                          0x0800024d   Thumb Code     8  libspace.o(.text)
    __user_perproc_libspace                  0x0800024d   Thumb Code     0  libspace.o(.text)
    __user_perthread_libspace                0x0800024d   Thumb Code     0  libspace.o(.text)
    __user_setup_stackheap                   0x08000255   Thumb Code    74  sys_stackheap_outer.o(.text)
    exit                                     0x0800029f   Thumb Code    18  exit.o(.text)
    _sys_exit                                0x080002b1   Thumb Code     8  sys_exit.o(.text)
    __I$use$semihosting                      0x080002bd   Thumb Code     0  use_no_semi.o(.text)
    __use_no_semihosting_swi                 0x080002bd   Thumb Code     2  use_no_semi.o(.text)
    BusFault_Handler                         0x080002bf   Thumb Code     4  stm32f10x_it.o(i.BusFault_Handler)
    __semihosting_library_function           0x080002bf   Thumb Code     0  indicate_semi.o(.text)
    DebugMon_Handler                         0x080002c3   Thumb Code     2  stm32f10x_it.o(i.DebugMon_Handler)
    Delay_us                                 0x080002c5   Thumb Code    46  delay.o(i.Delay_us)
    GPIO_Init                                0x080002f3   Thumb Code   278  stm32f10x_gpio.o(i.GPIO_Init)
    GPIO_PinRemapConfig                      0x08000409   Thumb Code   138  stm32f10x_gpio.o(i.GPIO_PinRemapConfig)
    GPIO_ReadInputDataBit                    0x08000499   Thumb Code    18  stm32f10x_gpio.o(i.GPIO_ReadInputDataBit)
    GPIO_ResetBits                           0x080004ab   Thumb Code     4  stm32f10x_gpio.o(i.GPIO_ResetBits)
    GPIO_SetBits                             0x080004af   Thumb Code     4  stm32f10x_gpio.o(i.GPIO_SetBits)
    HardFault_Handler                        0x080004b3   Thumb Code     4  stm32f10x_it.o(i.HardFault_Handler)
    MemManage_Handler                        0x080004b7   Thumb Code     4  stm32f10x_it.o(i.MemManage_Handler)
    NMI_Handler                              0x080004bb   Thumb Code     2  stm32f10x_it.o(i.NMI_Handler)
    NVIC_Init                                0x080004bd   Thumb Code   100  misc.o(i.NVIC_Init)
    NVIC_PriorityGroupConfig                 0x0800052d   Thumb Code    10  misc.o(i.NVIC_PriorityGroupConfig)
    PendSV_Handler                           0x08000541   Thumb Code     2  stm32f10x_it.o(i.PendSV_Handler)
    RCC_APB1PeriphClockCmd                   0x08000545   Thumb Code    26  stm32f10x_rcc.o(i.RCC_APB1PeriphClockCmd)
    RCC_APB2PeriphClockCmd                   0x08000565   Thumb Code    26  stm32f10x_rcc.o(i.RCC_APB2PeriphClockCmd)
    RCC_GetClocksFreq                        0x08000585   Thumb Code   192  stm32f10x_rcc.o(i.RCC_GetClocksFreq)
    Read_BL_Direction                        0x08000659   Thumb Code    12  motor.o(i.Read_BL_Direction)
    Read_BR_Direction                        0x08000669   Thumb Code    14  motor.o(i.Read_BR_Direction)
    Read_FL_Direction                        0x0800067d   Thumb Code    14  motor.o(i.Read_FL_Direction)
    Read_FR_Direction                        0x08000691   Thumb Code    14  motor.o(i.Read_FR_Direction)
    SVC_Handler                              0x080006a5   Thumb Code     2  stm32f10x_it.o(i.SVC_Handler)
    Serial_Init                              0x080006a9   Thumb Code   172  uart.o(i.Serial_Init)
    Serial_SendArray                         0x0800075d   Thumb Code    26  uart.o(i.Serial_SendArray)
    Serial_SendByte                          0x08000779   Thumb Code    28  uart.o(i.Serial_SendByte)
    Serial_SendPacket                        0x08000799   Thumb Code    24  uart.o(i.Serial_SendPacket)
    SysTick_Handler                          0x0800089d   Thumb Code     2  stm32f10x_it.o(i.SysTick_Handler)
    SystemInit                               0x080008a1   Thumb Code    78  system_stm32f10x.o(i.SystemInit)
    TIM6_IRQHandler                          0x08000901   Thumb Code  1410  motor.o(i.TIM6_IRQHandler)
    TIM7_IRQHandler                          0x08000ec5   Thumb Code    94  6050control.o(i.TIM7_IRQHandler)
    TIM_ClearITPendingBit                    0x08000f41   Thumb Code     6  stm32f10x_tim.o(i.TIM_ClearITPendingBit)
    TIM_Cmd                                  0x08000f47   Thumb Code    24  stm32f10x_tim.o(i.TIM_Cmd)
    TIM_GetCounter                           0x08000f5f   Thumb Code     6  stm32f10x_tim.o(i.TIM_GetCounter)
    TIM_GetITStatus                          0x08000f65   Thumb Code    34  stm32f10x_tim.o(i.TIM_GetITStatus)
    TIM_InternalClockConfig                  0x08000f87   Thumb Code    12  stm32f10x_tim.o(i.TIM_InternalClockConfig)
    TIM_OC1Init                              0x08000f95   Thumb Code   132  stm32f10x_tim.o(i.TIM_OC1Init)
    TIM_OC2Init                              0x0800102d   Thumb Code   154  stm32f10x_tim.o(i.TIM_OC2Init)
    TIM_OCStructInit                         0x080010d1   Thumb Code    20  stm32f10x_tim.o(i.TIM_OCStructInit)
    TIM_SetCompare1                          0x080010e5   Thumb Code     4  stm32f10x_tim.o(i.TIM_SetCompare1)
    TIM_SetCompare2                          0x080010e9   Thumb Code     4  stm32f10x_tim.o(i.TIM_SetCompare2)
    TIM_SetCompare3                          0x080010ed   Thumb Code     4  stm32f10x_tim.o(i.TIM_SetCompare3)
    TIM_SetCompare4                          0x080010f1   Thumb Code     6  stm32f10x_tim.o(i.TIM_SetCompare4)
    TIM_SetCounter                           0x080010f7   Thumb Code     4  stm32f10x_tim.o(i.TIM_SetCounter)
    TIM_TimeBaseInit                         0x080010fd   Thumb Code   122  stm32f10x_tim.o(i.TIM_TimeBaseInit)
    USART2_IRQHandler                        0x080011a1   Thumb Code   284  uart.o(i.USART2_IRQHandler)
    USART_ClearITPendingBit                  0x080012e1   Thumb Code    30  stm32f10x_usart.o(i.USART_ClearITPendingBit)
    USART_Cmd                                0x080012ff   Thumb Code    24  stm32f10x_usart.o(i.USART_Cmd)
    USART_GetFlagStatus                      0x08001317   Thumb Code    26  stm32f10x_usart.o(i.USART_GetFlagStatus)
    USART_GetITStatus                        0x08001331   Thumb Code    84  stm32f10x_usart.o(i.USART_GetITStatus)
    USART_ITConfig                           0x08001385   Thumb Code    74  stm32f10x_usart.o(i.USART_ITConfig)
    USART_Init                               0x080013d1   Thumb Code   210  stm32f10x_usart.o(i.USART_Init)
    USART_ReceiveData                        0x080014a9   Thumb Code    10  stm32f10x_usart.o(i.USART_ReceiveData)
    USART_SendData                           0x080014b3   Thumb Code     8  stm32f10x_usart.o(i.USART_SendData)
    UsageFault_Handler                       0x080014bb   Thumb Code     4  stm32f10x_it.o(i.UsageFault_Handler)
    cheak_corner                             0x080014c1   Thumb Code    16  motor.o(i.cheak_corner)
    close_to_target                          0x080014e1   Thumb Code   350  motor.o(i.close_to_target)
    complementary_filter                     0x08001689   Thumb Code    50  motor.o(i.complementary_filter)
    control_motor                            0x080016bb   Thumb Code    52  motor.o(i.control_motor)
    init                                     0x080016ef   Thumb Code    20  main.o(i.init)
    init_gray_scale_module_gpio              0x08001705   Thumb Code    64  gpio.o(i.init_gray_scale_module_gpio)
    main                                     0x08001751   Thumb Code    52  main.o(i.main)
    motor_dir_gpio_init                      0x08001799   Thumb Code   146  gpio.o(i.motor_dir_gpio_init)
    motor_dir_select                         0x08001841   Thumb Code   142  gpio.o(i.motor_dir_select)
    motor_init                               0x080018dd   Thumb Code    12  motor.o(i.motor_init)
    pid_compute                              0x080018e9   Thumb Code   150  motor.o(i.pid_compute)
    pid_compute_angle                        0x08001989   Thumb Code   210  6050control.o(i.pid_compute_angle)
    pwm_init                                 0x08001a7d   Thumb Code   150  gpio.o(i.pwm_init)
    pwm_set_duty_cycle                       0x08001b1d   Thumb Code    70  gpio.o(i.pwm_set_duty_cycle)
    read_gray_scale_module                   0x08001b69   Thumb Code   228  gpio.o(i.read_gray_scale_module)
    set_angle                                0x08001c59   Thumb Code    88  gpio.o(i.set_angle)
    set_speed                                0x08001cbd   Thumb Code   168  gpio.o(i.set_speed)
    stop_the_car                             0x08001d7d   Thumb Code    60  motor.o(i.stop_the_car)
    __aeabi_d2f                              0x08001df1   Thumb Code     0  d2f.o(x$fpl$d2f)
    _d2f                                     0x08001df1   Thumb Code    98  d2f.o(x$fpl$d2f)
    __aeabi_dadd                             0x08001e55   Thumb Code     0  daddsub_clz.o(x$fpl$dadd)
    _dadd                                    0x08001e55   Thumb Code   332  daddsub_clz.o(x$fpl$dadd)
    __fpl_dcmp_Inf                           0x08001fa5   Thumb Code    24  dcmpi.o(x$fpl$dcmpinf)
    __aeabi_i2d                              0x08001fbd   Thumb Code     0  dflt_clz.o(x$fpl$dflt)
    _dflt                                    0x08001fbd   Thumb Code    46  dflt_clz.o(x$fpl$dflt)
    __aeabi_cdcmple                          0x08001fed   Thumb Code     0  dleqf.o(x$fpl$dleqf)
    _dcmple                                  0x08001fed   Thumb Code   120  dleqf.o(x$fpl$dleqf)
    __fpl_dcmple_InfNaN                      0x0800204f   Thumb Code     0  dleqf.o(x$fpl$dleqf)
    __aeabi_dmul                             0x08002065   Thumb Code     0  dmul.o(x$fpl$dmul)
    _dmul                                    0x08002065   Thumb Code   332  dmul.o(x$fpl$dmul)
    __fpl_dnaninf                            0x080021b9   Thumb Code   156  dnaninf.o(x$fpl$dnaninf)
    __fpl_dretinf                            0x08002255   Thumb Code    12  dretinf.o(x$fpl$dretinf)
    __aeabi_cdrcmple                         0x08002261   Thumb Code     0  drleqf.o(x$fpl$drleqf)
    _drcmple                                 0x08002261   Thumb Code   108  drleqf.o(x$fpl$drleqf)
    __aeabi_dsub                             0x080022cd   Thumb Code     0  daddsub_clz.o(x$fpl$dsub)
    _dsub                                    0x080022cd   Thumb Code   464  daddsub_clz.o(x$fpl$dsub)
    __aeabi_f2d                              0x080024a1   Thumb Code     0  f2d.o(x$fpl$f2d)
    _f2d                                     0x080024a1   Thumb Code    86  f2d.o(x$fpl$f2d)
    __aeabi_fadd                             0x080024f9   Thumb Code     0  faddsub_clz.o(x$fpl$fadd)
    _fadd                                    0x080024f9   Thumb Code   196  faddsub_clz.o(x$fpl$fadd)
    __fpl_fcmp_Inf                           0x080025bd   Thumb Code    24  fcmpi.o(x$fpl$fcmpinf)
    __aeabi_fdiv                             0x080025d5   Thumb Code     0  fdiv.o(x$fpl$fdiv)
    _fdiv                                    0x080025d5   Thumb Code   384  fdiv.o(x$fpl$fdiv)
    __aeabi_f2iz                             0x08002759   Thumb Code     0  ffix.o(x$fpl$ffix)
    _ffix                                    0x08002759   Thumb Code    54  ffix.o(x$fpl$ffix)
    __aeabi_f2uiz                            0x08002791   Thumb Code     0  ffixu.o(x$fpl$ffixu)
    _ffixu                                   0x08002791   Thumb Code    62  ffixu.o(x$fpl$ffixu)
    __aeabi_i2f                              0x080027d1   Thumb Code     0  fflt_clz.o(x$fpl$fflt)
    _fflt                                    0x080027d1   Thumb Code    48  fflt_clz.o(x$fpl$fflt)
    __aeabi_ui2f                             0x08002801   Thumb Code     0  fflt_clz.o(x$fpl$ffltu)
    _ffltu                                   0x08002801   Thumb Code    38  fflt_clz.o(x$fpl$ffltu)
    __aeabi_cfcmple                          0x08002829   Thumb Code     0  fleqf.o(x$fpl$fleqf)
    _fcmple                                  0x08002829   Thumb Code   104  fleqf.o(x$fpl$fleqf)
    __fpl_fcmple_InfNaN                      0x0800287b   Thumb Code     0  fleqf.o(x$fpl$fleqf)
    __aeabi_fmul                             0x08002891   Thumb Code     0  fmul.o(x$fpl$fmul)
    _fmul                                    0x08002891   Thumb Code   258  fmul.o(x$fpl$fmul)
    __fpl_fnaninf                            0x08002993   Thumb Code   140  fnaninf.o(x$fpl$fnaninf)
    __fpl_fretinf                            0x08002a1f   Thumb Code    10  fretinf.o(x$fpl$fretinf)
    __aeabi_cfrcmple                         0x08002a29   Thumb Code     0  frleqf.o(x$fpl$frleqf)
    _frcmple                                 0x08002a29   Thumb Code    98  frleqf.o(x$fpl$frleqf)
    __aeabi_frsub                            0x08002a8b   Thumb Code     0  faddsub_clz.o(x$fpl$frsb)
    _frsb                                    0x08002a8b   Thumb Code    20  faddsub_clz.o(x$fpl$frsb)
    __aeabi_fsub                             0x08002aa1   Thumb Code     0  faddsub_clz.o(x$fpl$fsub)
    _fsub                                    0x08002aa1   Thumb Code   234  faddsub_clz.o(x$fpl$fsub)
    __I$use$fp                               0x08002b8a   Number         0  usenofp.o(x$fpl$usenofp)
    Region$$Table$$Base                      0x08002b8c   Number         0  anon$$obj.o(Region$$Table)
    Region$$Table$$Limit                     0x08002bac   Number         0  anon$$obj.o(Region$$Table)
    speeds                                   0x20000014   Data          16  main.o(.data)
    control_flags                            0x20000024   Data           4  main.o(.data)
    send_flag                                0x20000028   Data           1  main.o(.data)
    test_flag                                0x2000002a   Data           2  main.o(.data)
    break_flag                               0x2000002c   Data           2  main.o(.data)
    test_time_flag                           0x2000002e   Data           2  main.o(.data)
    test_id                                  0x20000030   Data           1  main.o(.data)
    rightModuleValues                        0x20000031   Data           5  main.o(.data)
    leftModuleValues                         0x20000036   Data           5  main.o(.data)
    frontModuleValues                        0x2000003b   Data           5  main.o(.data)
    backModuleValues                         0x20000040   Data           5  main.o(.data)
    third_press_flag                         0x20000045   Data           1  main.o(.data)
    motor1_angle                             0x20000048   Data           4  gpio.o(.data)
    motor2_angle                             0x2000004c   Data           4  gpio.o(.data)
    kp                                       0x20000050   Data           4  motor.o(.data)
    ki                                       0x20000054   Data           4  motor.o(.data)
    kd                                       0x20000058   Data           4  motor.o(.data)
    move_kp_y                                0x2000005c   Data           4  motor.o(.data)
    move_ki_y                                0x20000060   Data           4  motor.o(.data)
    move_kd_y                                0x20000064   Data           4  motor.o(.data)
    move_kp_x                                0x20000068   Data           4  motor.o(.data)
    move_ki_x                                0x2000006c   Data           4  motor.o(.data)
    move_kd_x                                0x20000070   Data           4  motor.o(.data)
    fl_counter                               0x20000074   Data           2  motor.o(.data)
    fr_counter                               0x20000076   Data           2  motor.o(.data)
    bl_counter                               0x20000078   Data           2  motor.o(.data)
    br_counter                               0x2000007a   Data           2  motor.o(.data)
    fl_speed                                 0x2000007c   Data           4  motor.o(.data)
    fr_speed                                 0x20000080   Data           4  motor.o(.data)
    bl_speed                                 0x20000084   Data           4  motor.o(.data)
    br_speed                                 0x20000088   Data           4  motor.o(.data)
    fl_num                                   0x2000008c   Data           4  motor.o(.data)
    fr_num                                   0x20000090   Data           4  motor.o(.data)
    bl_num                                   0x20000094   Data           4  motor.o(.data)
    br_num                                   0x20000098   Data           4  motor.o(.data)
    fl_speed_dir                             0x2000009c   Data           1  motor.o(.data)
    fr_speed_dir                             0x2000009d   Data           1  motor.o(.data)
    bl_speed_dir                             0x2000009e   Data           1  motor.o(.data)
    br_speed_dir                             0x2000009f   Data           1  motor.o(.data)
    fl_target_speed                          0x200000a0   Data           4  motor.o(.data)
    fr_target_speed                          0x200000a4   Data           4  motor.o(.data)
    bl_target_speed                          0x200000a8   Data           4  motor.o(.data)
    br_target_speed                          0x200000ac   Data           4  motor.o(.data)
    fl_direction                             0x200000b0   Data           1  motor.o(.data)
    fr_direction                             0x200000b1   Data           1  motor.o(.data)
    bl_direction                             0x200000b2   Data           1  motor.o(.data)
    br_direction                             0x200000b3   Data           1  motor.o(.data)
    fl_dir                                   0x200000b4   Data           1  motor.o(.data)
    fr_dir                                   0x200000b5   Data           1  motor.o(.data)
    bl_dir                                   0x200000b6   Data           1  motor.o(.data)
    br_dir                                   0x200000b7   Data           1  motor.o(.data)
    test_a                                   0x200000b8   Data           2  motor.o(.data)
    test_b                                   0x200000ba   Data           2  motor.o(.data)
    distance_x_encoder                       0x200000bc   Data           4  motor.o(.data)
    distance_y_encoder                       0x200000c0   Data           4  motor.o(.data)
    angle_z_encoder                          0x200000c4   Data           4  motor.o(.data)
    distance_x_filter                        0x200000c8   Data           4  motor.o(.data)
    distance_y_filter                        0x200000cc   Data           4  motor.o(.data)
    delta_v_enable                           0x200000d0   Data           4  motor.o(.data)
    move_target_distance_x                   0x200000d4   Data           4  motor.o(.data)
    move_target_distance_y                   0x200000d8   Data           4  motor.o(.data)
    distance_flag                            0x200000dc   Data           1  motor.o(.data)
    left_modle                               0x200000dd   Data           5  motor.o(.data)
    right_modle                              0x200000e2   Data           5  motor.o(.data)
    front_modle                              0x200000e7   Data           5  motor.o(.data)
    back_modle                               0x200000ec   Data           5  motor.o(.data)
    corner_flag                              0x200000f1   Data           1  motor.o(.data)
    pid_distance_flag                        0x200000f2   Data           1  motor.o(.data)
    slow_flag                                0x200000f3   Data           1  motor.o(.data)
    distance_x_uart                          0x200000f4   Data           2  uart.o(.data)
    distance_y_uart                          0x200000f6   Data           2  uart.o(.data)
    speed                                    0x200000f8   Data           2  uart.o(.data)
    one_move_flag                            0x200000fa   Data           1  uart.o(.data)
    Serial_TxPacket                          0x200000fb   Data           6  uart.o(.data)
    Serial_RxPacket                          0x20000101   Data           6  uart.o(.data)
    Serial_RxFlag                            0x20000107   Data           1  uart.o(.data)
    motor1_direction                         0x20000108   Data           1  uart.o(.data)
    motor2_direction                         0x20000109   Data           1  uart.o(.data)
    motor1_speed_set                         0x2000010a   Data           2  uart.o(.data)
    motor2_speed_set                         0x2000010c   Data           2  uart.o(.data)
    angle_x                                  0x2000010e   Data           1  uart.o(.data)
    angle_y                                  0x2000010f   Data           1  uart.o(.data)
    kp_angle                                 0x20000114   Data           4  6050control.o(.data)
    ki_angle                                 0x20000118   Data           4  6050control.o(.data)
    kd_angle                                 0x2000011c   Data           4  6050control.o(.data)
    delta_v                                  0x20000120   Data           4  6050control.o(.data)
    AX                                       0x20000124   Data           2  6050control.o(.data)
    AY                                       0x20000126   Data           2  6050control.o(.data)
    AZ                                       0x20000128   Data           2  6050control.o(.data)
    GX                                       0x2000012a   Data           2  6050control.o(.data)
    GY                                       0x2000012c   Data           2  6050control.o(.data)
    GZ                                       0x2000012e   Data           2  6050control.o(.data)
    AX_CORR                                  0x20000130   Data           2  6050control.o(.data)
    AY_CORR                                  0x20000132   Data           2  6050control.o(.data)
    AZ_CORR                                  0x20000134   Data           2  6050control.o(.data)
    GX_CORR                                  0x20000136   Data           2  6050control.o(.data)
    GY_CORR                                  0x20000138   Data           2  6050control.o(.data)
    GZ_CORR                                  0x2000013a   Data           2  6050control.o(.data)
    ax_corr_done                             0x2000013c   Data           2  6050control.o(.data)
    ay_corr_done                             0x2000013e   Data           2  6050control.o(.data)
    az_corr_done                             0x20000140   Data           2  6050control.o(.data)
    gx_corr_done                             0x20000142   Data           2  6050control.o(.data)
    gy_corr_done                             0x20000144   Data           2  6050control.o(.data)
    gz_corr_done                             0x20000146   Data           2  6050control.o(.data)
    ax                                       0x20000148   Data           4  6050control.o(.data)
    ay                                       0x2000014c   Data           4  6050control.o(.data)
    az                                       0x20000150   Data           4  6050control.o(.data)
    gx                                       0x20000154   Data           4  6050control.o(.data)
    gy                                       0x20000158   Data           4  6050control.o(.data)
    gz                                       0x2000015c   Data           4  6050control.o(.data)
    ax_prev                                  0x20000160   Data           4  6050control.o(.data)
    ay_prev                                  0x20000164   Data           4  6050control.o(.data)
    az_prev                                  0x20000168   Data           4  6050control.o(.data)
    gx_prev                                  0x2000016c   Data           4  6050control.o(.data)
    gy_prev                                  0x20000170   Data           4  6050control.o(.data)
    gz_prev                                  0x20000174   Data           4  6050control.o(.data)
    interrupt_a                              0x20000178   Data           2  6050control.o(.data)
    interrupt_b                              0x2000017a   Data           1  6050control.o(.data)
    angle_z                                  0x2000017c   Data           4  6050control.o(.data)
    distance_x                               0x20000180   Data           4  6050control.o(.data)
    distance_y                               0x20000184   Data           4  6050control.o(.data)
    speed_x                                  0x20000188   Data           4  6050control.o(.data)
    speed_y                                  0x2000018c   Data           4  6050control.o(.data)
    ax_zero                                  0x20000190   Data           1  6050control.o(.data)
    ay_zero                                  0x20000191   Data           1  6050control.o(.data)
    angle_z_filter                           0x20000194   Data           4  6050control.o(.data)
    pid_fl                                   0x20000198   Data          28  motor.o(.bss)
    pid_fr                                   0x200001b4   Data          28  motor.o(.bss)
    pid_bl                                   0x200001d0   Data          28  motor.o(.bss)
    pid_br                                   0x200001ec   Data          28  motor.o(.bss)
    pid_move_x                               0x20000208   Data          28  motor.o(.bss)
    pid_move_y                               0x20000224   Data          28  motor.o(.bss)
    state_ax                                 0x20000240   Data          20  6050control.o(.bss)
    state_ay                                 0x20000254   Data          20  6050control.o(.bss)
    state_gz                                 0x20000268   Data          20  6050control.o(.bss)
    state_angle_z                            0x2000027c   Data          20  6050control.o(.bss)
    pid_angle                                0x20000290   Data          32  6050control.o(.bss)
    __libspace_start                         0x200002b0   Data          96  libspace.o(.bss)
    __temporary_stack_top$libspace           0x20000310   Data           0  libspace.o(.bss)



==============================================================================

Memory Map of the image

  Image Entry point : 0x08000131

  Load Region LR_IROM1 (Base: 0x08000000, Size: 0x00002d44, Max: 0x00010000, ABSOLUTE, COMPRESSED[0x00002bf8])

    Execution Region ER_IROM1 (Exec base: 0x08000000, Load base: 0x08000000, Size: 0x00002bac, Max: 0x00010000, ABSOLUTE)

    Exec Addr    Load Addr    Size         Type   Attr      Idx    E Section Name        Object

    0x08000000   0x08000000   0x00000130   Data   RO          132    RESET               startup_stm32f10x_hd.o
    0x08000130   0x08000130   0x00000008   Code   RO         3820  * !!!main             c_w.l(__main.o)
    0x08000138   0x08000138   0x00000034   Code   RO         4103    !!!scatter          c_w.l(__scatter.o)
    0x0800016c   0x0800016c   0x0000005a   Code   RO         4101    !!dczerorl2         c_w.l(__dczerorl2.o)
    0x080001c6   0x080001c6   0x00000002   PAD
    0x080001c8   0x080001c8   0x0000001c   Code   RO         4105    !!handler_zi        c_w.l(__scatter_zi.o)
    0x080001e4   0x080001e4   0x00000002   Code   RO         3968    .ARM.Collect$$libinit$$00000000  c_w.l(libinit.o)
    0x080001e6   0x080001e6   0x00000000   Code   RO         3974    .ARM.Collect$$libinit$$00000002  c_w.l(libinit2.o)
    0x080001e6   0x080001e6   0x00000000   Code   RO         3976    .ARM.Collect$$libinit$$00000004  c_w.l(libinit2.o)
    0x080001e6   0x080001e6   0x00000000   Code   RO         3979    .ARM.Collect$$libinit$$0000000A  c_w.l(libinit2.o)
    0x080001e6   0x080001e6   0x00000000   Code   RO         3981    .ARM.Collect$$libinit$$0000000C  c_w.l(libinit2.o)
    0x080001e6   0x080001e6   0x00000000   Code   RO         3983    .ARM.Collect$$libinit$$0000000E  c_w.l(libinit2.o)
    0x080001e6   0x080001e6   0x00000000   Code   RO         3986    .ARM.Collect$$libinit$$00000011  c_w.l(libinit2.o)
    0x080001e6   0x080001e6   0x00000000   Code   RO         3988    .ARM.Collect$$libinit$$00000013  c_w.l(libinit2.o)
    0x080001e6   0x080001e6   0x00000000   Code   RO         3990    .ARM.Collect$$libinit$$00000015  c_w.l(libinit2.o)
    0x080001e6   0x080001e6   0x00000000   Code   RO         3992    .ARM.Collect$$libinit$$00000017  c_w.l(libinit2.o)
    0x080001e6   0x080001e6   0x00000000   Code   RO         3994    .ARM.Collect$$libinit$$00000019  c_w.l(libinit2.o)
    0x080001e6   0x080001e6   0x00000000   Code   RO         3996    .ARM.Collect$$libinit$$0000001B  c_w.l(libinit2.o)
    0x080001e6   0x080001e6   0x00000000   Code   RO         3998    .ARM.Collect$$libinit$$0000001D  c_w.l(libinit2.o)
    0x080001e6   0x080001e6   0x00000000   Code   RO         4000    .ARM.Collect$$libinit$$0000001F  c_w.l(libinit2.o)
    0x080001e6   0x080001e6   0x00000000   Code   RO         4002    .ARM.Collect$$libinit$$00000021  c_w.l(libinit2.o)
    0x080001e6   0x080001e6   0x00000000   Code   RO         4004    .ARM.Collect$$libinit$$00000023  c_w.l(libinit2.o)
    0x080001e6   0x080001e6   0x00000000   Code   RO         4006    .ARM.Collect$$libinit$$00000025  c_w.l(libinit2.o)
    0x080001e6   0x080001e6   0x00000000   Code   RO         4010    .ARM.Collect$$libinit$$0000002C  c_w.l(libinit2.o)
    0x080001e6   0x080001e6   0x00000000   Code   RO         4012    .ARM.Collect$$libinit$$0000002E  c_w.l(libinit2.o)
    0x080001e6   0x080001e6   0x00000000   Code   RO         4014    .ARM.Collect$$libinit$$00000030  c_w.l(libinit2.o)
    0x080001e6   0x080001e6   0x00000000   Code   RO         4016    .ARM.Collect$$libinit$$00000032  c_w.l(libinit2.o)
    0x080001e6   0x080001e6   0x00000002   Code   RO         4017    .ARM.Collect$$libinit$$00000033  c_w.l(libinit2.o)
    0x080001e8   0x080001e8   0x00000002   Code   RO         4039    .ARM.Collect$$libshutdown$$00000000  c_w.l(libshutdown.o)
    0x080001ea   0x080001ea   0x00000000   Code   RO         4052    .ARM.Collect$$libshutdown$$00000002  c_w.l(libshutdown2.o)
    0x080001ea   0x080001ea   0x00000000   Code   RO         4054    .ARM.Collect$$libshutdown$$00000004  c_w.l(libshutdown2.o)
    0x080001ea   0x080001ea   0x00000000   Code   RO         4056    .ARM.Collect$$libshutdown$$00000006  c_w.l(libshutdown2.o)
    0x080001ea   0x080001ea   0x00000000   Code   RO         4059    .ARM.Collect$$libshutdown$$00000009  c_w.l(libshutdown2.o)
    0x080001ea   0x080001ea   0x00000000   Code   RO         4062    .ARM.Collect$$libshutdown$$0000000C  c_w.l(libshutdown2.o)
    0x080001ea   0x080001ea   0x00000000   Code   RO         4064    .ARM.Collect$$libshutdown$$0000000E  c_w.l(libshutdown2.o)
    0x080001ea   0x080001ea   0x00000000   Code   RO         4067    .ARM.Collect$$libshutdown$$00000011  c_w.l(libshutdown2.o)
    0x080001ea   0x080001ea   0x00000002   Code   RO         4068    .ARM.Collect$$libshutdown$$00000012  c_w.l(libshutdown2.o)
    0x080001ec   0x080001ec   0x00000000   Code   RO         3896    .ARM.Collect$$rtentry$$00000000  c_w.l(__rtentry.o)
    0x080001ec   0x080001ec   0x00000000   Code   RO         3935    .ARM.Collect$$rtentry$$00000002  c_w.l(__rtentry2.o)
    0x080001ec   0x080001ec   0x00000006   Code   RO         3947    .ARM.Collect$$rtentry$$00000004  c_w.l(__rtentry4.o)
    0x080001f2   0x080001f2   0x00000000   Code   RO         3937    .ARM.Collect$$rtentry$$00000009  c_w.l(__rtentry2.o)
    0x080001f2   0x080001f2   0x00000004   Code   RO         3938    .ARM.Collect$$rtentry$$0000000A  c_w.l(__rtentry2.o)
    0x080001f6   0x080001f6   0x00000000   Code   RO         3940    .ARM.Collect$$rtentry$$0000000C  c_w.l(__rtentry2.o)
    0x080001f6   0x080001f6   0x00000008   Code   RO         3941    .ARM.Collect$$rtentry$$0000000D  c_w.l(__rtentry2.o)
    0x080001fe   0x080001fe   0x00000002   Code   RO         3971    .ARM.Collect$$rtexit$$00000000  c_w.l(rtexit.o)
    0x08000200   0x08000200   0x00000000   Code   RO         4021    .ARM.Collect$$rtexit$$00000002  c_w.l(rtexit2.o)
    0x08000200   0x08000200   0x00000004   Code   RO         4022    .ARM.Collect$$rtexit$$00000003  c_w.l(rtexit2.o)
    0x08000204   0x08000204   0x00000006   Code   RO         4023    .ARM.Collect$$rtexit$$00000004  c_w.l(rtexit2.o)
    0x0800020a   0x0800020a   0x00000002   PAD
    0x0800020c   0x0800020c   0x00000038   Code   RO          133    .text               startup_stm32f10x_hd.o
    0x08000244   0x08000244   0x00000006   Code   RO         3818    .text               c_w.l(heapauxi.o)
    0x0800024a   0x0800024a   0x00000002   PAD
    0x0800024c   0x0800024c   0x00000008   Code   RO         3956    .text               c_w.l(libspace.o)
    0x08000254   0x08000254   0x0000004a   Code   RO         3959    .text               c_w.l(sys_stackheap_outer.o)
    0x0800029e   0x0800029e   0x00000012   Code   RO         3961    .text               c_w.l(exit.o)
    0x080002b0   0x080002b0   0x0000000c   Code   RO         4031    .text               c_w.l(sys_exit.o)
    0x080002bc   0x080002bc   0x00000002   Code   RO         4042    .text               c_w.l(use_no_semi.o)
    0x080002be   0x080002be   0x00000000   Code   RO         4044    .text               c_w.l(indicate_semi.o)
    0x080002be   0x080002be   0x00000004   Code   RO         3263    i.BusFault_Handler  stm32f10x_it.o
    0x080002c2   0x080002c2   0x00000002   Code   RO         3264    i.DebugMon_Handler  stm32f10x_it.o
    0x080002c4   0x080002c4   0x0000002e   Code   RO         3392    i.Delay_us          delay.o
    0x080002f2   0x080002f2   0x00000116   Code   RO         1347    i.GPIO_Init         stm32f10x_gpio.o
    0x08000408   0x08000408   0x00000090   Code   RO         1349    i.GPIO_PinRemapConfig  stm32f10x_gpio.o
    0x08000498   0x08000498   0x00000012   Code   RO         1351    i.GPIO_ReadInputDataBit  stm32f10x_gpio.o
    0x080004aa   0x080004aa   0x00000004   Code   RO         1354    i.GPIO_ResetBits    stm32f10x_gpio.o
    0x080004ae   0x080004ae   0x00000004   Code   RO         1355    i.GPIO_SetBits      stm32f10x_gpio.o
    0x080004b2   0x080004b2   0x00000004   Code   RO         3265    i.HardFault_Handler  stm32f10x_it.o
    0x080004b6   0x080004b6   0x00000004   Code   RO         3266    i.MemManage_Handler  stm32f10x_it.o
    0x080004ba   0x080004ba   0x00000002   Code   RO         3267    i.NMI_Handler       stm32f10x_it.o
    0x080004bc   0x080004bc   0x00000070   Code   RO          137    i.NVIC_Init         misc.o
    0x0800052c   0x0800052c   0x00000014   Code   RO          138    i.NVIC_PriorityGroupConfig  misc.o
    0x08000540   0x08000540   0x00000002   Code   RO         3268    i.PendSV_Handler    stm32f10x_it.o
    0x08000542   0x08000542   0x00000002   PAD
    0x08000544   0x08000544   0x00000020   Code   RO         1775    i.RCC_APB1PeriphClockCmd  stm32f10x_rcc.o
    0x08000564   0x08000564   0x00000020   Code   RO         1777    i.RCC_APB2PeriphClockCmd  stm32f10x_rcc.o
    0x08000584   0x08000584   0x000000d4   Code   RO         1785    i.RCC_GetClocksFreq  stm32f10x_rcc.o
    0x08000658   0x08000658   0x00000010   Code   RO         3417    i.Read_BL_Direction  motor.o
    0x08000668   0x08000668   0x00000014   Code   RO         3418    i.Read_BR_Direction  motor.o
    0x0800067c   0x0800067c   0x00000014   Code   RO         3419    i.Read_FL_Direction  motor.o
    0x08000690   0x08000690   0x00000014   Code   RO         3420    i.Read_FR_Direction  motor.o
    0x080006a4   0x080006a4   0x00000002   Code   RO         3269    i.SVC_Handler       stm32f10x_it.o
    0x080006a6   0x080006a6   0x00000002   PAD
    0x080006a8   0x080006a8   0x000000b4   Code   RO         3583    i.Serial_Init       uart.o
    0x0800075c   0x0800075c   0x0000001a   Code   RO         3585    i.Serial_SendArray  uart.o
    0x08000776   0x08000776   0x00000002   PAD
    0x08000778   0x08000778   0x00000020   Code   RO         3586    i.Serial_SendByte   uart.o
    0x08000798   0x08000798   0x0000001c   Code   RO         3588    i.Serial_SendPacket  uart.o
    0x080007b4   0x080007b4   0x00000008   Code   RO           17    i.SetSysClock       system_stm32f10x.o
    0x080007bc   0x080007bc   0x000000e0   Code   RO           18    i.SetSysClockTo72   system_stm32f10x.o
    0x0800089c   0x0800089c   0x00000002   Code   RO         3270    i.SysTick_Handler   stm32f10x_it.o
    0x0800089e   0x0800089e   0x00000002   PAD
    0x080008a0   0x080008a0   0x00000060   Code   RO           20    i.SystemInit        system_stm32f10x.o
    0x08000900   0x08000900   0x000005c4   Code   RO         3425    i.TIM6_IRQHandler   motor.o
    0x08000ec4   0x08000ec4   0x0000007c   Code   RO         3720    i.TIM7_IRQHandler   6050control.o
    0x08000f40   0x08000f40   0x00000006   Code   RO         2416    i.TIM_ClearITPendingBit  stm32f10x_tim.o
    0x08000f46   0x08000f46   0x00000018   Code   RO         2421    i.TIM_Cmd           stm32f10x_tim.o
    0x08000f5e   0x08000f5e   0x00000006   Code   RO         2440    i.TIM_GetCounter    stm32f10x_tim.o
    0x08000f64   0x08000f64   0x00000022   Code   RO         2442    i.TIM_GetITStatus   stm32f10x_tim.o
    0x08000f86   0x08000f86   0x0000000c   Code   RO         2448    i.TIM_InternalClockConfig  stm32f10x_tim.o
    0x08000f92   0x08000f92   0x00000002   PAD
    0x08000f94   0x08000f94   0x00000098   Code   RO         2450    i.TIM_OC1Init       stm32f10x_tim.o
    0x0800102c   0x0800102c   0x000000a4   Code   RO         2455    i.TIM_OC2Init       stm32f10x_tim.o
    0x080010d0   0x080010d0   0x00000014   Code   RO         2468    i.TIM_OCStructInit  stm32f10x_tim.o
    0x080010e4   0x080010e4   0x00000004   Code   RO         2482    i.TIM_SetCompare1   stm32f10x_tim.o
    0x080010e8   0x080010e8   0x00000004   Code   RO         2483    i.TIM_SetCompare2   stm32f10x_tim.o
    0x080010ec   0x080010ec   0x00000004   Code   RO         2484    i.TIM_SetCompare3   stm32f10x_tim.o
    0x080010f0   0x080010f0   0x00000006   Code   RO         2485    i.TIM_SetCompare4   stm32f10x_tim.o
    0x080010f6   0x080010f6   0x00000004   Code   RO         2486    i.TIM_SetCounter    stm32f10x_tim.o
    0x080010fa   0x080010fa   0x00000002   PAD
    0x080010fc   0x080010fc   0x000000a4   Code   RO         2492    i.TIM_TimeBaseInit  stm32f10x_tim.o
    0x080011a0   0x080011a0   0x00000140   Code   RO         3591    i.USART2_IRQHandler  uart.o
    0x080012e0   0x080012e0   0x0000001e   Code   RO         2957    i.USART_ClearITPendingBit  stm32f10x_usart.o
    0x080012fe   0x080012fe   0x00000018   Code   RO         2960    i.USART_Cmd         stm32f10x_usart.o
    0x08001316   0x08001316   0x0000001a   Code   RO         2963    i.USART_GetFlagStatus  stm32f10x_usart.o
    0x08001330   0x08001330   0x00000054   Code   RO         2964    i.USART_GetITStatus  stm32f10x_usart.o
    0x08001384   0x08001384   0x0000004a   Code   RO         2966    i.USART_ITConfig    stm32f10x_usart.o
    0x080013ce   0x080013ce   0x00000002   PAD
    0x080013d0   0x080013d0   0x000000d8   Code   RO         2967    i.USART_Init        stm32f10x_usart.o
    0x080014a8   0x080014a8   0x0000000a   Code   RO         2974    i.USART_ReceiveData  stm32f10x_usart.o
    0x080014b2   0x080014b2   0x00000008   Code   RO         2977    i.USART_SendData    stm32f10x_usart.o
    0x080014ba   0x080014ba   0x00000004   Code   RO         3271    i.UsageFault_Handler  stm32f10x_it.o
    0x080014be   0x080014be   0x00000002   PAD
    0x080014c0   0x080014c0   0x00000020   Code   RO         3427    i.cheak_corner      motor.o
    0x080014e0   0x080014e0   0x000001a8   Code   RO         3428    i.close_to_target   motor.o
    0x08001688   0x08001688   0x00000032   Code   RO         3429    i.complementary_filter  motor.o
    0x080016ba   0x080016ba   0x00000034   Code   RO         3430    i.control_motor     motor.o
    0x080016ee   0x080016ee   0x00000014   Code   RO         3197    i.init              main.o
    0x08001702   0x08001702   0x00000002   PAD
    0x08001704   0x08001704   0x0000004c   Code   RO         3326    i.init_gray_scale_module_gpio  gpio.o
    0x08001750   0x08001750   0x00000048   Code   RO         3198    i.main              main.o
    0x08001798   0x08001798   0x000000a8   Code   RO         3327    i.motor_dir_gpio_init  gpio.o
    0x08001840   0x08001840   0x0000009c   Code   RO         3328    i.motor_dir_select  gpio.o
    0x080018dc   0x080018dc   0x0000000c   Code   RO         3435    i.motor_init        motor.o
    0x080018e8   0x080018e8   0x000000a0   Code   RO         3436    i.pid_compute       motor.o
    0x08001988   0x08001988   0x000000f4   Code   RO         3729    i.pid_compute_angle  6050control.o
    0x08001a7c   0x08001a7c   0x000000a0   Code   RO         3329    i.pwm_init          gpio.o
    0x08001b1c   0x08001b1c   0x0000004c   Code   RO         3330    i.pwm_set_duty_cycle  gpio.o
    0x08001b68   0x08001b68   0x000000f0   Code   RO         3331    i.read_gray_scale_module  gpio.o
    0x08001c58   0x08001c58   0x00000064   Code   RO         3332    i.set_angle         gpio.o
    0x08001cbc   0x08001cbc   0x000000c0   Code   RO         3333    i.set_speed         gpio.o
    0x08001d7c   0x08001d7c   0x00000074   Code   RO         3438    i.stop_the_car      motor.o
    0x08001df0   0x08001df0   0x00000062   Code   RO         3822    x$fpl$d2f           fz_ws.l(d2f.o)
    0x08001e52   0x08001e52   0x00000002   PAD
    0x08001e54   0x08001e54   0x00000150   Code   RO         3824    x$fpl$dadd          fz_ws.l(daddsub_clz.o)
    0x08001fa4   0x08001fa4   0x00000018   Code   RO         3899    x$fpl$dcmpinf       fz_ws.l(dcmpi.o)
    0x08001fbc   0x08001fbc   0x0000002e   Code   RO         3835    x$fpl$dflt          fz_ws.l(dflt_clz.o)
    0x08001fea   0x08001fea   0x00000002   PAD
    0x08001fec   0x08001fec   0x00000078   Code   RO         3840    x$fpl$dleqf         fz_ws.l(dleqf.o)
    0x08002064   0x08002064   0x00000154   Code   RO         3842    x$fpl$dmul          fz_ws.l(dmul.o)
    0x080021b8   0x080021b8   0x0000009c   Code   RO         3901    x$fpl$dnaninf       fz_ws.l(dnaninf.o)
    0x08002254   0x08002254   0x0000000c   Code   RO         3903    x$fpl$dretinf       fz_ws.l(dretinf.o)
    0x08002260   0x08002260   0x0000006c   Code   RO         3844    x$fpl$drleqf        fz_ws.l(drleqf.o)
    0x080022cc   0x080022cc   0x000001d4   Code   RO         3826    x$fpl$dsub          fz_ws.l(daddsub_clz.o)
    0x080024a0   0x080024a0   0x00000056   Code   RO         3846    x$fpl$f2d           fz_ws.l(f2d.o)
    0x080024f6   0x080024f6   0x00000002   PAD
    0x080024f8   0x080024f8   0x000000c4   Code   RO         3848    x$fpl$fadd          fz_ws.l(faddsub_clz.o)
    0x080025bc   0x080025bc   0x00000018   Code   RO         3907    x$fpl$fcmpinf       fz_ws.l(fcmpi.o)
    0x080025d4   0x080025d4   0x00000184   Code   RO         3855    x$fpl$fdiv          fz_ws.l(fdiv.o)
    0x08002758   0x08002758   0x00000036   Code   RO         3858    x$fpl$ffix          fz_ws.l(ffix.o)
    0x0800278e   0x0800278e   0x00000002   PAD
    0x08002790   0x08002790   0x0000003e   Code   RO         3862    x$fpl$ffixu         fz_ws.l(ffixu.o)
    0x080027ce   0x080027ce   0x00000002   PAD
    0x080027d0   0x080027d0   0x00000030   Code   RO         3867    x$fpl$fflt          fz_ws.l(fflt_clz.o)
    0x08002800   0x08002800   0x00000026   Code   RO         3866    x$fpl$ffltu         fz_ws.l(fflt_clz.o)
    0x08002826   0x08002826   0x00000002   PAD
    0x08002828   0x08002828   0x00000068   Code   RO         3872    x$fpl$fleqf         fz_ws.l(fleqf.o)
    0x08002890   0x08002890   0x00000102   Code   RO         3874    x$fpl$fmul          fz_ws.l(fmul.o)
    0x08002992   0x08002992   0x0000008c   Code   RO         3909    x$fpl$fnaninf       fz_ws.l(fnaninf.o)
    0x08002a1e   0x08002a1e   0x0000000a   Code   RO         3911    x$fpl$fretinf       fz_ws.l(fretinf.o)
    0x08002a28   0x08002a28   0x00000062   Code   RO         3876    x$fpl$frleqf        fz_ws.l(frleqf.o)
    0x08002a8a   0x08002a8a   0x00000014   Code   RO         3849    x$fpl$frsb          fz_ws.l(faddsub_clz.o)
    0x08002a9e   0x08002a9e   0x00000002   PAD
    0x08002aa0   0x08002aa0   0x000000ea   Code   RO         3850    x$fpl$fsub          fz_ws.l(faddsub_clz.o)
    0x08002b8a   0x08002b8a   0x00000000   Code   RO         3915    x$fpl$usenofp       fz_ws.l(usenofp.o)
    0x08002b8a   0x08002b8a   0x00000002   PAD
    0x08002b8c   0x08002b8c   0x00000020   Data   RO         4099    Region$$Table       anon$$obj.o


    Execution Region RW_IRAM1 (Exec base: 0x20000000, Load base: 0x08002bac, Size: 0x00000910, Max: 0x00005000, ABSOLUTE, COMPRESSED[0x0000004c])

    Exec Addr    Load Addr    Size         Type   Attr      Idx    E Section Name        Object

    0x20000000   COMPRESSED   0x00000014   Data   RW         1805    .data               stm32f10x_rcc.o
    0x20000014   COMPRESSED   0x00000032   Data   RW         3202    .data               main.o
    0x20000046   COMPRESSED   0x00000002   PAD
    0x20000048   COMPRESSED   0x00000008   Data   RW         3334    .data               gpio.o
    0x20000050   COMPRESSED   0x000000a4   Data   RW         3442    .data               motor.o
    0x200000f4   COMPRESSED   0x0000001e   Data   RW         3594    .data               uart.o
    0x20000112   COMPRESSED   0x00000002   PAD
    0x20000114   COMPRESSED   0x00000084   Data   RW         3731    .data               6050control.o
    0x20000198        -       0x000000a8   Zero   RW         3441    .bss                motor.o
    0x20000240        -       0x00000070   Zero   RW         3730    .bss                6050control.o
    0x200002b0        -       0x00000060   Zero   RW         3957    .bss                c_w.l(libspace.o)
    0x20000310        -       0x00000200   Zero   RW          131    HEAP                startup_stm32f10x_hd.o
    0x20000510        -       0x00000400   Zero   RW          130    STACK               startup_stm32f10x_hd.o


==============================================================================

Image component sizes


      Code (inc. data)   RO Data    RW Data    ZI Data      Debug   Object Name

       368         64          0        132        112       3672   6050control.o
         0          0          0          0          0       4540   core_cm3.o
        46          0          0          0          0        419   delay.o
      1168        112          0          8          0       5188   gpio.o
        92         20          0         50          0       3183   main.o
       132         22          0          0          0     206051   misc.o
      2398        436          0        164        168      10983   motor.o
        56         22        304          0       1536        776   startup_stm32f10x_hd.o
         0          0          0          0          0       1640   stm32f10x_adc.o
       448          6          0          0          0      12458   stm32f10x_gpio.o
        26          0          0          0          0       3566   stm32f10x_it.o
       276         32          0         20          0      12854   stm32f10x_rcc.o
       604         72          0          0          0      28138   stm32f10x_tim.o
       472          6          0          0          0      12295   stm32f10x_usart.o
       328         28          0          0          0      45065   system_stm32f10x.o
       586         52          0         30          0       4109   uart.o

    ----------------------------------------------------------------------
      7018        872        336        408       1816     354937   Object Totals
         0          0         32          0          0          0   (incl. Generated)
        18          0          0          4          0          0   (incl. Padding)

    ----------------------------------------------------------------------

      Code (inc. data)   RO Data    RW Data    ZI Data      Debug   Library Member Name

        90          0          0          0          0          0   __dczerorl2.o
         8          0          0          0          0         68   __main.o
         0          0          0          0          0          0   __rtentry.o
        12          0          0          0          0          0   __rtentry2.o
         6          0          0          0          0          0   __rtentry4.o
        52          8          0          0          0          0   __scatter.o
        28          0          0          0          0          0   __scatter_zi.o
        18          0          0          0          0         80   exit.o
         6          0          0          0          0        152   heapauxi.o
         0          0          0          0          0          0   indicate_semi.o
         2          0          0          0          0          0   libinit.o
         2          0          0          0          0          0   libinit2.o
         2          0          0          0          0          0   libshutdown.o
         2          0          0          0          0          0   libshutdown2.o
         8          4          0          0         96         68   libspace.o
         2          0          0          0          0          0   rtexit.o
        10          0          0          0          0          0   rtexit2.o
        12          4          0          0          0         68   sys_exit.o
        74          0          0          0          0         80   sys_stackheap_outer.o
         2          0          0          0          0         68   use_no_semi.o
        98          4          0          0          0         92   d2f.o
       804         16          0          0          0        272   daddsub_clz.o
        24          0          0          0          0         68   dcmpi.o
        46          0          0          0          0         68   dflt_clz.o
       120          4          0          0          0         92   dleqf.o
       340         12          0          0          0        104   dmul.o
       156          4          0          0          0         92   dnaninf.o
        12          0          0          0          0         68   dretinf.o
       108          0          0          0          0         80   drleqf.o
        86          4          0          0          0         84   f2d.o
       450          8          0          0          0        236   faddsub_clz.o
        24          0          0          0          0         68   fcmpi.o
       388         76          0          0          0         96   fdiv.o
        54          4          0          0          0         84   ffix.o
        62          4          0          0          0         84   ffixu.o
        86          0          0          0          0        136   fflt_clz.o
       104          4          0          0          0         84   fleqf.o
       258          4          0          0          0         84   fmul.o
       140          4          0          0          0         84   fnaninf.o
        10          0          0          0          0         68   fretinf.o
        98          0          0          0          0         68   frleqf.o
         0          0          0          0          0          0   usenofp.o

    ----------------------------------------------------------------------
      3826        164          0          0         96       2696   Library Totals
        22          0          0          0          0          0   (incl. Padding)

    ----------------------------------------------------------------------

      Code (inc. data)   RO Data    RW Data    ZI Data      Debug   Library Name

       336         16          0          0         96        584   c_w.l
      3468        148          0          0          0       2112   fz_ws.l

    ----------------------------------------------------------------------
      3826        164          0          0         96       2696   Library Totals

    ----------------------------------------------------------------------

==============================================================================


      Code (inc. data)   RO Data    RW Data    ZI Data      Debug   

     10844       1036        336        408       1912     352533   Grand Totals
     10844       1036        336         76       1912     352533   ELF Image Totals (compressed)
     10844       1036        336         76          0          0   ROM Totals

==============================================================================

    Total RO  Size (Code + RO Data)                11180 (  10.92kB)
    Total RW  Size (RW Data + ZI Data)              2320 (   2.27kB)
    Total ROM Size (Code + RO Data + RW Data)      11256 (  10.99kB)

==============================================================================

