<html>
<body>
<pre>
<h1>µVision Build Log</h1>
<h2>Tool Versions:</h2>
IDE-Version: ¦ÌVision V5.38.0.0
Copyright (C) 2022 ARM Ltd and ARM Germany GmbH. All rights reserved.
License Information: 1 1469259223@qq.com, 1, LIC=FYKYW-Q2ITB-302NC-7YLQV-J2CWN-LWLAG
 
Tool Versions:
Toolchain:       MDK-ARM Plus  Version: 5.38.0.0
Toolchain Path:  E:\keil_v5\ARM\ARMCC\Bin
C Compiler:      Armcc.exe V5.06 update 7 (build 960)
Assembler:       Armasm.exe V5.06 update 7 (build 960)
Linker/Locator:  ArmLink.exe V5.06 update 7 (build 960)
Library Manager: ArmAr.exe V5.06 update 7 (build 960)
Hex Converter:   FromElf.exe V5.06 update 7 (build 960)
CPU DLL:         SARMCM3.DLL V5.38.0.0
Dialog DLL:      DCM.DLL V1.17.5.0
Target DLL:      CMSIS_AGDI.dll V1.33.15.0
Dialog DLL:      TCM.DLL V1.56.4.0
 
<h2>Project:</h2>
E:\robot\project\2023_E_group\main_RET6\Project.uvprojx
Project File Date:  08/04/2023

<h2>Output:</h2>
*** Using Compiler 'V5.06 update 7 (build 960)', folder: 'E:\keil_v5\ARM\ARMCC\Bin'
Build target 'Target 1'
compiling GPIO.c...
compiling main.c...
compiling 6050control.c...
compiling motor.c...
linking...
Program Size: Code=10844 RO-data=336 RW-data=408 ZI-data=1912  
".\Objects\Project.axf" - 0 Error(s), 0 Warning(s).

<h2>Software Packages used:</h2>

Package Vendor: Keil
                http://www.keil.com/pack/Keil.CS32F1xx_DFP.1.0.0.pack
                Keil.CS32F1xx_DFP.1.0.0
                CKS CS32F1 Series Device Support, Drivers

<h2>Collection of Component include folders:</h2>
  E:/keil_v5/Packs/Keil/CS32F1xx_DFP/1.0.0/Device/Include

<h2>Collection of Component Files used:</h2>
Build Time Elapsed:  00:00:01
</pre>
</body>
</html>
